Archive member included to satisfy reference by file (symbol)

C:/Users/S4MPA10/.pico-sdk/toolchain/13_2_Rel1/bin/../lib/gcc/arm-none-eabi/13.2.1/thumb/v6-m/nofp\libgcc.a(_dvmd_tls.o)
                              CMakeFiles/picow_http_client.dir/C_/Users/S4MPA10/.pico-sdk/sdk/1.5.1/src/rp2_common/pico_divider/divider.S.obj (__aeabi_idiv0)
C:/Users/S4MPA10/.pico-sdk/toolchain/13_2_Rel1/bin/../lib/gcc/arm-none-eabi/13.2.1/thumb/v6-m/nofp\libc.a(libc_a-atoi.o)
                              CMakeFiles/picow_http_client.dir/C_/Users/S4MPA10/.pico-sdk/sdk/1.5.1/lib/lwip/src/core/netif.c.obj (atoi)
C:/Users/S4MPA10/.pico-sdk/toolchain/13_2_Rel1/bin/../lib/gcc/arm-none-eabi/13.2.1/thumb/v6-m/nofp\libc.a(libc_a-calloc.o)
                              CMakeFiles/picow_http_client.dir/C_/Users/S4MPA10/.pico-sdk/sdk/1.5.1/src/rp2_common/pico_malloc/pico_malloc.c.obj (calloc)
C:/Users/S4MPA10/.pico-sdk/toolchain/13_2_Rel1/bin/../lib/gcc/arm-none-eabi/13.2.1/thumb/v6-m/nofp\libc.a(libc_a-callocr.o)
                              C:/Users/S4MPA10/.pico-sdk/toolchain/13_2_Rel1/bin/../lib/gcc/arm-none-eabi/13.2.1/thumb/v6-m/nofp\libc.a(libc_a-calloc.o) (_calloc_r)
C:/Users/S4MPA10/.pico-sdk/toolchain/13_2_Rel1/bin/../lib/gcc/arm-none-eabi/13.2.1/thumb/v6-m/nofp\libc.a(libc_a-malloc.o)
                              CMakeFiles/picow_http_client.dir/C_/Users/S4MPA10/.pico-sdk/sdk/1.5.1/src/rp2_common/pico_malloc/pico_malloc.c.obj (malloc)
C:/Users/S4MPA10/.pico-sdk/toolchain/13_2_Rel1/bin/../lib/gcc/arm-none-eabi/13.2.1/thumb/v6-m/nofp\libc.a(libc_a-mallocr.o)
                              C:/Users/S4MPA10/.pico-sdk/toolchain/13_2_Rel1/bin/../lib/gcc/arm-none-eabi/13.2.1/thumb/v6-m/nofp\libc.a(libc_a-callocr.o) (_malloc_r)
C:/Users/S4MPA10/.pico-sdk/toolchain/13_2_Rel1/bin/../lib/gcc/arm-none-eabi/13.2.1/thumb/v6-m/nofp\libc.a(libc_a-mlock.o)
                              C:/Users/S4MPA10/.pico-sdk/toolchain/13_2_Rel1/bin/../lib/gcc/arm-none-eabi/13.2.1/thumb/v6-m/nofp\libc.a(libc_a-mallocr.o) (__malloc_lock)
C:/Users/S4MPA10/.pico-sdk/toolchain/13_2_Rel1/bin/../lib/gcc/arm-none-eabi/13.2.1/thumb/v6-m/nofp\libc.a(libc_a-realloc.o)
                              CMakeFiles/picow_http_client.dir/C_/Users/S4MPA10/.pico-sdk/sdk/1.5.1/src/rp2_common/pico_malloc/pico_malloc.c.obj (realloc)
C:/Users/S4MPA10/.pico-sdk/toolchain/13_2_Rel1/bin/../lib/gcc/arm-none-eabi/13.2.1/thumb/v6-m/nofp\libc.a(libc_a-reallocr.o)
                              C:/Users/S4MPA10/.pico-sdk/toolchain/13_2_Rel1/bin/../lib/gcc/arm-none-eabi/13.2.1/thumb/v6-m/nofp\libc.a(libc_a-realloc.o) (_realloc_r)
C:/Users/S4MPA10/.pico-sdk/toolchain/13_2_Rel1/bin/../lib/gcc/arm-none-eabi/13.2.1/thumb/v6-m/nofp\libc.a(libc_a-strtol.o)
                              C:/Users/S4MPA10/.pico-sdk/toolchain/13_2_Rel1/bin/../lib/gcc/arm-none-eabi/13.2.1/thumb/v6-m/nofp\libc.a(libc_a-atoi.o) (_strtol_r)
C:/Users/S4MPA10/.pico-sdk/toolchain/13_2_Rel1/bin/../lib/gcc/arm-none-eabi/13.2.1/thumb/v6-m/nofp\libc.a(libc_a-ctype_.o)
                              CMakeFiles/picow_http_client.dir/C_/Users/S4MPA10/.pico-sdk/sdk/1.5.1/lib/lwip/src/core/dns.c.obj (_ctype_)
C:/Users/S4MPA10/.pico-sdk/toolchain/13_2_Rel1/bin/../lib/gcc/arm-none-eabi/13.2.1/thumb/v6-m/nofp\libc.a(libc_a-memcmp.o)
                              CMakeFiles/picow_http_client.dir/C_/Users/S4MPA10/.pico-sdk/sdk/1.5.1/lib/lwip/src/netif/ethernet.c.obj (memcmp)
C:/Users/S4MPA10/.pico-sdk/toolchain/13_2_Rel1/bin/../lib/gcc/arm-none-eabi/13.2.1/thumb/v6-m/nofp\libc.a(libc_a-memmove.o)
                              CMakeFiles/picow_http_client.dir/C_/Users/S4MPA10/.pico-sdk/sdk/1.5.1/lib/lwip/src/core/def.c.obj (memmove)
C:/Users/S4MPA10/.pico-sdk/toolchain/13_2_Rel1/bin/../lib/gcc/arm-none-eabi/13.2.1/thumb/v6-m/nofp\libc.a(libc_a-strchr.o)
                              CMakeFiles/picow_http_client.dir/C_/Users/S4MPA10/.pico-sdk/sdk/1.5.1/lib/lwip/src/apps/http/httpd.c.obj (strchr)
C:/Users/S4MPA10/.pico-sdk/toolchain/13_2_Rel1/bin/../lib/gcc/arm-none-eabi/13.2.1/thumb/v6-m/nofp\libc.a(libc_a-strncmp.o)
                              CMakeFiles/picow_http_client.dir/C_/Users/S4MPA10/.pico-sdk/sdk/1.5.1/lib/lwip/src/core/def.c.obj (strncmp)
C:/Users/S4MPA10/.pico-sdk/toolchain/13_2_Rel1/bin/../lib/gcc/arm-none-eabi/13.2.1/thumb/v6-m/nofp\libc.a(libc_a-strstr.o)
                              CMakeFiles/picow_http_client.dir/C_/Users/S4MPA10/.pico-sdk/sdk/1.5.1/lib/mbedtls/library/pem.c.obj (strstr)
C:/Users/S4MPA10/.pico-sdk/toolchain/13_2_Rel1/bin/../lib/gcc/arm-none-eabi/13.2.1/thumb/v6-m/nofp\libc.a(libc_a-time.o)
                              CMakeFiles/picow_http_client.dir/C_/Users/S4MPA10/.pico-sdk/sdk/1.5.1/lib/mbedtls/library/ssl_cli.c.obj (time)
C:/Users/S4MPA10/.pico-sdk/toolchain/13_2_Rel1/bin/../lib/gcc/arm-none-eabi/13.2.1/thumb/v6-m/nofp\libc.a(libc_a-impure.o)
[...]
Memory Configuration

Name             Origin             Length             Attributes
FLASH            0x10000000         0x00200000         xr
RAM              0x20000000         0x00040000         xrw
SCRATCH_X        0x20040000         0x00001000         xrw
SCRATCH_Y        0x20041000         0x00001000         xrw
*default*        0x00000000         0xffffffff

Linker script and memory map

LOAD C:/Users/S4MPA10/.pico-sdk/toolchain/13_2_Rel1/bin/../lib/gcc/arm-none-eabi/13.2.1/thumb/v6-m/nofp/crti.o
LOAD C:/Users/S4MPA10/.pico-sdk/toolchain/13_2_Rel1/bin/../lib/gcc/arm-none-eabi/13.2.1/thumb/v6-m/nofp/crtbegin.o
LOAD C:/Users/S4MPA10/.pico-sdk/toolchain/13_2_Rel1/bin/../lib/gcc/arm-none-eabi/13.2.1/thumb/v6-m/nofp/crt0.o

.flash_begin    0x10000000        0x0
                0x10000000                        __flash_binary_start = .

.boot2          0x10000000      0x100
                0x10000000                        __boot2_start__ = .
 *(.boot2)
 .boot2         0x10000000      0x100 C:\Users\S4MPA10\AppData\Local\Temp\ccCKGqf1.o
                0x10000100                        __boot2_end__ = .
                0x00000001                        ASSERT (((__boot2_end__ - __boot2_start__) == 0x100), ERROR: Pico second stage bootloader must be 256 bytes in size)

.text           0x10000100    0x32ae0
                0x10000100                        __logical_binary_start = .
 *(.vectors)
 .vectors       0x10000100       0xd4 CMakeFiles/picow_http_client.dir/C_/Users/S4MPA10/.pico-sdk/sdk/1.5.1/src/rp2_common/pico_standard_link/crt0.S.obj
                0x10000100                __VECTOR_TABLE
                0x10000100                __vectors
                0x100001c0                isr_invalid
                0x100001c0                __default_isrs_start
                0x100001c2                isr_nmi
                0x100001c4                isr_hardfault
                0x100001c6                isr_svcall
                0x100001c8                isr_pendsv
                0x100001ca                isr_systick
                0x100001cc                isr_irq23
                0x100001cc                isr_irq18
                0x100001cc                isr_irq11
                0x100001cc                isr_irq28
                0x100001cc                isr_irq19
                0x100001cc                isr_irq0
                0x100001cc                isr_irq6
                0x100001cc                isr_irq5
                0x100001cc                isr_irq12
                0x100001cc                isr_irq22
                0x100001cc                isr_irq31
                0x100001cc                isr_irq17
                0x100001cc                isr_irq27
                0x100001cc                isr_irq30
                0x100001cc                isr_irq2
                0x100001cc                isr_irq10
                0x100001cc                isr_irq8
                0x100001cc                isr_irq24
                0x100001cc                isr_irq1
                0x100001cc                isr_irq7
                0x100001cc                isr_irq21
                0x100001cc                isr_irq20
                0x100001cc                isr_irq15
                0x100001cc                isr_irq25
                0x100001cc                isr_irq13
                0x100001cc                __unhandled_user_irq
                0x100001cc                isr_irq4
                0x100001cc                isr_irq16
                0x100001cc                isr_irq29
                0x100001cc                isr_irq26
                0x100001cc                __default_isrs_end
                0x100001cc                isr_irq3
                0x100001cc                isr_irq14
                0x100001cc                isr_irq9
                0x100001d2                unhandled_user_irq_num_in_r0
 *(.binary_info_header)
 .binary_info_header
                0x100001d4       0x14 CMakeFiles/picow_http_client.dir/C_/Users/S4MPA10/.pico-sdk/sdk/1.5.1/src/rp2_common/pico_standard_link/crt0.S.obj
                0x100001e8                        __binary_info_header_end = .
 *(.reset)
 .reset         0x100001e8       0xa0 CMakeFiles/picow_http_client.dir/C_/Users/S4MPA10/.pico-sdk/sdk/1.5.1/src/rp2_common/pico_standard_link/crt0.S.obj
                0x100001e8                _entry_point
 .reset         0x10000288       0x30 CMakeFiles/picow_http_client.dir/C_/Users/S4MPA10/.pico-sdk/sdk/1.5.1/src/rp2_common/pico_standard_link/binary_info.c.obj
 *(.init)
 .init          0x100002b8        0x4 C:/Users/S4MPA10/.pico-sdk/toolchain/13_2_Rel1/bin/../lib/gcc/arm-none-eabi/13.2.1/thumb/v6-m/nofp/crti.o
                0x100002b8                _init
 *(EXCLUDE_FILE(*libm.a: *libc.a:*lib_a-mem*.o *libgcc.a:) .text*)
 .text.register_tm_clones
                0x100002bc       0x28 C:/Users/S4MPA10/.pico-sdk/toolchain/13_2_Rel1/bin/../lib/gcc/arm-none-eabi/13.2.1/thumb/v6-m/nofp/crtbegin.o
 .text.frame_dummy
                0x100002e4       0x24 C:/Users/S4MPA10/.pico-sdk/toolchain/13_2_Rel1/bin/../lib/gcc/arm-none-eabi/13.2.1/thumb/v6-m/nofp/crtbegin.o
 .text.setup_init_button
                0x10000308       0x30 CMakeFiles/picow_http_client.dir/picow_http_client.c.obj
                0x10000308                setup_init_button
 .text.startup.main
                0x10000338      0x45c CMakeFiles/picow_http_client.dir/picow_http_client.c.obj
                0x10000338                main
 .text.gpio_set_function
                0x10000794       0x30 CMakeFiles/picow_http_client.dir/C_/Users/S4MPA10/.pico-sdk/sdk/1.5.1/src/rp2_common/hardware_gpio/gpio.c.obj
                0x10000794                gpio_set_function
 .text.gpio_set_pulls
                0x100007c4       0x24 CMakeFiles/picow_http_client.dir/C_/Users/S4MPA10/.pico-sdk/sdk/1.5.1/src/rp2_common/hardware_gpio/gpio.c.obj
                0x100007c4                gpio_set_pulls
 .text.gpio_set_input_hysteresis_enabled
                0x100007e8       0x28 CMakeFiles/picow_http_client.dir/C_/Users/S4MPA10/.pico-sdk/sdk/1.5.1/src/rp2_common/hardware_gpio/gpio.c.obj
                0x100007e8                gpio_set_input_hysteresis_enabled
 .text.gpio_set_irq_enabled
                0x10000810       0x54 CMakeFiles/picow_http_client.dir/C_/Users/S4MPA10/.pico-sdk/sdk/1.5.1/src/rp2_common/hardware_gpio/gpio.c.obj
                0x10000810                gpio_set_irq_enabled
 .text.gpio_add_raw_irq_handler_with_order_priority_masked
                0x10000864       0x44 CMakeFiles/picow_http_client.dir/C_/Users/S4MPA10/.pico-sdk/sdk/1.5.1/src/rp2_common/hardware_gpio/gpio.c.obj
                0x10000864                gpio_add_raw_irq_handler_with_order_priority_masked
 .text.gpio_remove_raw_irq_handler_masked
                0x100008a8       0x20 CMakeFiles/picow_http_client.dir/C_/Users/S4MPA10/.pico-sdk/sdk/1.5.1/src/rp2_common/hardware_gpio/gpio.c.obj
                0x100008a8                gpio_remove_raw_irq_handler_masked
 .text.gpio_init
                0x100008c8       0x3c CMakeFiles/picow_http_client.dir/C_/Users/S4MPA10/.pico-sdk/sdk/1.5.1/src/rp2_common/hardware_gpio/gpio.c.obj
                0x100008c8                gpio_init
 .text.running_on_fpga
                0x10000904       0x10 CMakeFiles/picow_http_client.dir/C_/Users/S4MPA10/.pico-sdk/sdk/1.5.1/src/rp2_common/pico_platform/platform.c.obj
                0x10000904                running_on_fpga
 .text.hw_claim_lock
                0x10000914       0x18 CMakeFiles/picow_http_client.dir/C_/Users/S4MPA10/.pico-sdk/sdk/1.5.1/src/rp2_common/hardware_claim/claim.c.obj
                0x10000914                hw_claim_lock
 .text.hw_claim_unlock
                0x1000092c       0x14 CMakeFiles/picow_http_client.dir/C_/Users/S4MPA10/.pico-sdk/sdk/1.5.1/src/rp2_common/hardware_claim/claim.c.obj
                0x1000092c                hw_claim_unlock
 .text.hw_claim_or_assert
                0x10000940       0x44 CMakeFiles/picow_http_client.dir/C_/Users/S4MPA10/.pico-sdk/sdk/1.5.1/src/rp2_common/hardware_claim/claim.c.obj
                0x10000940                hw_claim_or_assert
 .text.hw_claim_unused_from_range
                0x10000984       0x9c CMakeFiles/picow_http_client.dir/C_/Users/S4MPA10/.pico-sdk/sdk/1.5.1/src/rp2_common/hardware_claim/claim.c.obj
                0x10000984                hw_claim_unused_from_range
 .text.hw_claim_clear
                0x10000a20       0x38 CMakeFiles/picow_http_client.dir/C_/Users/S4MPA10/.pico-sdk/sdk/1.5.1/src/rp2_common/hardware_claim/claim.c.obj
                0x10000a20                hw_claim_clear
 .text.spin_locks_reset
                0x10000a58       0x1c CMakeFiles/picow_http_client.dir/C_/Users/S4MPA10/.pico-sdk/sdk/1.5.1/src/rp2_common/hardware_sync/sync.c.obj
                0x10000a58                spin_locks_reset
 .text.next_striped_spin_lock_num
                0x10000a74       0x18 CMakeFiles/picow_http_client.dir/C_/Users/S4MPA10/.pico-sdk/sdk/1.5.1/src/rp2_common/hardware_sync/sync.c.obj
                0x10000a74                next_striped_spin_lock_num
 .text.spin_lock_claim_unused
                0x10000a8c       0x24 CMakeFiles/picow_http_client.dir/C_/Users/S4MPA10/.pico-sdk/sdk/1.5.1/src/rp2_common/hardware_sync/sync.c.obj
                0x10000a8c                spin_lock_claim_unused
 .text.irq_set_enabled
                0x10000ab0       0x24 CMakeFiles/picow_http_client.dir/C_/Users/S4MPA10/.pico-sdk/sdk/1.5.1/src/rp2_common/hardware_irq/irq.c.obj
                0x10000ab0                irq_set_enabled
 .text.irq_set_pending
                0x10000ad4       0x10 CMakeFiles/picow_http_client.dir/C_/Users/S4MPA10/.pico-sdk/sdk/1.5.1/src/rp2_common/hardware_irq/irq.c.obj
                0x10000ad4                irq_set_pending
 .text.irq_has_shared_handler
                0x10000ae4       0x2c CMakeFiles/picow_http_client.dir/C_/Users/S4MPA10/.pico-sdk/sdk/1.5.1/src/rp2_common/hardware_irq/irq.c.obj
                0x10000ae4                irq_has_shared_handler
 .text.irq_get_vtable_handler
                0x10000b10       0x10 CMakeFiles/picow_http_client.dir/C_/Users/S4MPA10/.pico-sdk/sdk/1.5.1/src/rp2_common/hardware_irq/irq.c.obj
                0x10000b10                irq_get_vtable_handler
 .text.irq_set_exclusive_handler
                0x10000b20       0x54 CMakeFiles/picow_http_client.dir/C_/Users/S4MPA10/.pico-sdk/sdk/1.5.1/src/rp2_common/hardware_irq/irq.c.obj
                0x10000b20                irq_set_exclusive_handler
 .text.irq_add_shared_handler
                0x10000b74      0x1f4 CMakeFiles/picow_http_client.dir/C_/Users/S4MPA10/.pico-sdk/sdk/1.5.1/src/rp2_common/hardware_irq/irq.c.obj
                0x10000b74                irq_add_shared_handler
 .text.irq_remove_handler
                0x10000d68      0x1c4 CMakeFiles/picow_http_client.dir/C_/Users/S4MPA10/.pico-sdk/sdk/1.5.1/src/rp2_common/hardware_irq/irq.c.obj
                0x10000d68                irq_remove_handler
 .text.irq_set_priority
                0x10000f2c       0x28 CMakeFiles/picow_http_client.dir/C_/Users/S4MPA10/.pico-sdk/sdk/1.5.1/src/rp2_common/hardware_irq/irq.c.obj
                0x10000f2c                irq_set_priority
 .text.irq_add_tail_to_free_list
                0x10000f54       0xb4 CMakeFiles/picow_http_client.dir/C_/Users/S4MPA10/.pico-sdk/sdk/1.5.1/src/rp2_common/hardware_irq/irq.c.obj
                0x10000f54                irq_add_tail_to_free_list
 .text.irq_init_priorities
                0x10001008       0x24 CMakeFiles/picow_http_client.dir/C_/Users/S4MPA10/.pico-sdk/sdk/1.5.1/src/rp2_common/hardware_irq/irq.c.obj
                0x10001008                irq_init_priorities
 .text.user_irq_unclaim
                0x1000102c       0x14 CMakeFiles/picow_http_client.dir/C_/Users/S4MPA10/.pico-sdk/sdk/1.5.1/src/rp2_common/hardware_irq/irq.c.obj
                0x1000102c                user_irq_unclaim
 .text.user_irq_claim_unused
                0x10001040       0x2c CMakeFiles/picow_http_client.dir/C_/Users/S4MPA10/.pico-sdk/sdk/1.5.1/src/rp2_common/hardware_irq/irq.c.obj
                0x10001040                user_irq_claim_unused
 .text.sem_init
                0x1000106c       0x20 CMakeFiles/picow_http_client.dir/C_/Users/S4MPA10/.pico-sdk/sdk/1.5.1/src/common/pico_sync/sem.c.obj
                0x1000106c                sem_init
 .text.lock_init
                0x1000108c       0x10 CMakeFiles/picow_http_client.dir/C_/Users/S4MPA10/.pico-sdk/sdk/1.5.1/src/common/pico_sync/lock_core.c.obj
                0x1000108c                lock_init
 .text.mutex_init
                0x1000109c       0x1c CMakeFiles/picow_http_client.dir/C_/Users/S4MPA10/.pico-sdk/sdk/1.5.1/src/common/pico_sync/mutex.c.obj
                0x1000109c                mutex_init
 .text.recursive_mutex_init
                0x100010b8       0x1c CMakeFiles/picow_http_client.dir/C_/Users/S4MPA10/.pico-sdk/sdk/1.5.1/src/common/pico_sync/mutex.c.obj
                0x100010b8                recursive_mutex_init
 .text.critical_section_init
                0x100010d4       0x1c CMakeFiles/picow_http_client.dir/C_/Users/S4MPA10/.pico-sdk/sdk/1.5.1/src/common/pico_sync/critical_section.c.obj
                0x100010d4                critical_section_init
 .text.critical_section_init_with_lock_num
                0x100010f0       0x14 CMakeFiles/picow_http_client.dir/C_/Users/S4MPA10/.pico-sdk/sdk/1.5.1/src/common/pico_sync/critical_section.c.obj
                0x100010f0                critical_section_init_with_lock_num
 .text.timer_pool_entry_comparator
                0x10001104       0x34 CMakeFiles/picow_http_client.dir/C_/Users/S4MPA10/.pico-sdk/sdk/1.5.1/src/common/pico_time/time.c.obj
                0x10001104                timer_pool_entry_comparator
 .text.sleep_until_callback
                0x10001138       0x30 CMakeFiles/picow_http_client.dir/C_/Users/S4MPA10/.pico-sdk/sdk/1.5.1/src/common/pico_time/time.c.obj
 .text.add_alarm_under_lock.isra.0
                0x10001168      0x100 CMakeFiles/picow_http_client.dir/C_/Users/S4MPA10/.pico-sdk/sdk/1.5.1/src/common/pico_time/time.c.obj
 .text.alarm_pool_alarm_callback
                0x10001268      0x1c0 CMakeFiles/picow_http_client.dir/C_/Users/S4MPA10/.pico-sdk/sdk/1.5.1/src/common/pico_time/time.c.obj
 .text.alarm_pool_init_default
                0x10001428       0x6c CMakeFiles/picow_http_client.dir/C_/Users/S4MPA10/.pico-sdk/sdk/1.5.1/src/common/pico_time/time.c.obj
                0x10001428                alarm_pool_init_default
 .text.alarm_pool_get_default
                0x10001494        0x8 CMakeFiles/picow_http_client.dir/C_/Users/S4MPA10/.pico-sdk/sdk/1.5.1/src/common/pico_time/time.c.obj
                0x10001494                alarm_pool_get_default
 .text.alarm_pool_add_alarm_at
                0x1000149c      0x17c CMakeFiles/picow_http_client.dir/C_/Users/S4MPA10/.pico-sdk/sdk/1.5.1/src/common/pico_time/time.c.obj
                0x1000149c                alarm_pool_add_alarm_at
 .text.alarm_pool_cancel_alarm
                0x10001618       0x70 CMakeFiles/picow_http_client.dir/C_/Users/S4MPA10/.pico-sdk/sdk/1.5.1/src/common/pico_time/time.c.obj
                0x10001618                alarm_pool_cancel_alarm
 .text.alarm_pool_core_num
                0x10001688        0x4 CMakeFiles/picow_http_client.dir/C_/Users/S4MPA10/.pico-sdk/sdk/1.5.1/src/common/pico_time/time.c.obj
                0x10001688                alarm_pool_core_num
 .text.sleep_until
                0x1000168c       0xc4 CMakeFiles/picow_http_client.dir/C_/Users/S4MPA10/.pico-sdk/sdk/1.5.1/src/common/pico_time/time.c.obj
                0x1000168c                sleep_until
 .text.sleep_ms
                0x10001750       0x38 CMakeFiles/picow_http_client.dir/C_/Users/S4MPA10/.pico-sdk/sdk/1.5.1/src/common/pico_time/time.c.obj
                0x10001750                sleep_ms
 .text.best_effort_wfe_or_timeout
                0x10001788       0xcc CMakeFiles/picow_http_client.dir/C_/Users/S4MPA10/.pico-sdk/sdk/1.5.1/src/common/pico_time/time.c.obj
                0x10001788                best_effort_wfe_or_timeout
 .text.hardware_alarm_irq_handler
                0x10001854       0xbc CMakeFiles/picow_http_client.dir/C_/Users/S4MPA10/.pico-sdk/sdk/1.5.1/src/rp2_common/hardware_timer/timer.c.obj
 .text.hardware_alarm_claim
                0x10001910       0x18 CMakeFiles/picow_http_client.dir/C_/Users/S4MPA10/.pico-sdk/sdk/1.5.1/src/rp2_common/hardware_timer/timer.c.obj
                0x10001910                hardware_alarm_claim
 .text.time_us_64
                0x10001928       0x14 CMakeFiles/picow_http_client.dir/C_/Users/S4MPA10/.pico-sdk/sdk/1.5.1/src/rp2_common/hardware_timer/timer.c.obj
                0x10001928                time_us_64
 .text.busy_wait_until
                0x1000193c       0x20 CMakeFiles/picow_http_client.dir/C_/Users/S4MPA10/.pico-sdk/sdk/1.5.1/src/rp2_common/hardware_timer/timer.c.obj
                0x1000193c                busy_wait_until
 .text.hardware_alarm_set_callback
                0x1000195c       0x8c CMakeFiles/picow_http_client.dir/C_/Users/S4MPA10/.pico-sdk/sdk/1.5.1/src/rp2_common/hardware_timer/timer.c.obj
                0x1000195c                hardware_alarm_set_callback
 .text.hardware_alarm_set_target
                0x100019e8       0xd0 CMakeFiles/picow_http_client.dir/C_/Users/S4MPA10/.pico-sdk/sdk/1.5.1/src/rp2_common/hardware_timer/timer.c.obj
                0x100019e8                hardware_alarm_set_target
 .text.hardware_alarm_cancel
                0x10001ab8       0x3c CMakeFiles/picow_http_client.dir/C_/Users/S4MPA10/.pico-sdk/sdk/1.5.1/src/rp2_common/hardware_timer/timer.c.obj
                0x10001ab8                hardware_alarm_cancel
 .text.ph_merge_nodes
                0x10001af4       0x58 CMakeFiles/picow_http_client.dir/C_/Users/S4MPA10/.pico-sdk/sdk/1.5.1/src/common/pico_util/pheap.c.obj
 .text.ph_post_alloc_init
                0x10001b4c       0x3c CMakeFiles/picow_http_client.dir/C_/Users/S4MPA10/.pico-sdk/sdk/1.5.1/src/common/pico_util/pheap.c.obj
                0x10001b4c                ph_post_alloc_init
 .text.ph_merge_two_pass
                0x10001b88       0x8c CMakeFiles/picow_http_client.dir/C_/Users/S4MPA10/.pico-sdk/sdk/1.5.1/src/common/pico_util/pheap.c.obj
                0x10001b88                ph_merge_two_pass
 .text.ph_remove_any_head
                0x10001c14      0x100 CMakeFiles/picow_http_client.dir/C_/Users/S4MPA10/.pico-sdk/sdk/1.5.1/src/common/pico_util/pheap.c.obj
 .text.ph_remove_head
                0x10001d14      0x104 CMakeFiles/picow_http_client.dir/C_/Users/S4MPA10/.pico-sdk/sdk/1.5.1/src/common/pico_util/pheap.c.obj
                0x10001d14                ph_remove_head
 .text.ph_remove_and_free_node
                0x10001e18       0x78 CMakeFiles/picow_http_client.dir/C_/Users/S4MPA10/.pico-sdk/sdk/1.5.1/src/common/pico_util/pheap.c.obj
                0x10001e18                ph_remove_and_free_node
 .text.clocks_init
                0x10001e90      0x2c8 CMakeFiles/picow_http_client.dir/C_/Users/S4MPA10/.pico-sdk/sdk/1.5.1/src/rp2_common/hardware_clocks/clocks.c.obj
                0x10001e90                clocks_init
 .text.clock_get_hz
                0x10002158        0xc CMakeFiles/picow_http_client.dir/C_/Users/S4MPA10/.pico-sdk/sdk/1.5.1/src/rp2_common/hardware_clocks/clocks.c.obj
                0x10002158                clock_get_hz
 .text.pll_init
                0x10002164       0xa4 CMakeFiles/picow_http_client.dir/C_/Users/S4MPA10/.pico-sdk/sdk/1.5.1/src/rp2_common/hardware_pll/pll.c.obj
                0x10002164                pll_init
 .text.watchdog_start_tick
                0x10002208       0x10 CMakeFiles/picow_http_client.dir/C_/Users/S4MPA10/.pico-sdk/sdk/1.5.1/src/rp2_common/hardware_watchdog/watchdog.c.obj
                0x10002208                watchdog_start_tick
 .text.watchdog_reboot
                0x10002218       0x9c CMakeFiles/picow_http_client.dir/C_/Users/S4MPA10/.pico-sdk/sdk/1.5.1/src/rp2_common/hardware_watchdog/watchdog.c.obj
                0x10002218                watchdog_reboot
 .text.xosc_init
                0x100022b4       0x28 CMakeFiles/picow_http_client.dir/C_/Users/S4MPA10/.pico-sdk/sdk/1.5.1/src/rp2_common/hardware_xosc/xosc.c.obj
                0x100022b4                xosc_init
 .text.runtime_init
                0x100022dc       0xf0 CMakeFiles/picow_http_client.dir/C_/Users/S4MPA10/.pico-sdk/sdk/1.5.1/src/rp2_common/pico_runtime/runtime.c.obj
                0x100022dc                runtime_init
 .text._exit    0x100023cc        0x4 CMakeFiles/picow_http_client.dir/C_/Users/S4MPA10/.pico-sdk/sdk/1.5.1/src/rp2_common/pico_runtime/runtime.c.obj
                0x100023cc                _exit
 .text._sbrk    0x100023d0       0x34 CMakeFiles/picow_http_client.dir/C_/Users/S4MPA10/.pico-sdk/sdk/1.5.1/src/rp2_common/pico_runtime/runtime.c.obj
                0x100023d0                _sbrk
 .text._gettimeofday
                0x10002404       0x30 CMakeFiles/picow_http_client.dir/C_/Users/S4MPA10/.pico-sdk/sdk/1.5.1/src/rp2_common/pico_runtime/runtime.c.obj
                0x10002404                _gettimeofday
 .text.exit     0x10002434        0x8 CMakeFiles/picow_http_client.dir/C_/Users/S4MPA10/.pico-sdk/sdk/1.5.1/src/rp2_common/pico_runtime/runtime.c.obj
                0x10002434                exit
 .text.panic    0x1000243c       0x30 CMakeFiles/picow_http_client.dir/C_/Users/S4MPA10/.pico-sdk/sdk/1.5.1/src/rp2_common/pico_runtime/runtime.c.obj
                0x1000243c                panic
 .text.hard_assertion_failure
                0x1000246c        0xc CMakeFiles/picow_http_client.dir/C_/Users/S4MPA10/.pico-sdk/sdk/1.5.1/src/rp2_common/pico_runtime/runtime.c.obj
                0x1000246c                hard_assertion_failure
 .text._out_buffer
                0x10002478        0x8 CMakeFiles/picow_http_client.dir/C_/Users/S4MPA10/.pico-sdk/sdk/1.5.1/src/rp2_common/pico_printf/printf.c.obj
 .text._out_null
                0x10002480        0x4 CMakeFiles/picow_http_client.dir/C_/Users/S4MPA10/.pico-sdk/sdk/1.5.1/src/rp2_common/pico_printf/printf.c.obj
 .text._out_rev
                0x10002484       0xac CMakeFiles/picow_http_client.dir/C_/Users/S4MPA10/.pico-sdk/sdk/1.5.1/src/rp2_common/pico_printf/printf.c.obj
 .text._ntoa_format
                0x10002530      0x250 CMakeFiles/picow_http_client.dir/C_/Users/S4MPA10/.pico-sdk/sdk/1.5.1/src/rp2_common/pico_printf/printf.c.obj
 .text._out_char
                0x10002780       0x10 CMakeFiles/picow_http_client.dir/C_/Users/S4MPA10/.pico-sdk/sdk/1.5.1/src/rp2_common/pico_printf/printf.c.obj
 .text._out_fct
                0x10002790       0x10 CMakeFiles/picow_http_client.dir/C_/Users/S4MPA10/.pico-sdk/sdk/1.5.1/src/rp2_common/pico_printf/printf.c.obj
 .text._etoa    0x100027a0      0x464 CMakeFiles/picow_http_client.dir/C_/Users/S4MPA10/.pico-sdk/sdk/1.5.1/src/rp2_common/pico_printf/printf.c.obj
 .text._ftoa    0x10002c04      0x3c0 CMakeFiles/picow_http_client.dir/C_/Users/S4MPA10/.pico-sdk/sdk/1.5.1/src/rp2_common/pico_printf/printf.c.obj
 .text._vsnprintf
                0x10002fc4      0xbc8 CMakeFiles/picow_http_client.dir/C_/Users/S4MPA10/.pico-sdk/sdk/1.5.1/src/rp2_common/pico_printf/printf.c.obj
 .text.__wrap_sprintf
                0x10003b8c       0x2c CMakeFiles/picow_http_client.dir/C_/Users/S4MPA10/.pico-sdk/sdk/1.5.1/src/rp2_common/pico_printf/printf.c.obj
                0x10003b8c                __wrap_sprintf
 .text.__wrap_snprintf
                0x10003bb8       0x28 CMakeFiles/picow_http_client.dir/C_/Users/S4MPA10/.pico-sdk/sdk/1.5.1/src/rp2_common/pico_printf/printf.c.obj
                0x10003bb8                __wrap_snprintf
 .text.vfctprintf
                0x10003be0       0x20 CMakeFiles/picow_http_client.dir/C_/Users/S4MPA10/.pico-sdk/sdk/1.5.1/src/rp2_common/pico_printf/printf.c.obj
                0x10003be0                vfctprintf
 .text.weak_raw_vprintf
                0x10003c00       0x30 CMakeFiles/picow_http_client.dir/C_/Users/S4MPA10/.pico-sdk/sdk/1.5.1/src/rp2_common/pico_printf/printf.c.obj
                0x10003c00                weak_raw_vprintf
 .text          0x10003c30       0x10 CMakeFiles/picow_http_client.dir/C_/Users/S4MPA10/.pico-sdk/sdk/1.5.1/src/rp2_common/pico_bit_ops/bit_ops_aeabi.S.obj
 .text.ctzsi    0x10003c40        0xc CMakeFiles/picow_http_client.dir/C_/Users/S4MPA10/.pico-sdk/sdk/1.5.1/src/rp2_common/pico_bit_ops/bit_ops_aeabi.S.obj
                0x10003c40                __wrap___ctzsi2
 .text.rom_func_lookup
                0x10003c4c       0x10 CMakeFiles/picow_http_client.dir/C_/Users/S4MPA10/.pico-sdk/sdk/1.5.1/src/rp2_common/pico_bootrom/bootrom.c.obj
                0x10003c4c                rom_func_lookup
 .text.rom_data_lookup
                0x10003c5c       0x10 CMakeFiles/picow_http_client.dir/C_/Users/S4MPA10/.pico-sdk/sdk/1.5.1/src/rp2_common/pico_bootrom/bootrom.c.obj
                0x10003c5c                rom_data_lookup
 .text.rom_funcs_lookup
                0x10003c6c       0x44 CMakeFiles/picow_http_client.dir/C_/Users/S4MPA10/.pico-sdk/sdk/1.5.1/src/rp2_common/pico_bootrom/bootrom.c.obj
                0x10003c6c                rom_funcs_lookup
 .text.__wrap___aeabi_idiv
                0x10003cb0       0x50 CMakeFiles/picow_http_client.dir/C_/Users/S4MPA10/.pico-sdk/sdk/1.5.1/src/rp2_common/pico_divider/divider.S.obj
                0x10003cb0                __wrap___aeabi_idivmod
                0x10003cb0                divmod_s32s32
                0x10003cb0                div_s32s32
                0x10003cb0                __wrap___aeabi_idiv
                0x10003cb8                divmod_s32s32_unsafe
                0x10003ce4                divmod_s32s32_savestate
 .text.__wrap___aeabi_uidiv
                0x10003d00       0x4c CMakeFiles/picow_http_client.dir/C_/Users/S4MPA10/.pico-sdk/sdk/1.5.1/src/rp2_common/pico_divider/divider.S.obj
                0x10003d00                __wrap___aeabi_uidiv
                0x10003d00                __wrap___aeabi_uidivmod
                0x10003d00                div_u32u32
                0x10003d00                divmod_u32u32
                0x10003d08                divmod_u32u32_unsafe
                0x10003d30                divmod_u32u32_savestate
 .text.__wrap___aeabi_ldiv
                0x10003d4c      0x424 CMakeFiles/picow_http_client.dir/C_/Users/S4MPA10/.pico-sdk/sdk/1.5.1/src/rp2_common/pico_divider/divider.S.obj
                0x10003d4c                div_s64s64
                0x10003d4c                divmod_s64s64
                0x10003d4c                __wrap___aeabi_ldivmod
                0x10003d7c                divmod_u64u64
                0x10003d7c                div_u64u64
                0x10003d7c                __wrap___aeabi_uldivmod
                0x10003d8c                divmod_u64u64_savestate
                0x10003dac                divmod_s64s64_unsafe
                0x10003e34                divmod_u64u64_unsafe
 .text.__wrap___aeabi_darithmetic
                0x10004170       0x60 CMakeFiles/picow_http_client.dir/C_/Users/S4MPA10/.pico-sdk/sdk/1.5.1/src/rp2_common/pico_double/double_aeabi.S.obj
                0x10004170                __wrap___aeabi_drsub
                0x10004176                __wrap___aeabi_dsub
                0x10004180                __wrap___aeabi_dadd
                0x1000418a                __wrap___aeabi_ddiv
                0x100041be                __wrap___aeabi_dmul
 .text.__wrap___aeabi_cdcmple
                0x100041d0       0x6c CMakeFiles/picow_http_client.dir/C_/Users/S4MPA10/.pico-sdk/sdk/1.5.1/src/rp2_common/pico_double/double_aeabi.S.obj
                0x100041d0                __wrap___aeabi_cdrcmple
                0x100041e0                __wrap___aeabi_cdcmpeq
                0x100041e0                __wrap___aeabi_cdcmple
 .text.__wrap___aeabi_dcmplt
                0x1000423c        0xc CMakeFiles/picow_http_client.dir/C_/Users/S4MPA10/.pico-sdk/sdk/1.5.1/src/rp2_common/pico_double/double_aeabi.S.obj
                0x1000423c                __wrap___aeabi_dcmplt
 .text.__wrap___aeabi_dcmpge
                0x10004248       0x10 CMakeFiles/picow_http_client.dir/C_/Users/S4MPA10/.pico-sdk/sdk/1.5.1/src/rp2_common/pico_double/double_aeabi.S.obj
                0x10004248                __wrap___aeabi_dcmpge
 .text.__wrap___aeabi_dcmpgt
                0x10004258        0xa CMakeFiles/picow_http_client.dir/C_/Users/S4MPA10/.pico-sdk/sdk/1.5.1/src/rp2_common/pico_double/double_aeabi.S.obj
                0x10004258                __wrap___aeabi_dcmpgt
 .text.__wrap___aeabi_dcmpun
                0x10004262       0x1c CMakeFiles/picow_http_client.dir/C_/Users/S4MPA10/.pico-sdk/sdk/1.5.1/src/rp2_common/pico_double/double_aeabi.S.obj
                0x10004262                __wrap___aeabi_dcmpun
 *fill*         0x1000427e        0x2 
 .text.__wrap___aeabi_i2d
                0x10004280       0x38 CMakeFiles/picow_http_client.dir/C_/Users/S4MPA10/.pico-sdk/sdk/1.5.1/src/rp2_common/pico_double/double_aeabi.S.obj
                0x10004280                __wrap___aeabi_ui2d
                0x10004288                __wrap___aeabi_i2d
 .text.__wrap___aeabi_d2iz
                0x100042b8       0x48 CMakeFiles/picow_http_client.dir/C_/Users/S4MPA10/.pico-sdk/sdk/1.5.1/src/rp2_common/pico_double/double_aeabi.S.obj
                0x100042b8                double2int_z
                0x100042b8                __wrap___aeabi_d2iz
 .text.__wrap___aeabi_d2uiz
                0x10004300       0x10 CMakeFiles/picow_http_client.dir/C_/Users/S4MPA10/.pico-sdk/sdk/1.5.1/src/rp2_common/pico_double/double_aeabi.S.obj
                0x10004300                __wrap___aeabi_d2uiz
                0x10004300                double2uint
 .text.missing_double_func_shim
                0x10004310        0xc CMakeFiles/picow_http_client.dir/C_/Users/S4MPA10/.pico-sdk/sdk/1.5.1/src/rp2_common/pico_double/double_init_rom.c.obj
 .text.__aeabi_double_init
                0x1000431c       0x94 CMakeFiles/picow_http_client.dir/C_/Users/S4MPA10/.pico-sdk/sdk/1.5.1/src/rp2_common/pico_double/double_init_rom.c.obj
                0x1000431c                __aeabi_double_init
 .text.double_table_shim_on_use_helper
                0x100043b0       0x2c CMakeFiles/picow_http_client.dir/C_/Users/S4MPA10/.pico-sdk/sdk/1.5.1/src/rp2_common/pico_double/double_v1_rom_shim.S.obj
                0x100043b0                double_table_shim_on_use_helper
 .text.__aeabi_lmul
                0x100043dc       0x32 CMakeFiles/picow_http_client.dir/C_/Users/S4MPA10/.pico-sdk/sdk/1.5.1/src/rp2_common/pico_int64_ops/pico_int64_ops_aeabi.S.obj
                0x100043dc                __wrap___aeabi_lmul
 *fill*         0x1000440e        0x2 
 .text.missing_float_func_shim
                0x10004410        0xc CMakeFiles/picow_http_client.dir/C_/Users/S4MPA10/.pico-sdk/sdk/1.5.1/src/rp2_common/pico_float/float_init_rom.c.obj
 .text.__aeabi_float_init
                0x1000441c       0x5c CMakeFiles/picow_http_client.dir/C_/Users/S4MPA10/.pico-sdk/sdk/1.5.1/src/rp2_common/pico_float/float_init_rom.c.obj
                0x1000441c                __aeabi_float_init
 .text.__wrap_calloc
                0x10004478       0x24 CMakeFiles/picow_http_client.dir/C_/Users/S4MPA10/.pico-sdk/sdk/1.5.1/src/rp2_common/pico_malloc/pico_malloc.c.obj
                0x10004478                __wrap_calloc
 .text.__wrap_free
                0x1000449c        0x8 CMakeFiles/picow_http_client.dir/C_/Users/S4MPA10/.pico-sdk/sdk/1.5.1/src/rp2_common/pico_malloc/pico_malloc.c.obj
                0x1000449c                __wrap_free
 .text          0x100044a4       0x10 CMakeFiles/picow_http_client.dir/C_/Users/S4MPA10/.pico-sdk/sdk/1.5.1/src/rp2_common/pico_mem_ops/mem_ops_aeabi.S.obj
                0x100044a4                __aeabi_mem_init
 .text.memset   0x100044b4        0xc CMakeFiles/picow_http_client.dir/C_/Users/S4MPA10/.pico-sdk/sdk/1.5.1/src/rp2_common/pico_mem_ops/mem_ops_aeabi.S.obj
                0x100044b4                __wrap_memset
 .text.memcpy   0x100044c0        0xc CMakeFiles/picow_http_client.dir/C_/Users/S4MPA10/.pico-sdk/sdk/1.5.1/src/rp2_common/pico_mem_ops/mem_ops_aeabi.S.obj
                0x100044c0                __wrap_memcpy
                0x100044c0                __wrap___aeabi_memcpy
 .text.stdio_out_chars_crlf
                0x100044cc       0x94 CMakeFiles/picow_http_client.dir/C_/Users/S4MPA10/.pico-sdk/sdk/1.5.1/src/rp2_common/pico_stdio/stdio.c.obj
 .text.stdio_buffered_printer
                0x10004560       0x64 CMakeFiles/picow_http_client.dir/C_/Users/S4MPA10/.pico-sdk/sdk/1.5.1/src/rp2_common/pico_stdio/stdio.c.obj
 .text.__wrap_putchar
                0x100045c4       0x98 CMakeFiles/picow_http_client.dir/C_/Users/S4MPA10/.pico-sdk/sdk/1.5.1/src/rp2_common/pico_stdio/stdio.c.obj
                0x100045c4                __wrap_putchar
 .text.__wrap_puts
                0x1000465c       0xe0 CMakeFiles/picow_http_client.dir/C_/Users/S4MPA10/.pico-sdk/sdk/1.5.1/src/rp2_common/pico_stdio/stdio.c.obj
                0x1000465c                __wrap_puts
 .text.stdio_set_driver_enabled
                0x1000473c       0x30 CMakeFiles/picow_http_client.dir/C_/Users/S4MPA10/.pico-sdk/sdk/1.5.1/src/rp2_common/pico_stdio/stdio.c.obj
                0x1000473c                stdio_set_driver_enabled
 .text.__wrap_vprintf
                0x1000476c       0xd4 CMakeFiles/picow_http_client.dir/C_/Users/S4MPA10/.pico-sdk/sdk/1.5.1/src/rp2_common/pico_stdio/stdio.c.obj
                0x1000476c                __wrap_vprintf
 .text.__wrap_printf
                0x10004840       0x18 CMakeFiles/picow_http_client.dir/C_/Users/S4MPA10/.pico-sdk/sdk/1.5.1/src/rp2_common/pico_stdio/stdio.c.obj
                0x10004840                __wrap_printf
 .text.stdio_init_all
                0x10004858        0x8 CMakeFiles/picow_http_client.dir/C_/Users/S4MPA10/.pico-sdk/sdk/1.5.1/src/rp2_common/pico_stdio/stdio.c.obj
                0x10004858                stdio_init_all
 .text.resetd_init
                0x10004860        0x4 CMakeFiles/picow_http_client.dir/C_/Users/S4MPA10/.pico-sdk/sdk/1.5.1/src/rp2_common/pico_stdio_usb/reset_interface.c.obj
 .text.resetd_reset
                0x10004864        0xc CMakeFiles/picow_http_client.dir/C_/Users/S4MPA10/.pico-sdk/sdk/1.5.1/src/rp2_common/pico_stdio_usb/reset_interface.c.obj
 .text.resetd_open
                0x10004870       0x28 CMakeFiles/picow_http_client.dir/C_/Users/S4MPA10/.pico-sdk/sdk/1.5.1/src/rp2_common/pico_stdio_usb/reset_interface.c.obj
 .text.resetd_xfer_cb
                0x10004898        0x4 CMakeFiles/picow_http_client.dir/C_/Users/S4MPA10/.pico-sdk/sdk/1.5.1/src/rp2_common/pico_stdio_usb/reset_interface.c.obj
 .text.resetd_control_xfer_cb
                0x1000489c       0x60 CMakeFiles/picow_http_client.dir/C_/Users/S4MPA10/.pico-sdk/sdk/1.5.1/src/rp2_common/pico_stdio_usb/reset_interface.c.obj
 .text.usbd_app_driver_get_cb
                0x100048fc        0xc CMakeFiles/picow_http_client.dir/C_/Users/S4MPA10/.pico-sdk/sdk/1.5.1/src/rp2_common/pico_stdio_usb/reset_interface.c.obj
                0x100048fc                usbd_app_driver_get_cb
 .text.tud_cdc_line_coding_cb
                0x10004908       0x34 CMakeFiles/picow_http_client.dir/C_/Users/S4MPA10/.pico-sdk/sdk/1.5.1/src/rp2_common/pico_stdio_usb/reset_interface.c.obj
                0x10004908                tud_cdc_line_coding_cb
 .text.stdio_usb_set_chars_available_callback
                0x1000493c       0x14 CMakeFiles/picow_http_client.dir/C_/Users/S4MPA10/.pico-sdk/sdk/1.5.1/src/rp2_common/pico_stdio_usb/stdio_usb.c.obj
                0x1000493c                stdio_usb_set_chars_available_callback
 .text.usb_irq  0x10004950       0x10 CMakeFiles/picow_http_client.dir/C_/Users/S4MPA10/.pico-sdk/sdk/1.5.1/src/rp2_common/pico_stdio_usb/stdio_usb.c.obj
 .text.timer_task
                0x10004960       0x54 CMakeFiles/picow_http_client.dir/C_/Users/S4MPA10/.pico-sdk/sdk/1.5.1/src/rp2_common/pico_stdio_usb/stdio_usb.c.obj
 .text.stdio_usb_in_chars
                0x100049b4       0x90 CMakeFiles/picow_http_client.dir/C_/Users/S4MPA10/.pico-sdk/sdk/1.5.1/src/rp2_common/pico_stdio_usb/stdio_usb.c.obj
                0x100049b4                stdio_usb_in_chars
 .text.stdio_usb_out_chars
                0x10004a44      0x104 CMakeFiles/picow_http_client.dir/C_/Users/S4MPA10/.pico-sdk/sdk/1.5.1/src/rp2_common/pico_stdio_usb/stdio_usb.c.obj
 .text.low_priority_worker_irq
                0x10004b48       0xa8 CMakeFiles/picow_http_client.dir/C_/Users/S4MPA10/.pico-sdk/sdk/1.5.1/src/rp2_common/pico_stdio_usb/stdio_usb.c.obj
 .text.tud_cdc_rx_cb
                0x10004bf0       0x20 CMakeFiles/picow_http_client.dir/C_/Users/S4MPA10/.pico-sdk/sdk/1.5.1/src/rp2_common/pico_stdio_usb/stdio_usb.c.obj
                0x10004bf0                tud_cdc_rx_cb
 .text.stdio_usb_init
                0x10004c10       0xe0 CMakeFiles/picow_http_client.dir/C_/Users/S4MPA10/.pico-sdk/sdk/1.5.1/src/rp2_common/pico_stdio_usb/stdio_usb.c.obj
                0x10004c10                stdio_usb_init
 .text.tud_descriptor_device_cb
                0x10004cf0        0x8 CMakeFiles/picow_http_client.dir/C_/Users/S4MPA10/.pico-sdk/sdk/1.5.1/src/rp2_common/pico_stdio_usb/stdio_usb_descriptors.c.obj
                0x10004cf0                tud_descriptor_device_cb
 .text.tud_descriptor_configuration_cb
                0x10004cf8        0x8 CMakeFiles/picow_http_client.dir/C_/Users/S4MPA10/.pico-sdk/sdk/1.5.1/src/rp2_common/pico_stdio_usb/stdio_usb_descriptors.c.obj
                0x10004cf8                tud_descriptor_configuration_cb
 .text.tud_descriptor_string_cb
                0x10004d00       0x78 CMakeFiles/picow_http_client.dir/C_/Users/S4MPA10/.pico-sdk/sdk/1.5.1/src/rp2_common/pico_stdio_usb/stdio_usb_descriptors.c.obj
                0x10004d00                tud_descriptor_string_cb
 .text.startup._retrieve_unique_id_on_boot
                0x10004d78       0x10 CMakeFiles/picow_http_client.dir/C_/Users/S4MPA10/.pico-sdk/sdk/1.5.1/src/rp2_common/pico_unique_id/unique_id.c.obj
 .text.pico_get_unique_board_id
                0x10004d88       0x10 CMakeFiles/picow_http_client.dir/C_/Users/S4MPA10/.pico-sdk/sdk/1.5.1/src/rp2_common/pico_unique_id/unique_id.c.obj
                0x10004d88                pico_get_unique_board_id
 .text.pico_get_unique_board_id_string
                0x10004d98      0x1a8 CMakeFiles/picow_http_client.dir/C_/Users/S4MPA10/.pico-sdk/sdk/1.5.1/src/rp2_common/pico_unique_id/unique_id.c.obj
                0x10004d98                pico_get_unique_board_id_string
 .text.flash_get_unique_id
                0x10004f40       0x3c CMakeFiles/picow_http_client.dir/C_/Users/S4MPA10/.pico-sdk/sdk/1.5.1/src/rp2_common/hardware_flash/flash.c.obj
                0x10004f40                flash_get_unique_id
 .text.dcd_int_enable
                0x10004f7c        0xc CMakeFiles/picow_http_client.dir/C_/Users/S4MPA10/.pico-sdk/sdk/1.5.1/lib/tinyusb/src/portable/raspberrypi/rp2040/dcd_rp2040.c.obj
                0x10004f7c                dcd_int_enable
 .text.dcd_set_address
                0x10004f88       0x14 CMakeFiles/picow_http_client.dir/C_/Users/S4MPA10/.pico-sdk/sdk/1.5.1/lib/tinyusb/src/portable/raspberrypi/rp2040/dcd_rp2040.c.obj
                0x10004f88                dcd_set_address
 .text.dcd_connect
                0x10004f9c       0x10 CMakeFiles/picow_http_client.dir/C_/Users/S4MPA10/.pico-sdk/sdk/1.5.1/lib/tinyusb/src/portable/raspberrypi/rp2040/dcd_rp2040.c.obj
                0x10004f9c                dcd_connect
 .text.dcd_init
                0x10004fac       0x98 CMakeFiles/picow_http_client.dir/C_/Users/S4MPA10/.pico-sdk/sdk/1.5.1/lib/tinyusb/src/portable/raspberrypi/rp2040/dcd_rp2040.c.obj
                0x10004fac                dcd_init
 .text.dcd_edpt0_status_complete
                0x10005044       0x1c CMakeFiles/picow_http_client.dir/C_/Users/S4MPA10/.pico-sdk/sdk/1.5.1/lib/tinyusb/src/portable/raspberrypi/rp2040/dcd_rp2040.c.obj
                0x10005044                dcd_edpt0_status_complete
 .text.dcd_edpt_open
                0x10005060      0x108 CMakeFiles/picow_http_client.dir/C_/Users/S4MPA10/.pico-sdk/sdk/1.5.1/lib/tinyusb/src/portable/raspberrypi/rp2040/dcd_rp2040.c.obj
                0x10005060                dcd_edpt_open
 .text.dcd_edpt_close_all
                0x10005168        0x8 CMakeFiles/picow_http_client.dir/C_/Users/S4MPA10/.pico-sdk/sdk/1.5.1/lib/tinyusb/src/portable/raspberrypi/rp2040/dcd_rp2040.c.obj
                0x10005168                dcd_edpt_close_all
 .text.dcd_edpt_xfer
                0x10005170       0x24 CMakeFiles/picow_http_client.dir/C_/Users/S4MPA10/.pico-sdk/sdk/1.5.1/lib/tinyusb/src/portable/raspberrypi/rp2040/dcd_rp2040.c.obj
                0x10005170                dcd_edpt_xfer
 .text.dcd_edpt_stall
                0x10005194       0x34 CMakeFiles/picow_http_client.dir/C_/Users/S4MPA10/.pico-sdk/sdk/1.5.1/lib/tinyusb/src/portable/raspberrypi/rp2040/dcd_rp2040.c.obj
                0x10005194                dcd_edpt_stall
 .text.dcd_edpt_clear_stall
                0x100051c8       0x30 CMakeFiles/picow_http_client.dir/C_/Users/S4MPA10/.pico-sdk/sdk/1.5.1/lib/tinyusb/src/portable/raspberrypi/rp2040/dcd_rp2040.c.obj
                0x100051c8                dcd_edpt_clear_stall
 .text.rp2040_usb_init
                0x100051f8       0x4c CMakeFiles/picow_http_client.dir/C_/Users/S4MPA10/.pico-sdk/sdk/1.5.1/lib/tinyusb/src/portable/raspberrypi/rp2040/rp2040_usb.c.obj
                0x100051f8                rp2040_usb_init
 .text.hw_endpoint_xfer_start
                0x10005244       0x40 CMakeFiles/picow_http_client.dir/C_/Users/S4MPA10/.pico-sdk/sdk/1.5.1/lib/tinyusb/src/portable/raspberrypi/rp2040/rp2040_usb.c.obj
                0x10005244                hw_endpoint_xfer_start
 .text.tud_mounted
                0x10005284       0x10 CMakeFiles/picow_http_client.dir/C_/Users/S4MPA10/.pico-sdk/sdk/1.5.1/lib/tinyusb/src/device/usbd.c.obj
                0x10005284                tud_mounted
 .text.tud_suspended
                0x10005294       0x10 CMakeFiles/picow_http_client.dir/C_/Users/S4MPA10/.pico-sdk/sdk/1.5.1/lib/tinyusb/src/device/usbd.c.obj
                0x10005294                tud_suspended
 .text.tud_inited
                0x100052a4       0x14 CMakeFiles/picow_http_client.dir/C_/Users/S4MPA10/.pico-sdk/sdk/1.5.1/lib/tinyusb/src/device/usbd.c.obj
                0x100052a4                tud_inited
 .text.tud_init
                0x100052b8       0xdc CMakeFiles/picow_http_client.dir/C_/Users/S4MPA10/.pico-sdk/sdk/1.5.1/lib/tinyusb/src/device/usbd.c.obj
                0x100052b8                tud_init
 .text.tud_task_ext
                0x10005394      0x850 CMakeFiles/picow_http_client.dir/C_/Users/S4MPA10/.pico-sdk/sdk/1.5.1/lib/tinyusb/src/device/usbd.c.obj
                0x10005394                tud_task_ext
 .text.usbd_open_edpt_pair
                0x10005be4       0x9c CMakeFiles/picow_http_client.dir/C_/Users/S4MPA10/.pico-sdk/sdk/1.5.1/lib/tinyusb/src/device/usbd.c.obj
                0x10005be4                usbd_open_edpt_pair
 .text.usbd_defer_func
                0x10005c80       0x48 CMakeFiles/picow_http_client.dir/C_/Users/S4MPA10/.pico-sdk/sdk/1.5.1/lib/tinyusb/src/device/usbd.c.obj
                0x10005c80                usbd_defer_func
 .text.usbd_edpt_open
                0x10005cc8       0x34 CMakeFiles/picow_http_client.dir/C_/Users/S4MPA10/.pico-sdk/sdk/1.5.1/lib/tinyusb/src/device/usbd.c.obj
                0x10005cc8                usbd_edpt_open
 .text.usbd_edpt_claim
                0x10005cfc       0x28 CMakeFiles/picow_http_client.dir/C_/Users/S4MPA10/.pico-sdk/sdk/1.5.1/lib/tinyusb/src/device/usbd.c.obj
                0x10005cfc                usbd_edpt_claim
 .text.usbd_edpt_release
                0x10005d24       0x28 CMakeFiles/picow_http_client.dir/C_/Users/S4MPA10/.pico-sdk/sdk/1.5.1/lib/tinyusb/src/device/usbd.c.obj
                0x10005d24                usbd_edpt_release
 .text.usbd_edpt_xfer
                0x10005d4c       0x4c CMakeFiles/picow_http_client.dir/C_/Users/S4MPA10/.pico-sdk/sdk/1.5.1/lib/tinyusb/src/device/usbd.c.obj
                0x10005d4c                usbd_edpt_xfer
 .text.tud_control_status
                0x10005d98       0x2c CMakeFiles/picow_http_client.dir/C_/Users/S4MPA10/.pico-sdk/sdk/1.5.1/lib/tinyusb/src/device/usbd_control.c.obj
                0x10005d98                tud_control_status
 .text.tud_control_xfer
                0x10005dc4       0xac CMakeFiles/picow_http_client.dir/C_/Users/S4MPA10/.pico-sdk/sdk/1.5.1/lib/tinyusb/src/device/usbd_control.c.obj
                0x10005dc4                tud_control_xfer
 .text.usbd_control_reset
                0x10005e70       0x14 CMakeFiles/picow_http_client.dir/C_/Users/S4MPA10/.pico-sdk/sdk/1.5.1/lib/tinyusb/src/device/usbd_control.c.obj
                0x10005e70                usbd_control_reset
 .text.usbd_control_set_complete_callback
                0x10005e84        0xc CMakeFiles/picow_http_client.dir/C_/Users/S4MPA10/.pico-sdk/sdk/1.5.1/lib/tinyusb/src/device/usbd_control.c.obj
                0x10005e84                usbd_control_set_complete_callback
 .text.usbd_control_set_request
                0x10005e90       0x1c CMakeFiles/picow_http_client.dir/C_/Users/S4MPA10/.pico-sdk/sdk/1.5.1/lib/tinyusb/src/device/usbd_control.c.obj
                0x10005e90                usbd_control_set_request
 .text.usbd_control_xfer_cb
                0x10005eac       0xf4 CMakeFiles/picow_http_client.dir/C_/Users/S4MPA10/.pico-sdk/sdk/1.5.1/lib/tinyusb/src/device/usbd_control.c.obj
                0x10005eac                usbd_control_xfer_cb
 .text.tud_cdc_n_connected
                0x10005fa0       0x30 CMakeFiles/picow_http_client.dir/C_/Users/S4MPA10/.pico-sdk/sdk/1.5.1/lib/tinyusb/src/class/cdc/cdc_device.c.obj
                0x10005fa0                tud_cdc_n_connected
 .text.tud_cdc_n_available
                0x10005fd0       0x18 CMakeFiles/picow_http_client.dir/C_/Users/S4MPA10/.pico-sdk/sdk/1.5.1/lib/tinyusb/src/class/cdc/cdc_device.c.obj
                0x10005fd0                tud_cdc_n_available
 .text.tud_cdc_n_read
                0x10005fe8       0x70 CMakeFiles/picow_http_client.dir/C_/Users/S4MPA10/.pico-sdk/sdk/1.5.1/lib/tinyusb/src/class/cdc/cdc_device.c.obj
                0x10005fe8                tud_cdc_n_read
 .text.tud_cdc_n_write_flush
                0x10006058       0x78 CMakeFiles/picow_http_client.dir/C_/Users/S4MPA10/.pico-sdk/sdk/1.5.1/lib/tinyusb/src/class/cdc/cdc_device.c.obj
                0x10006058                tud_cdc_n_write_flush
 .text.tud_cdc_n_write
                0x100060d0       0x34 CMakeFiles/picow_http_client.dir/C_/Users/S4MPA10/.pico-sdk/sdk/1.5.1/lib/tinyusb/src/class/cdc/cdc_device.c.obj
                0x100060d0                tud_cdc_n_write
 .text.tud_cdc_n_write_available
                0x10006104       0x18 CMakeFiles/picow_http_client.dir/C_/Users/S4MPA10/.pico-sdk/sdk/1.5.1/lib/tinyusb/src/class/cdc/cdc_device.c.obj
                0x10006104                tud_cdc_n_write_available
 .text.cdcd_init
                0x1000611c       0x7c CMakeFiles/picow_http_client.dir/C_/Users/S4MPA10/.pico-sdk/sdk/1.5.1/lib/tinyusb/src/class/cdc/cdc_device.c.obj
                0x1000611c                cdcd_init
 .text.cdcd_reset
                0x10006198       0x2c CMakeFiles/picow_http_client.dir/C_/Users/S4MPA10/.pico-sdk/sdk/1.5.1/lib/tinyusb/src/class/cdc/cdc_device.c.obj
                0x10006198                cdcd_reset
 .text.cdcd_open
                0x100061c4       0xe4 CMakeFiles/picow_http_client.dir/C_/Users/S4MPA10/.pico-sdk/sdk/1.5.1/lib/tinyusb/src/class/cdc/cdc_device.c.obj
                0x100061c4                cdcd_open
 .text.cdcd_control_xfer_cb
                0x100062a8       0xe4 CMakeFiles/picow_http_client.dir/C_/Users/S4MPA10/.pico-sdk/sdk/1.5.1/lib/tinyusb/src/class/cdc/cdc_device.c.obj
                0x100062a8                cdcd_control_xfer_cb
 .text.cdcd_xfer_cb
                0x1000638c      0x13c CMakeFiles/picow_http_client.dir/C_/Users/S4MPA10/.pico-sdk/sdk/1.5.1/lib/tinyusb/src/class/cdc/cdc_device.c.obj
                0x1000638c                cdcd_xfer_cb
 .text.tusb_init
                0x100064c8        0xc CMakeFiles/picow_http_client.dir/C_/Users/S4MPA10/.pico-sdk/sdk/1.5.1/lib/tinyusb/src/tusb.c.obj
                0x100064c8                tusb_init
 .text.tusb_inited
                0x100064d4        0x8 CMakeFiles/picow_http_client.dir/C_/Users/S4MPA10/.pico-sdk/sdk/1.5.1/lib/tinyusb/src/tusb.c.obj
                0x100064d4                tusb_inited
 .text.tu_edpt_claim
                0x100064dc       0x50 CMakeFiles/picow_http_client.dir/C_/Users/S4MPA10/.pico-sdk/sdk/1.5.1/lib/tinyusb/src/tusb.c.obj
                0x100064dc                tu_edpt_claim
 .text.tu_edpt_release
                0x1000652c       0x38 CMakeFiles/picow_http_client.dir/C_/Users/S4MPA10/.pico-sdk/sdk/1.5.1/lib/tinyusb/src/tusb.c.obj
                0x1000652c                tu_edpt_release
 .text.tu_edpt_validate
                0x10006564       0x7c CMakeFiles/picow_http_client.dir/C_/Users/S4MPA10/.pico-sdk/sdk/1.5.1/lib/tinyusb/src/tusb.c.obj
                0x10006564                tu_edpt_validate
 .text.tu_edpt_bind_driver
                0x100065e0       0x34 CMakeFiles/picow_http_client.dir/C_/Users/S4MPA10/.pico-sdk/sdk/1.5.1/lib/tinyusb/src/tusb.c.obj
                0x100065e0                tu_edpt_bind_driver
 .text.tu_fifo_config
                0x10006614       0x6c CMakeFiles/picow_http_client.dir/C_/Users/S4MPA10/.pico-sdk/sdk/1.5.1/lib/tinyusb/src/common/tusb_fifo.c.obj
                0x10006614                tu_fifo_config
 .text.tu_fifo_count
                0x10006680       0x2c CMakeFiles/picow_http_client.dir/C_/Users/S4MPA10/.pico-sdk/sdk/1.5.1/lib/tinyusb/src/common/tusb_fifo.c.obj
                0x10006680                tu_fifo_count
 .text.tu_fifo_empty
                0x100066ac       0x10 CMakeFiles/picow_http_client.dir/C_/Users/S4MPA10/.pico-sdk/sdk/1.5.1/lib/tinyusb/src/common/tusb_fifo.c.obj
                0x100066ac                tu_fifo_empty
 .text.tu_fifo_remaining
                0x100066bc       0x2c CMakeFiles/picow_http_client.dir/C_/Users/S4MPA10/.pico-sdk/sdk/1.5.1/lib/tinyusb/src/common/tusb_fifo.c.obj
                0x100066bc                tu_fifo_remaining
 .text.tu_fifo_read
                0x100066e8       0x9c CMakeFiles/picow_http_client.dir/C_/Users/S4MPA10/.pico-sdk/sdk/1.5.1/lib/tinyusb/src/common/tusb_fifo.c.obj
                0x100066e8                tu_fifo_read
 .text.tu_fifo_read_n
                0x10006784       0xe8 CMakeFiles/picow_http_client.dir/C_/Users/S4MPA10/.pico-sdk/sdk/1.5.1/lib/tinyusb/src/common/tusb_fifo.c.obj
                0x10006784                tu_fifo_read_n
 .text.tu_fifo_write
                0x1000686c       0xa8 CMakeFiles/picow_http_client.dir/C_/Users/S4MPA10/.pico-sdk/sdk/1.5.1/lib/tinyusb/src/common/tusb_fifo.c.obj
                0x1000686c                tu_fifo_write
 .text.tu_fifo_write_n
                0x10006914      0x178 CMakeFiles/picow_http_client.dir/C_/Users/S4MPA10/.pico-sdk/sdk/1.5.1/lib/tinyusb/src/common/tusb_fifo.c.obj
                0x10006914                tu_fifo_write_n
 .text.tu_fifo_clear
                0x10006a8c       0x40 CMakeFiles/picow_http_client.dir/C_/Users/S4MPA10/.pico-sdk/sdk/1.5.1/lib/tinyusb/src/common/tusb_fifo.c.obj
                0x10006a8c                tu_fifo_clear
 .text.tu_fifo_set_overwritable
                0x10006acc       0x48 CMakeFiles/picow_http_client.dir/C_/Users/S4MPA10/.pico-sdk/sdk/1.5.1/lib/tinyusb/src/common/tusb_fifo.c.obj
                0x10006acc                tu_fifo_set_overwritable
 .text.lwip_timeout_reached
                0x10006b14        0x8 CMakeFiles/picow_http_client.dir/C_/Users/S4MPA10/.pico-sdk/sdk/1.5.1/src/rp2_common/pico_lwip/lwip_nosys.c.obj
 .text.update_next_timeout
                0x10006b1c       0x60 CMakeFiles/picow_http_client.dir/C_/Users/S4MPA10/.pico-sdk/sdk/1.5.1/src/rp2_common/pico_lwip/lwip_nosys.c.obj
 .text.lwip_nosys_init
                0x10006b7c       0x30 CMakeFiles/picow_http_client.dir/C_/Users/S4MPA10/.pico-sdk/sdk/1.5.1/src/rp2_common/pico_lwip/lwip_nosys.c.obj
                0x10006b7c                lwip_nosys_init
 .text.lwip_nosys_deinit
                0x10006bac       0x20 CMakeFiles/picow_http_client.dir/C_/Users/S4MPA10/.pico-sdk/sdk/1.5.1/src/rp2_common/pico_lwip/lwip_nosys.c.obj
                0x10006bac                lwip_nosys_deinit
 .text.sys_arch_protect
                0x10006bcc        0x4 CMakeFiles/picow_http_client.dir/C_/Users/S4MPA10/.pico-sdk/sdk/1.5.1/src/rp2_common/pico_lwip/lwip_nosys.c.obj
                0x10006bcc                sys_arch_protect
 .text.sys_arch_unprotect
                0x10006bd0        0x4 CMakeFiles/picow_http_client.dir/C_/Users/S4MPA10/.pico-sdk/sdk/1.5.1/src/rp2_common/pico_lwip/lwip_nosys.c.obj
                0x10006bd0                sys_arch_unprotect
 .text.sys_now  0x10006bd4       0x20 CMakeFiles/picow_http_client.dir/C_/Users/S4MPA10/.pico-sdk/sdk/1.5.1/src/rp2_common/pico_lwip/lwip_nosys.c.obj
                0x10006bd4                sys_now
 .text.async_context_base_add_at_time_worker
                0x10006bf4       0x24 CMakeFiles/picow_http_client.dir/C_/Users/S4MPA10/.pico-sdk/sdk/1.5.1/src/rp2_common/pico_async_context/async_context_base.c.obj
                0x10006bf4                async_context_base_add_at_time_worker
 .text.async_context_base_remove_at_time_worker
                0x10006c18       0x28 CMakeFiles/picow_http_client.dir/C_/Users/S4MPA10/.pico-sdk/sdk/1.5.1/src/rp2_common/pico_async_context/async_context_base.c.obj
                0x10006c18                async_context_base_remove_at_time_worker
 .text.async_context_base_add_when_pending_worker
                0x10006c40       0x24 CMakeFiles/picow_http_client.dir/C_/Users/S4MPA10/.pico-sdk/sdk/1.5.1/src/rp2_common/pico_async_context/async_context_base.c.obj
                0x10006c40                async_context_base_add_when_pending_worker
 .text.async_context_base_remove_when_pending_worker
                0x10006c64       0x28 CMakeFiles/picow_http_client.dir/C_/Users/S4MPA10/.pico-sdk/sdk/1.5.1/src/rp2_common/pico_async_context/async_context_base.c.obj
                0x10006c64                async_context_base_remove_when_pending_worker
 .text.async_context_base_execute_once
                0x10006c8c      0x108 CMakeFiles/picow_http_client.dir/C_/Users/S4MPA10/.pico-sdk/sdk/1.5.1/src/rp2_common/pico_async_context/async_context_base.c.obj
                0x10006c8c                async_context_base_execute_once
 .text.splitmix64
                0x10006d94       0x58 CMakeFiles/picow_http_client.dir/C_/Users/S4MPA10/.pico-sdk/sdk/1.5.1/src/rp2_common/pico_rand/rand.c.obj
 .text.xoroshiro128ss
                0x10006dec       0x90 CMakeFiles/picow_http_client.dir/C_/Users/S4MPA10/.pico-sdk/sdk/1.5.1/src/rp2_common/pico_rand/rand.c.obj
 .text.get_rand_64
                0x10006e7c      0x4a4 CMakeFiles/picow_http_client.dir/C_/Users/S4MPA10/.pico-sdk/sdk/1.5.1/src/rp2_common/pico_rand/rand.c.obj
                0x10006e7c                get_rand_64
 .text.get_rand_32
                0x10007320        0x8 CMakeFiles/picow_http_client.dir/C_/Users/S4MPA10/.pico-sdk/sdk/1.5.1/src/rp2_common/pico_rand/rand.c.obj
                0x10007320                get_rand_32
 .text.lwip_init
                0x10007328       0x24 CMakeFiles/picow_http_client.dir/C_/Users/S4MPA10/.pico-sdk/sdk/1.5.1/lib/lwip/src/core/init.c.obj
                0x10007328                lwip_init
 .text.lwip_htons
                0x1000734c        0x8 CMakeFiles/picow_http_client.dir/C_/Users/S4MPA10/.pico-sdk/sdk/1.5.1/lib/lwip/src/core/def.c.obj
                0x1000734c                lwip_htons
 .text.lwip_htonl
                0x10007354        0x4 CMakeFiles/picow_http_client.dir/C_/Users/S4MPA10/.pico-sdk/sdk/1.5.1/lib/lwip/src/core/def.c.obj
                0x10007354                lwip_htonl
 .text.lwip_strnicmp
                0x10007358       0x40 CMakeFiles/picow_http_client.dir/C_/Users/S4MPA10/.pico-sdk/sdk/1.5.1/lib/lwip/src/core/def.c.obj
                0x10007358                lwip_strnicmp
 .text.dns_call_found
                0x10007398      0x184 CMakeFiles/picow_http_client.dir/C_/Users/S4MPA10/.pico-sdk/sdk/1.5.1/lib/lwip/src/core/dns.c.obj
 .text.dns_send.isra.0
                0x1000751c      0x174 CMakeFiles/picow_http_client.dir/C_/Users/S4MPA10/.pico-sdk/sdk/1.5.1/lib/lwip/src/core/dns.c.obj
 .text.dns_check_entry
                0x10007690      0x130 CMakeFiles/picow_http_client.dir/C_/Users/S4MPA10/.pico-sdk/sdk/1.5.1/lib/lwip/src/core/dns.c.obj
 .text.dns_recv
                0x100077c0      0x380 CMakeFiles/picow_http_client.dir/C_/Users/S4MPA10/.pico-sdk/sdk/1.5.1/lib/lwip/src/core/dns.c.obj
 .text.dns_init
                0x10007b40        0x4 CMakeFiles/picow_http_client.dir/C_/Users/S4MPA10/.pico-sdk/sdk/1.5.1/lib/lwip/src/core/dns.c.obj
                0x10007b40                dns_init
 .text.dns_setserver
                0x10007b44       0x24 CMakeFiles/picow_http_client.dir/C_/Users/S4MPA10/.pico-sdk/sdk/1.5.1/lib/lwip/src/core/dns.c.obj
                0x10007b44                dns_setserver
 .text.dns_tmr  0x10007b68      0x140 CMakeFiles/picow_http_client.dir/C_/Users/S4MPA10/.pico-sdk/sdk/1.5.1/lib/lwip/src/core/dns.c.obj
                0x10007b68                dns_tmr
 .text.dns_gethostbyname_addrtype
                0x10007ca8      0x5e0 CMakeFiles/picow_http_client.dir/C_/Users/S4MPA10/.pico-sdk/sdk/1.5.1/lib/lwip/src/core/dns.c.obj
                0x10007ca8                dns_gethostbyname_addrtype
 .text.dns_gethostbyname
                0x10008288       0x10 CMakeFiles/picow_http_client.dir/C_/Users/S4MPA10/.pico-sdk/sdk/1.5.1/lib/lwip/src/core/dns.c.obj
                0x10008288                dns_gethostbyname
 .text.lwip_standard_chksum
                0x10008298       0xdc CMakeFiles/picow_http_client.dir/C_/Users/S4MPA10/.pico-sdk/sdk/1.5.1/lib/lwip/src/core/inet_chksum.c.obj
                0x10008298                lwip_standard_chksum
 .text.inet_chksum_pseudo
                0x10008374       0xbc CMakeFiles/picow_http_client.dir/C_/Users/S4MPA10/.pico-sdk/sdk/1.5.1/lib/lwip/src/core/inet_chksum.c.obj
                0x10008374                inet_chksum_pseudo
 .text.ip_chksum_pseudo
                0x10008430       0x10 CMakeFiles/picow_http_client.dir/C_/Users/S4MPA10/.pico-sdk/sdk/1.5.1/lib/lwip/src/core/inet_chksum.c.obj
                0x10008430                ip_chksum_pseudo
 .text.inet_chksum
                0x10008440        0xc CMakeFiles/picow_http_client.dir/C_/Users/S4MPA10/.pico-sdk/sdk/1.5.1/lib/lwip/src/core/inet_chksum.c.obj
                0x10008440                inet_chksum
 .text.inet_chksum_pbuf
                0x1000844c       0x78 CMakeFiles/picow_http_client.dir/C_/Users/S4MPA10/.pico-sdk/sdk/1.5.1/lib/lwip/src/core/inet_chksum.c.obj
                0x1000844c                inet_chksum_pbuf
 .text.mem_init
                0x100084c4       0x3c CMakeFiles/picow_http_client.dir/C_/Users/S4MPA10/.pico-sdk/sdk/1.5.1/lib/lwip/src/core/mem.c.obj
                0x100084c4                mem_init
 .text.mem_free
                0x10008500      0x130 CMakeFiles/picow_http_client.dir/C_/Users/S4MPA10/.pico-sdk/sdk/1.5.1/lib/lwip/src/core/mem.c.obj
                0x10008500                mem_free
 .text.mem_trim
                0x10008630      0x104 CMakeFiles/picow_http_client.dir/C_/Users/S4MPA10/.pico-sdk/sdk/1.5.1/lib/lwip/src/core/mem.c.obj
                0x10008630                mem_trim
 .text.mem_malloc
                0x10008734      0x124 CMakeFiles/picow_http_client.dir/C_/Users/S4MPA10/.pico-sdk/sdk/1.5.1/lib/lwip/src/core/mem.c.obj
                0x10008734                mem_malloc
 .text.mem_calloc
                0x10008858       0x28 CMakeFiles/picow_http_client.dir/C_/Users/S4MPA10/.pico-sdk/sdk/1.5.1/lib/lwip/src/core/mem.c.obj
                0x10008858                mem_calloc
 .text.memp_init
                0x10008880       0x6c CMakeFiles/picow_http_client.dir/C_/Users/S4MPA10/.pico-sdk/sdk/1.5.1/lib/lwip/src/core/memp.c.obj
                0x10008880                memp_init
 .text.memp_malloc
                0x100088ec       0x40 CMakeFiles/picow_http_client.dir/C_/Users/S4MPA10/.pico-sdk/sdk/1.5.1/lib/lwip/src/core/memp.c.obj
                0x100088ec                memp_malloc
 .text.memp_free
                0x1000892c       0x38 CMakeFiles/picow_http_client.dir/C_/Users/S4MPA10/.pico-sdk/sdk/1.5.1/lib/lwip/src/core/memp.c.obj
                0x1000892c                memp_free
 .text.netif_null_output_ip4
                0x10008964        0x8 CMakeFiles/picow_http_client.dir/C_/Users/S4MPA10/.pico-sdk/sdk/1.5.1/lib/lwip/src/core/netif.c.obj
 .text.netif_do_set_ipaddr.isra.0
                0x1000896c       0x60 CMakeFiles/picow_http_client.dir/C_/Users/S4MPA10/.pico-sdk/sdk/1.5.1/lib/lwip/src/core/netif.c.obj
 .text.netif_init
                0x100089cc        0x4 CMakeFiles/picow_http_client.dir/C_/Users/S4MPA10/.pico-sdk/sdk/1.5.1/lib/lwip/src/core/netif.c.obj
                0x100089cc                netif_init
 .text.netif_add
                0x100089d0      0x16c CMakeFiles/picow_http_client.dir/C_/Users/S4MPA10/.pico-sdk/sdk/1.5.1/lib/lwip/src/core/netif.c.obj
                0x100089d0                netif_add
 .text.netif_set_addr
                0x10008b3c       0xb4 CMakeFiles/picow_http_client.dir/C_/Users/S4MPA10/.pico-sdk/sdk/1.5.1/lib/lwip/src/core/netif.c.obj
                0x10008b3c                netif_set_addr
 .text.netif_remove
                0x10008bf0       0x94 CMakeFiles/picow_http_client.dir/C_/Users/S4MPA10/.pico-sdk/sdk/1.5.1/lib/lwip/src/core/netif.c.obj
                0x10008bf0                netif_remove
 .text.netif_set_default
                0x10008c84        0xc CMakeFiles/picow_http_client.dir/C_/Users/S4MPA10/.pico-sdk/sdk/1.5.1/lib/lwip/src/core/netif.c.obj
                0x10008c84                netif_set_default
 .text.netif_set_up
                0x10008c90       0x40 CMakeFiles/picow_http_client.dir/C_/Users/S4MPA10/.pico-sdk/sdk/1.5.1/lib/lwip/src/core/netif.c.obj
                0x10008c90                netif_set_up
 .text.netif_set_link_up
                0x10008cd0       0x44 CMakeFiles/picow_http_client.dir/C_/Users/S4MPA10/.pico-sdk/sdk/1.5.1/lib/lwip/src/core/netif.c.obj
                0x10008cd0                netif_set_link_up
 .text.netif_set_link_down
                0x10008d14       0x20 CMakeFiles/picow_http_client.dir/C_/Users/S4MPA10/.pico-sdk/sdk/1.5.1/lib/lwip/src/core/netif.c.obj
                0x10008d14                netif_set_link_down
 .text.netif_get_by_index
                0x10008d34       0x2c CMakeFiles/picow_http_client.dir/C_/Users/S4MPA10/.pico-sdk/sdk/1.5.1/lib/lwip/src/core/netif.c.obj
                0x10008d34                netif_get_by_index
 .text.pbuf_free.part.0
                0x10008d60       0x7c CMakeFiles/picow_http_client.dir/C_/Users/S4MPA10/.pico-sdk/sdk/1.5.1/lib/lwip/src/core/pbuf.c.obj
 .text.pbuf_free_ooseq
                0x10008ddc       0x34 CMakeFiles/picow_http_client.dir/C_/Users/S4MPA10/.pico-sdk/sdk/1.5.1/lib/lwip/src/core/pbuf.c.obj
                0x10008ddc                pbuf_free_ooseq
 .text.pbuf_alloc
                0x10008e10      0x134 CMakeFiles/picow_http_client.dir/C_/Users/S4MPA10/.pico-sdk/sdk/1.5.1/lib/lwip/src/core/pbuf.c.obj
                0x10008e10                pbuf_alloc
 .text.pbuf_realloc
                0x10008f44       0x84 CMakeFiles/picow_http_client.dir/C_/Users/S4MPA10/.pico-sdk/sdk/1.5.1/lib/lwip/src/core/pbuf.c.obj
                0x10008f44                pbuf_realloc
 .text.pbuf_add_header
                0x10008fc8       0x50 CMakeFiles/picow_http_client.dir/C_/Users/S4MPA10/.pico-sdk/sdk/1.5.1/lib/lwip/src/core/pbuf.c.obj
                0x10008fc8                pbuf_add_header
 .text.pbuf_remove_header
                0x10009018       0x3c CMakeFiles/picow_http_client.dir/C_/Users/S4MPA10/.pico-sdk/sdk/1.5.1/lib/lwip/src/core/pbuf.c.obj
                0x10009018                pbuf_remove_header
 .text.pbuf_header_force
                0x10009054       0x68 CMakeFiles/picow_http_client.dir/C_/Users/S4MPA10/.pico-sdk/sdk/1.5.1/lib/lwip/src/core/pbuf.c.obj
                0x10009054                pbuf_header_force
 .text.pbuf_free_header
                0x100090bc       0x44 CMakeFiles/picow_http_client.dir/C_/Users/S4MPA10/.pico-sdk/sdk/1.5.1/lib/lwip/src/core/pbuf.c.obj
                0x100090bc                pbuf_free_header
 .text.pbuf_free
                0x10009100       0x18 CMakeFiles/picow_http_client.dir/C_/Users/S4MPA10/.pico-sdk/sdk/1.5.1/lib/lwip/src/core/pbuf.c.obj
                0x10009100                pbuf_free
 .text.pbuf_clen
                0x10009118       0x14 CMakeFiles/picow_http_client.dir/C_/Users/S4MPA10/.pico-sdk/sdk/1.5.1/lib/lwip/src/core/pbuf.c.obj
                0x10009118                pbuf_clen
 .text.pbuf_ref
                0x1000912c       0x28 CMakeFiles/picow_http_client.dir/C_/Users/S4MPA10/.pico-sdk/sdk/1.5.1/lib/lwip/src/core/pbuf.c.obj
                0x1000912c                pbuf_ref
 .text.pbuf_cat
                0x10009154       0x44 CMakeFiles/picow_http_client.dir/C_/Users/S4MPA10/.pico-sdk/sdk/1.5.1/lib/lwip/src/core/pbuf.c.obj
                0x10009154                pbuf_cat
 .text.pbuf_chain
                0x10009198       0x64 CMakeFiles/picow_http_client.dir/C_/Users/S4MPA10/.pico-sdk/sdk/1.5.1/lib/lwip/src/core/pbuf.c.obj
                0x10009198                pbuf_chain
 .text.pbuf_copy_partial_pbuf
                0x100091fc      0x148 CMakeFiles/picow_http_client.dir/C_/Users/S4MPA10/.pico-sdk/sdk/1.5.1/lib/lwip/src/core/pbuf.c.obj
                0x100091fc                pbuf_copy_partial_pbuf
 .text.pbuf_copy
                0x10009344       0x18 CMakeFiles/picow_http_client.dir/C_/Users/S4MPA10/.pico-sdk/sdk/1.5.1/lib/lwip/src/core/pbuf.c.obj
                0x10009344                pbuf_copy
 .text.pbuf_copy_partial
                0x1000935c       0x68 CMakeFiles/picow_http_client.dir/C_/Users/S4MPA10/.pico-sdk/sdk/1.5.1/lib/lwip/src/core/pbuf.c.obj
                0x1000935c                pbuf_copy_partial
 .text.pbuf_take
                0x100093c4       0x78 CMakeFiles/picow_http_client.dir/C_/Users/S4MPA10/.pico-sdk/sdk/1.5.1/lib/lwip/src/core/pbuf.c.obj
                0x100093c4                pbuf_take
 .text.pbuf_take_at
                0x1000943c       0xcc CMakeFiles/picow_http_client.dir/C_/Users/S4MPA10/.pico-sdk/sdk/1.5.1/lib/lwip/src/core/pbuf.c.obj
                0x1000943c                pbuf_take_at
 .text.pbuf_clone
                0x10009508       0x30 CMakeFiles/picow_http_client.dir/C_/Users/S4MPA10/.pico-sdk/sdk/1.5.1/lib/lwip/src/core/pbuf.c.obj
                0x10009508                pbuf_clone
 .text.pbuf_get_at
                0x10009538       0x20 CMakeFiles/picow_http_client.dir/C_/Users/S4MPA10/.pico-sdk/sdk/1.5.1/lib/lwip/src/core/pbuf.c.obj
                0x10009538                pbuf_get_at
 .text.pbuf_try_get_at
                0x10009558       0x28 CMakeFiles/picow_http_client.dir/C_/Users/S4MPA10/.pico-sdk/sdk/1.5.1/lib/lwip/src/core/pbuf.c.obj
                0x10009558                pbuf_try_get_at
 .text.pbuf_put_at
                0x10009580       0x1c CMakeFiles/picow_http_client.dir/C_/Users/S4MPA10/.pico-sdk/sdk/1.5.1/lib/lwip/src/core/pbuf.c.obj
                0x10009580                pbuf_put_at
 .text.pbuf_memcmp
                0x1000959c       0x6c CMakeFiles/picow_http_client.dir/C_/Users/S4MPA10/.pico-sdk/sdk/1.5.1/lib/lwip/src/core/pbuf.c.obj
                0x1000959c                pbuf_memcmp
 .text.pbuf_memfind
                0x10009608       0xb0 CMakeFiles/picow_http_client.dir/C_/Users/S4MPA10/.pico-sdk/sdk/1.5.1/lib/lwip/src/core/pbuf.c.obj
                0x10009608                pbuf_memfind
 .text.raw_input
                0x100096b8      0x164 CMakeFiles/picow_http_client.dir/C_/Users/S4MPA10/.pico-sdk/sdk/1.5.1/lib/lwip/src/core/raw.c.obj
                0x100096b8                raw_input
 .text.raw_netif_ip_addr_changed
                0x1000981c       0x40 CMakeFiles/picow_http_client.dir/C_/Users/S4MPA10/.pico-sdk/sdk/1.5.1/lib/lwip/src/core/raw.c.obj
                0x1000981c                raw_netif_ip_addr_changed
 .text.stats_init
                0x1000985c        0x4 CMakeFiles/picow_http_client.dir/C_/Users/S4MPA10/.pico-sdk/sdk/1.5.1/lib/lwip/src/core/stats.c.obj
                0x1000985c                stats_init
 .text.altcp_alloc
                0x10009860       0x18 CMakeFiles/picow_http_client.dir/C_/Users/S4MPA10/.pico-sdk/sdk/1.5.1/lib/lwip/src/core/altcp.c.obj
                0x10009860                altcp_alloc
 .text.altcp_free
                0x10009878       0x20 CMakeFiles/picow_http_client.dir/C_/Users/S4MPA10/.pico-sdk/sdk/1.5.1/lib/lwip/src/core/altcp.c.obj
                0x10009878                altcp_free
 .text.altcp_new
                0x10009898       0x20 CMakeFiles/picow_http_client.dir/C_/Users/S4MPA10/.pico-sdk/sdk/1.5.1/lib/lwip/src/core/altcp.c.obj
                0x10009898                altcp_new
 .text.altcp_arg
                0x100098b8        0x8 CMakeFiles/picow_http_client.dir/C_/Users/S4MPA10/.pico-sdk/sdk/1.5.1/lib/lwip/src/core/altcp.c.obj
                0x100098b8                altcp_arg
 .text.altcp_accept
                0x100098c0        0x8 CMakeFiles/picow_http_client.dir/C_/Users/S4MPA10/.pico-sdk/sdk/1.5.1/lib/lwip/src/core/altcp.c.obj
                0x100098c0                altcp_accept
 .text.altcp_recv
                0x100098c8        0x8 CMakeFiles/picow_http_client.dir/C_/Users/S4MPA10/.pico-sdk/sdk/1.5.1/lib/lwip/src/core/altcp.c.obj
                0x100098c8                altcp_recv
 .text.altcp_sent
                0x100098d0        0x8 CMakeFiles/picow_http_client.dir/C_/Users/S4MPA10/.pico-sdk/sdk/1.5.1/lib/lwip/src/core/altcp.c.obj
                0x100098d0                altcp_sent
 .text.altcp_poll
                0x100098d8       0x20 CMakeFiles/picow_http_client.dir/C_/Users/S4MPA10/.pico-sdk/sdk/1.5.1/lib/lwip/src/core/altcp.c.obj
                0x100098d8                altcp_poll
 .text.altcp_err
                0x100098f8        0x8 CMakeFiles/picow_http_client.dir/C_/Users/S4MPA10/.pico-sdk/sdk/1.5.1/lib/lwip/src/core/altcp.c.obj
                0x100098f8                altcp_err
 .text.altcp_recved
                0x10009900       0x18 CMakeFiles/picow_http_client.dir/C_/Users/S4MPA10/.pico-sdk/sdk/1.5.1/lib/lwip/src/core/altcp.c.obj
                0x10009900                altcp_recved
 .text.altcp_connect
                0x10009918       0x1c CMakeFiles/picow_http_client.dir/C_/Users/S4MPA10/.pico-sdk/sdk/1.5.1/lib/lwip/src/core/altcp.c.obj
                0x10009918                altcp_connect
 .text.altcp_listen_with_backlog_and_err
                0x10009934       0x20 CMakeFiles/picow_http_client.dir/C_/Users/S4MPA10/.pico-sdk/sdk/1.5.1/lib/lwip/src/core/altcp.c.obj
                0x10009934                altcp_listen_with_backlog_and_err
 .text.altcp_abort
                0x10009954       0x18 CMakeFiles/picow_http_client.dir/C_/Users/S4MPA10/.pico-sdk/sdk/1.5.1/lib/lwip/src/core/altcp.c.obj
                0x10009954                altcp_abort
 .text.altcp_close
                0x1000996c       0x1c CMakeFiles/picow_http_client.dir/C_/Users/S4MPA10/.pico-sdk/sdk/1.5.1/lib/lwip/src/core/altcp.c.obj
                0x1000996c                altcp_close
 .text.altcp_write
                0x10009988       0x1c CMakeFiles/picow_http_client.dir/C_/Users/S4MPA10/.pico-sdk/sdk/1.5.1/lib/lwip/src/core/altcp.c.obj
                0x10009988                altcp_write
 .text.altcp_output
                0x100099a4       0x1c CMakeFiles/picow_http_client.dir/C_/Users/S4MPA10/.pico-sdk/sdk/1.5.1/lib/lwip/src/core/altcp.c.obj
                0x100099a4                altcp_output
 .text.altcp_mss
                0x100099c0       0x20 CMakeFiles/picow_http_client.dir/C_/Users/S4MPA10/.pico-sdk/sdk/1.5.1/lib/lwip/src/core/altcp.c.obj
                0x100099c0                altcp_mss
 .text.altcp_sndbuf
                0x100099e0       0x20 CMakeFiles/picow_http_client.dir/C_/Users/S4MPA10/.pico-sdk/sdk/1.5.1/lib/lwip/src/core/altcp.c.obj
                0x100099e0                altcp_sndbuf
 .text.altcp_default_bind
                0x10009a00       0x24 CMakeFiles/picow_http_client.dir/C_/Users/S4MPA10/.pico-sdk/sdk/1.5.1/lib/lwip/src/core/altcp.c.obj
                0x10009a00                altcp_default_bind
 .text.altcp_default_shutdown
                0x10009a24       0x3c CMakeFiles/picow_http_client.dir/C_/Users/S4MPA10/.pico-sdk/sdk/1.5.1/lib/lwip/src/core/altcp.c.obj
                0x10009a24                altcp_default_shutdown
 .text.altcp_default_output
                0x10009a60       0x24 CMakeFiles/picow_http_client.dir/C_/Users/S4MPA10/.pico-sdk/sdk/1.5.1/lib/lwip/src/core/altcp.c.obj
                0x10009a60                altcp_default_output
 .text.altcp_default_sndbuf
                0x10009a84       0x24 CMakeFiles/picow_http_client.dir/C_/Users/S4MPA10/.pico-sdk/sdk/1.5.1/lib/lwip/src/core/altcp.c.obj
                0x10009a84                altcp_default_sndbuf
 .text.altcp_default_sndqueuelen
                0x10009aa8       0x24 CMakeFiles/picow_http_client.dir/C_/Users/S4MPA10/.pico-sdk/sdk/1.5.1/lib/lwip/src/core/altcp.c.obj
                0x10009aa8                altcp_default_sndqueuelen
 .text.altcp_default_nagle_disable
                0x10009acc       0x1c CMakeFiles/picow_http_client.dir/C_/Users/S4MPA10/.pico-sdk/sdk/1.5.1/lib/lwip/src/core/altcp.c.obj
                0x10009acc                altcp_default_nagle_disable
 .text.altcp_default_nagle_enable
                0x10009ae8       0x1c CMakeFiles/picow_http_client.dir/C_/Users/S4MPA10/.pico-sdk/sdk/1.5.1/lib/lwip/src/core/altcp.c.obj
                0x10009ae8                altcp_default_nagle_enable
 .text.altcp_default_nagle_disabled
                0x10009b04       0x24 CMakeFiles/picow_http_client.dir/C_/Users/S4MPA10/.pico-sdk/sdk/1.5.1/lib/lwip/src/core/altcp.c.obj
                0x10009b04                altcp_default_nagle_disabled
 .text.altcp_default_setprio
                0x10009b28       0x1c CMakeFiles/picow_http_client.dir/C_/Users/S4MPA10/.pico-sdk/sdk/1.5.1/lib/lwip/src/core/altcp.c.obj
                0x10009b28                altcp_default_setprio
 .text.altcp_default_get_tcp_addrinfo
                0x10009b44       0x24 CMakeFiles/picow_http_client.dir/C_/Users/S4MPA10/.pico-sdk/sdk/1.5.1/lib/lwip/src/core/altcp.c.obj
                0x10009b44                altcp_default_get_tcp_addrinfo
 .text.altcp_default_get_ip
                0x10009b68       0x20 CMakeFiles/picow_http_client.dir/C_/Users/S4MPA10/.pico-sdk/sdk/1.5.1/lib/lwip/src/core/altcp.c.obj
                0x10009b68                altcp_default_get_ip
 .text.altcp_default_get_port
                0x10009b88       0x24 CMakeFiles/picow_http_client.dir/C_/Users/S4MPA10/.pico-sdk/sdk/1.5.1/lib/lwip/src/core/altcp.c.obj
                0x10009b88                altcp_default_get_port
 .text.altcp_default_keepalive_disable
                0x10009bac       0x1c CMakeFiles/picow_http_client.dir/C_/Users/S4MPA10/.pico-sdk/sdk/1.5.1/lib/lwip/src/core/altcp.c.obj
                0x10009bac                altcp_default_keepalive_disable
 .text.altcp_default_keepalive_enable
                0x10009bc8       0x1c CMakeFiles/picow_http_client.dir/C_/Users/S4MPA10/.pico-sdk/sdk/1.5.1/lib/lwip/src/core/altcp.c.obj
                0x10009bc8                altcp_default_keepalive_enable
 .text.altcp_tls_alloc
                0x10009be4       0x2c CMakeFiles/picow_http_client.dir/C_/Users/S4MPA10/.pico-sdk/sdk/1.5.1/lib/lwip/src/core/altcp_alloc.c.obj
                0x10009be4                altcp_tls_alloc
 .text.altcp_tcp_err
                0x10009c10       0x1c CMakeFiles/picow_http_client.dir/C_/Users/S4MPA10/.pico-sdk/sdk/1.5.1/lib/lwip/src/core/altcp_tcp.c.obj
 .text.altcp_tcp_get_port
                0x10009c2c       0x2c CMakeFiles/picow_http_client.dir/C_/Users/S4MPA10/.pico-sdk/sdk/1.5.1/lib/lwip/src/core/altcp_tcp.c.obj
 .text.altcp_tcp_get_ip
                0x10009c58       0x2c CMakeFiles/picow_http_client.dir/C_/Users/S4MPA10/.pico-sdk/sdk/1.5.1/lib/lwip/src/core/altcp_tcp.c.obj
 .text.altcp_tcp_nagle_disabled
                0x10009c84       0x28 CMakeFiles/picow_http_client.dir/C_/Users/S4MPA10/.pico-sdk/sdk/1.5.1/lib/lwip/src/core/altcp_tcp.c.obj
 .text.altcp_tcp_sndqueuelen
                0x10009cac       0x24 CMakeFiles/picow_http_client.dir/C_/Users/S4MPA10/.pico-sdk/sdk/1.5.1/lib/lwip/src/core/altcp_tcp.c.obj
 .text.altcp_tcp_sndbuf
                0x10009cd0       0x24 CMakeFiles/picow_http_client.dir/C_/Users/S4MPA10/.pico-sdk/sdk/1.5.1/lib/lwip/src/core/altcp_tcp.c.obj
 .text.altcp_tcp_mss
                0x10009cf4       0x20 CMakeFiles/picow_http_client.dir/C_/Users/S4MPA10/.pico-sdk/sdk/1.5.1/lib/lwip/src/core/altcp_tcp.c.obj
 .text.altcp_tcp_get_tcp_addrinfo
                0x10009d14       0x24 CMakeFiles/picow_http_client.dir/C_/Users/S4MPA10/.pico-sdk/sdk/1.5.1/lib/lwip/src/core/altcp_tcp.c.obj
 .text.altcp_tcp_output
                0x10009d38       0x24 CMakeFiles/picow_http_client.dir/C_/Users/S4MPA10/.pico-sdk/sdk/1.5.1/lib/lwip/src/core/altcp_tcp.c.obj
 .text.altcp_tcp_write
                0x10009d5c       0x24 CMakeFiles/picow_http_client.dir/C_/Users/S4MPA10/.pico-sdk/sdk/1.5.1/lib/lwip/src/core/altcp_tcp.c.obj
 .text.altcp_tcp_shutdown
                0x10009d80       0x24 CMakeFiles/picow_http_client.dir/C_/Users/S4MPA10/.pico-sdk/sdk/1.5.1/lib/lwip/src/core/altcp_tcp.c.obj
 .text.altcp_tcp_listen
                0x10009da4       0x34 CMakeFiles/picow_http_client.dir/C_/Users/S4MPA10/.pico-sdk/sdk/1.5.1/lib/lwip/src/core/altcp_tcp.c.obj
 .text.altcp_tcp_connect
                0x10009dd8       0x2c CMakeFiles/picow_http_client.dir/C_/Users/S4MPA10/.pico-sdk/sdk/1.5.1/lib/lwip/src/core/altcp_tcp.c.obj
 .text.altcp_tcp_bind
                0x10009e04       0x24 CMakeFiles/picow_http_client.dir/C_/Users/S4MPA10/.pico-sdk/sdk/1.5.1/lib/lwip/src/core/altcp_tcp.c.obj
 .text.altcp_tcp_close
                0x10009e28       0xb8 CMakeFiles/picow_http_client.dir/C_/Users/S4MPA10/.pico-sdk/sdk/1.5.1/lib/lwip/src/core/altcp_tcp.c.obj
 .text.altcp_tcp_sent
                0x10009ee0       0x3c CMakeFiles/picow_http_client.dir/C_/Users/S4MPA10/.pico-sdk/sdk/1.5.1/lib/lwip/src/core/altcp_tcp.c.obj
 .text.altcp_tcp_keepalive_enable.part.0
                0x10009f1c        0xc CMakeFiles/picow_http_client.dir/C_/Users/S4MPA10/.pico-sdk/sdk/1.5.1/lib/lwip/src/core/altcp_tcp.c.obj
 .text.altcp_tcp_keepalive_enable
                0x10009f28       0x48 CMakeFiles/picow_http_client.dir/C_/Users/S4MPA10/.pico-sdk/sdk/1.5.1/lib/lwip/src/core/altcp_tcp.c.obj
 .text.altcp_tcp_keepalive_disable
                0x10009f70       0x20 CMakeFiles/picow_http_client.dir/C_/Users/S4MPA10/.pico-sdk/sdk/1.5.1/lib/lwip/src/core/altcp_tcp.c.obj
 .text.altcp_tcp_dealloc
                0x10009f90       0x14 CMakeFiles/picow_http_client.dir/C_/Users/S4MPA10/.pico-sdk/sdk/1.5.1/lib/lwip/src/core/altcp_tcp.c.obj
 .text.altcp_tcp_nagle_enable
                0x10009fa4       0x20 CMakeFiles/picow_http_client.dir/C_/Users/S4MPA10/.pico-sdk/sdk/1.5.1/lib/lwip/src/core/altcp_tcp.c.obj
 .text.altcp_tcp_nagle_disable
                0x10009fc4       0x20 CMakeFiles/picow_http_client.dir/C_/Users/S4MPA10/.pico-sdk/sdk/1.5.1/lib/lwip/src/core/altcp_tcp.c.obj
 .text.altcp_tcp_connected
                0x10009fe4       0x3c CMakeFiles/picow_http_client.dir/C_/Users/S4MPA10/.pico-sdk/sdk/1.5.1/lib/lwip/src/core/altcp_tcp.c.obj
 .text.altcp_tcp_poll
                0x1000a020       0x3c CMakeFiles/picow_http_client.dir/C_/Users/S4MPA10/.pico-sdk/sdk/1.5.1/lib/lwip/src/core/altcp_tcp.c.obj
 .text.altcp_tcp_recv
                0x1000a05c       0x44 CMakeFiles/picow_http_client.dir/C_/Users/S4MPA10/.pico-sdk/sdk/1.5.1/lib/lwip/src/core/altcp_tcp.c.obj
 .text.altcp_tcp_setprio
                0x1000a0a0       0x1c CMakeFiles/picow_http_client.dir/C_/Users/S4MPA10/.pico-sdk/sdk/1.5.1/lib/lwip/src/core/altcp_tcp.c.obj
 .text.altcp_tcp_set_poll
                0x1000a0bc       0x24 CMakeFiles/picow_http_client.dir/C_/Users/S4MPA10/.pico-sdk/sdk/1.5.1/lib/lwip/src/core/altcp_tcp.c.obj
 .text.altcp_tcp_abort
                0x1000a0e0       0x20 CMakeFiles/picow_http_client.dir/C_/Users/S4MPA10/.pico-sdk/sdk/1.5.1/lib/lwip/src/core/altcp_tcp.c.obj
 .text.altcp_tcp_recved
                0x1000a100       0x1c CMakeFiles/picow_http_client.dir/C_/Users/S4MPA10/.pico-sdk/sdk/1.5.1/lib/lwip/src/core/altcp_tcp.c.obj
 .text.altcp_tcp_accept
                0x1000a11c       0x70 CMakeFiles/picow_http_client.dir/C_/Users/S4MPA10/.pico-sdk/sdk/1.5.1/lib/lwip/src/core/altcp_tcp.c.obj
 .text.altcp_tcp_new_ip_type
                0x1000a18c       0x60 CMakeFiles/picow_http_client.dir/C_/Users/S4MPA10/.pico-sdk/sdk/1.5.1/lib/lwip/src/core/altcp_tcp.c.obj
                0x1000a18c                altcp_tcp_new_ip_type
 .text.tcp_close_shutdown_fin
                0x1000a1ec       0x54 CMakeFiles/picow_http_client.dir/C_/Users/S4MPA10/.pico-sdk/sdk/1.5.1/lib/lwip/src/core/tcp.c.obj
 .text.tcp_pcb_purge.part.0
                0x1000a240       0xc4 CMakeFiles/picow_http_client.dir/C_/Users/S4MPA10/.pico-sdk/sdk/1.5.1/lib/lwip/src/core/tcp.c.obj
 .text.tcp_init
                0x1000a304       0x20 CMakeFiles/picow_http_client.dir/C_/Users/S4MPA10/.pico-sdk/sdk/1.5.1/lib/lwip/src/core/tcp.c.obj
                0x1000a304                tcp_init
 .text.tcp_free
                0x1000a324       0x1c CMakeFiles/picow_http_client.dir/C_/Users/S4MPA10/.pico-sdk/sdk/1.5.1/lib/lwip/src/core/tcp.c.obj
                0x1000a324                tcp_free
 .text.tcp_bind
                0x1000a340       0xf4 CMakeFiles/picow_http_client.dir/C_/Users/S4MPA10/.pico-sdk/sdk/1.5.1/lib/lwip/src/core/tcp.c.obj
                0x1000a340                tcp_bind
 .text.tcp_listen_with_backlog_and_err
                0x1000a434       0xb8 CMakeFiles/picow_http_client.dir/C_/Users/S4MPA10/.pico-sdk/sdk/1.5.1/lib/lwip/src/core/tcp.c.obj
                0x1000a434                tcp_listen_with_backlog_and_err
 .text.tcp_update_rcv_ann_wnd
                0x1000a4ec       0x54 CMakeFiles/picow_http_client.dir/C_/Users/S4MPA10/.pico-sdk/sdk/1.5.1/lib/lwip/src/core/tcp.c.obj
                0x1000a4ec                tcp_update_rcv_ann_wnd
 .text.tcp_recved
                0x1000a540       0x90 CMakeFiles/picow_http_client.dir/C_/Users/S4MPA10/.pico-sdk/sdk/1.5.1/lib/lwip/src/core/tcp.c.obj
                0x1000a540                tcp_recved
 .text.tcp_connect
                0x1000a5d0      0x1b8 CMakeFiles/picow_http_client.dir/C_/Users/S4MPA10/.pico-sdk/sdk/1.5.1/lib/lwip/src/core/tcp.c.obj
                0x1000a5d0                tcp_connect
 .text.tcp_slowtmr
                0x1000a788      0x524 CMakeFiles/picow_http_client.dir/C_/Users/S4MPA10/.pico-sdk/sdk/1.5.1/lib/lwip/src/core/tcp.c.obj
                0x1000a788                tcp_slowtmr
 .text.tcp_segs_free
                0x1000acac       0x38 CMakeFiles/picow_http_client.dir/C_/Users/S4MPA10/.pico-sdk/sdk/1.5.1/lib/lwip/src/core/tcp.c.obj
                0x1000acac                tcp_segs_free
 .text.tcp_seg_free
                0x1000ace4       0x1c CMakeFiles/picow_http_client.dir/C_/Users/S4MPA10/.pico-sdk/sdk/1.5.1/lib/lwip/src/core/tcp.c.obj
                0x1000ace4                tcp_seg_free
 .text.tcp_setprio
                0x1000ad00        0x8 CMakeFiles/picow_http_client.dir/C_/Users/S4MPA10/.pico-sdk/sdk/1.5.1/lib/lwip/src/core/tcp.c.obj
                0x1000ad00                tcp_setprio
 .text.tcp_seg_copy
                0x1000ad08       0x2c CMakeFiles/picow_http_client.dir/C_/Users/S4MPA10/.pico-sdk/sdk/1.5.1/lib/lwip/src/core/tcp.c.obj
                0x1000ad08                tcp_seg_copy
 .text.tcp_arg  0x1000ad34        0x8 CMakeFiles/picow_http_client.dir/C_/Users/S4MPA10/.pico-sdk/sdk/1.5.1/lib/lwip/src/core/tcp.c.obj
                0x1000ad34                tcp_arg
 .text.tcp_recv
                0x1000ad3c       0x1c CMakeFiles/picow_http_client.dir/C_/Users/S4MPA10/.pico-sdk/sdk/1.5.1/lib/lwip/src/core/tcp.c.obj
                0x1000ad3c                tcp_recv
 .text.tcp_sent
                0x1000ad58       0x1c CMakeFiles/picow_http_client.dir/C_/Users/S4MPA10/.pico-sdk/sdk/1.5.1/lib/lwip/src/core/tcp.c.obj
                0x1000ad58                tcp_sent
 .text.tcp_err  0x1000ad74       0x1c CMakeFiles/picow_http_client.dir/C_/Users/S4MPA10/.pico-sdk/sdk/1.5.1/lib/lwip/src/core/tcp.c.obj
                0x1000ad74                tcp_err
 .text.tcp_accept
                0x1000ad90       0x10 CMakeFiles/picow_http_client.dir/C_/Users/S4MPA10/.pico-sdk/sdk/1.5.1/lib/lwip/src/core/tcp.c.obj
                0x1000ad90                tcp_accept
 .text.tcp_poll
                0x1000ada0       0x20 CMakeFiles/picow_http_client.dir/C_/Users/S4MPA10/.pico-sdk/sdk/1.5.1/lib/lwip/src/core/tcp.c.obj
                0x1000ada0                tcp_poll
 .text.tcp_pcb_purge
                0x1000adc0       0x18 CMakeFiles/picow_http_client.dir/C_/Users/S4MPA10/.pico-sdk/sdk/1.5.1/lib/lwip/src/core/tcp.c.obj
                0x1000adc0                tcp_pcb_purge
 .text.tcp_pcb_remove
                0x1000add8       0xc8 CMakeFiles/picow_http_client.dir/C_/Users/S4MPA10/.pico-sdk/sdk/1.5.1/lib/lwip/src/core/tcp.c.obj
                0x1000add8                tcp_pcb_remove
 .text.tcp_abandon
                0x1000aea0      0x1a0 CMakeFiles/picow_http_client.dir/C_/Users/S4MPA10/.pico-sdk/sdk/1.5.1/lib/lwip/src/core/tcp.c.obj
                0x1000aea0                tcp_abandon
 .text.tcp_abort
                0x1000b040        0xc CMakeFiles/picow_http_client.dir/C_/Users/S4MPA10/.pico-sdk/sdk/1.5.1/lib/lwip/src/core/tcp.c.obj
                0x1000b040                tcp_abort
 .text.tcp_accept_null
                0x1000b04c       0x20 CMakeFiles/picow_http_client.dir/C_/Users/S4MPA10/.pico-sdk/sdk/1.5.1/lib/lwip/src/core/tcp.c.obj
 .text.tcp_alloc
                0x1000b06c      0x1d4 CMakeFiles/picow_http_client.dir/C_/Users/S4MPA10/.pico-sdk/sdk/1.5.1/lib/lwip/src/core/tcp.c.obj
                0x1000b06c                tcp_alloc
 .text.tcp_new_ip_type
                0x1000b240        0xc CMakeFiles/picow_http_client.dir/C_/Users/S4MPA10/.pico-sdk/sdk/1.5.1/lib/lwip/src/core/tcp.c.obj
                0x1000b240                tcp_new_ip_type
 .text.tcp_close_shutdown
                0x1000b24c      0x184 CMakeFiles/picow_http_client.dir/C_/Users/S4MPA10/.pico-sdk/sdk/1.5.1/lib/lwip/src/core/tcp.c.obj
 .text.tcp_shutdown
                0x1000b3d0       0x60 CMakeFiles/picow_http_client.dir/C_/Users/S4MPA10/.pico-sdk/sdk/1.5.1/lib/lwip/src/core/tcp.c.obj
                0x1000b3d0                tcp_shutdown
 .text.tcp_recv_null
                0x1000b430       0xc4 CMakeFiles/picow_http_client.dir/C_/Users/S4MPA10/.pico-sdk/sdk/1.5.1/lib/lwip/src/core/tcp.c.obj
                0x1000b430                tcp_recv_null
 .text.tcp_process_refused_data
                0x1000b4f4       0x74 CMakeFiles/picow_http_client.dir/C_/Users/S4MPA10/.pico-sdk/sdk/1.5.1/lib/lwip/src/core/tcp.c.obj
                0x1000b4f4                tcp_process_refused_data
 .text.tcp_fasttmr
                0x1000b568       0x98 CMakeFiles/picow_http_client.dir/C_/Users/S4MPA10/.pico-sdk/sdk/1.5.1/lib/lwip/src/core/tcp.c.obj
                0x1000b568                tcp_fasttmr
 .text.tcp_tmr  0x1000b600       0x20 CMakeFiles/picow_http_client.dir/C_/Users/S4MPA10/.pico-sdk/sdk/1.5.1/lib/lwip/src/core/tcp.c.obj
                0x1000b600                tcp_tmr
 .text.tcp_close
                0x1000b620      0x16c CMakeFiles/picow_http_client.dir/C_/Users/S4MPA10/.pico-sdk/sdk/1.5.1/lib/lwip/src/core/tcp.c.obj
                0x1000b620                tcp_close
 .text.tcp_next_iss
                0x1000b78c       0x28 CMakeFiles/picow_http_client.dir/C_/Users/S4MPA10/.pico-sdk/sdk/1.5.1/lib/lwip/src/core/tcp.c.obj
                0x1000b78c                tcp_next_iss
 .text.tcp_eff_send_mss_netif
                0x1000b7b4       0x34 CMakeFiles/picow_http_client.dir/C_/Users/S4MPA10/.pico-sdk/sdk/1.5.1/lib/lwip/src/core/tcp.c.obj
                0x1000b7b4                tcp_eff_send_mss_netif
 .text.tcp_netif_ip_addr_changed
                0x1000b7e8       0x94 CMakeFiles/picow_http_client.dir/C_/Users/S4MPA10/.pico-sdk/sdk/1.5.1/lib/lwip/src/core/tcp.c.obj
                0x1000b7e8                tcp_netif_ip_addr_changed
 .text.tcp_tcp_get_tcp_addrinfo
                0x1000b87c       0x34 CMakeFiles/picow_http_client.dir/C_/Users/S4MPA10/.pico-sdk/sdk/1.5.1/lib/lwip/src/core/tcp.c.obj
                0x1000b87c                tcp_tcp_get_tcp_addrinfo
 .text.tcp_free_ooseq
                0x1000b8b0       0x40 CMakeFiles/picow_http_client.dir/C_/Users/S4MPA10/.pico-sdk/sdk/1.5.1/lib/lwip/src/core/tcp.c.obj
                0x1000b8b0                tcp_free_ooseq
 .text.tcp_parseopt
                0x1000b8f0      0x1bc CMakeFiles/picow_http_client.dir/C_/Users/S4MPA10/.pico-sdk/sdk/1.5.1/lib/lwip/src/core/tcp_in.c.obj
 .text.tcp_oos_insert_segment
                0x1000baac       0xdc CMakeFiles/picow_http_client.dir/C_/Users/S4MPA10/.pico-sdk/sdk/1.5.1/lib/lwip/src/core/tcp_in.c.obj
 .text.tcp_free_acked_segments.isra.0
                0x1000bb88       0xdc CMakeFiles/picow_http_client.dir/C_/Users/S4MPA10/.pico-sdk/sdk/1.5.1/lib/lwip/src/core/tcp_in.c.obj
 .text.tcp_receive
                0x1000bc64      0xa00 CMakeFiles/picow_http_client.dir/C_/Users/S4MPA10/.pico-sdk/sdk/1.5.1/lib/lwip/src/core/tcp_in.c.obj
 .text.tcp_input
                0x1000c664      0xe50 CMakeFiles/picow_http_client.dir/C_/Users/S4MPA10/.pico-sdk/sdk/1.5.1/lib/lwip/src/core/tcp_in.c.obj
                0x1000c664                tcp_input
 .text.tcp_trigger_input_pcb_close
                0x1000d4b4       0x10 CMakeFiles/picow_http_client.dir/C_/Users/S4MPA10/.pico-sdk/sdk/1.5.1/lib/lwip/src/core/tcp_in.c.obj
                0x1000d4b4                tcp_trigger_input_pcb_close
 .text.tcp_create_segment
                0x1000d4c4       0xf8 CMakeFiles/picow_http_client.dir/C_/Users/S4MPA10/.pico-sdk/sdk/1.5.1/lib/lwip/src/core/tcp_out.c.obj
 .text.tcp_output_control_segment
                0x1000d5bc       0xc0 CMakeFiles/picow_http_client.dir/C_/Users/S4MPA10/.pico-sdk/sdk/1.5.1/lib/lwip/src/core/tcp_out.c.obj
 .text.tcp_output_alloc_header.constprop.0
                0x1000d67c       0xc8 CMakeFiles/picow_http_client.dir/C_/Users/S4MPA10/.pico-sdk/sdk/1.5.1/lib/lwip/src/core/tcp_out.c.obj
 .text.tcp_write
                0x1000d744      0x468 CMakeFiles/picow_http_client.dir/C_/Users/S4MPA10/.pico-sdk/sdk/1.5.1/lib/lwip/src/core/tcp_out.c.obj
                0x1000d744                tcp_write
 .text.tcp_split_unsent_seg
                0x1000dbac      0x1b4 CMakeFiles/picow_http_client.dir/C_/Users/S4MPA10/.pico-sdk/sdk/1.5.1/lib/lwip/src/core/tcp_out.c.obj
                0x1000dbac                tcp_split_unsent_seg
 .text.tcp_send_fin
                0x1000dd60      0x118 CMakeFiles/picow_http_client.dir/C_/Users/S4MPA10/.pico-sdk/sdk/1.5.1/lib/lwip/src/core/tcp_out.c.obj
                0x1000dd60                tcp_send_fin
 .text.tcp_enqueue_flags
                0x1000de78      0x108 CMakeFiles/picow_http_client.dir/C_/Users/S4MPA10/.pico-sdk/sdk/1.5.1/lib/lwip/src/core/tcp_out.c.obj
                0x1000de78                tcp_enqueue_flags
 .text.tcp_rexmit_rto_prepare
                0x1000df80       0x9c CMakeFiles/picow_http_client.dir/C_/Users/S4MPA10/.pico-sdk/sdk/1.5.1/lib/lwip/src/core/tcp_out.c.obj
                0x1000df80                tcp_rexmit_rto_prepare
 .text.tcp_rexmit
                0x1000e01c       0x9c CMakeFiles/picow_http_client.dir/C_/Users/S4MPA10/.pico-sdk/sdk/1.5.1/lib/lwip/src/core/tcp_out.c.obj
                0x1000e01c                tcp_rexmit
 .text.tcp_rexmit_fast
                0x1000e0b8       0x64 CMakeFiles/picow_http_client.dir/C_/Users/S4MPA10/.pico-sdk/sdk/1.5.1/lib/lwip/src/core/tcp_out.c.obj
                0x1000e0b8                tcp_rexmit_fast
 .text.tcp_rst  0x1000e11c       0xe4 CMakeFiles/picow_http_client.dir/C_/Users/S4MPA10/.pico-sdk/sdk/1.5.1/lib/lwip/src/core/tcp_out.c.obj
                0x1000e11c                tcp_rst
 .text.tcp_rst_netif
                0x1000e200      0x12c CMakeFiles/picow_http_client.dir/C_/Users/S4MPA10/.pico-sdk/sdk/1.5.1/lib/lwip/src/core/tcp_out.c.obj
                0x1000e200                tcp_rst_netif
 .text.tcp_send_empty_ack
                0x1000e32c       0x4c CMakeFiles/picow_http_client.dir/C_/Users/S4MPA10/.pico-sdk/sdk/1.5.1/lib/lwip/src/core/tcp_out.c.obj
                0x1000e32c                tcp_send_empty_ack
 .text.tcp_output
                0x1000e378      0x454 CMakeFiles/picow_http_client.dir/C_/Users/S4MPA10/.pico-sdk/sdk/1.5.1/lib/lwip/src/core/tcp_out.c.obj
                0x1000e378                tcp_output
 .text.tcp_rexmit_rto_commit
                0x1000e7cc       0x24 CMakeFiles/picow_http_client.dir/C_/Users/S4MPA10/.pico-sdk/sdk/1.5.1/lib/lwip/src/core/tcp_out.c.obj
                0x1000e7cc                tcp_rexmit_rto_commit
 .text.tcp_rexmit_rto
                0x1000e7f0       0xa4 CMakeFiles/picow_http_client.dir/C_/Users/S4MPA10/.pico-sdk/sdk/1.5.1/lib/lwip/src/core/tcp_out.c.obj
                0x1000e7f0                tcp_rexmit_rto
 .text.tcp_keepalive
                0x1000e894       0xdc CMakeFiles/picow_http_client.dir/C_/Users/S4MPA10/.pico-sdk/sdk/1.5.1/lib/lwip/src/core/tcp_out.c.obj
                0x1000e894                tcp_keepalive
 .text.tcp_zero_window_probe
                0x1000e970      0x110 CMakeFiles/picow_http_client.dir/C_/Users/S4MPA10/.pico-sdk/sdk/1.5.1/lib/lwip/src/core/tcp_out.c.obj
                0x1000e970                tcp_zero_window_probe
 .text.tcpip_tcp_timer