Archive member included to satisfy reference by file (symbol)

C:/Users/S4MPA10/.pico-sdk/toolchain/13_2_Rel1/bin/../lib/gcc/arm-none-eabi/13.2.1/thumb/v6-m/nofp\libgcc.a(_dvmd_tls.o)
                              CMakeFiles/picow_http_client.dir/C_/Users/S4MPA10/.pico-sdk/sdk/1.5.1/src/rp2_common/pico_divider/divider.S.obj (__aeabi_idiv0)
C:/Users/S4MPA10/.pico-sdk/toolchain/13_2_Rel1/bin/../lib/gcc/arm-none-eabi/13.2.1/thumb/v6-m/nofp\libc.a(libc_a-atoi.o)
                              CMakeFiles/picow_http_client.dir/C_/Users/S4MPA10/.pico-sdk/sdk/1.5.1/lib/lwip/src/core/netif.c.obj (atoi)
C:/Users/S4MPA10/.pico-sdk/toolchain/13_2_Rel1/bin/../lib/gcc/arm-none-eabi/13.2.1/thumb/v6-m/nofp\libc.a(libc_a-calloc.o)
                              CMakeFiles/picow_http_client.dir/C_/Users/S4MPA10/.pico-sdk/sdk/1.5.1/src/rp2_common/pico_malloc/pico_malloc.c.obj (calloc)
C:/Users/S4MPA10/.pico-sdk/toolchain/13_2_Rel1/bin/../lib/gcc/arm-none-eabi/13.2.1/thumb/v6-m/nofp\libc.a(libc_a-callocr.o)
                              C:/Users/S4MPA10/.pico-sdk/toolchain/13_2_Rel1/bin/../lib/gcc/arm-none-eabi/13.2.1/thumb/v6-m/nofp\libc.a(libc_a-calloc.o) (_calloc_r)
C:/Users/S4MPA10/.pico-sdk/toolchain/13_2_Rel1/bin/../lib/gcc/arm-none-eabi/13.2.1/thumb/v6-m/nofp\libc.a(libc_a-malloc.o)
                              CMakeFiles/picow_http_client.dir/C_/Users/S4MPA10/.pico-sdk/sdk/1.5.1/src/rp2_common/pico_malloc/pico_malloc.c.obj (malloc)
C:/Users/S4MPA10/.pico-sdk/toolchain/13_2_Rel1/bin/../lib/gcc/arm-none-eabi/13.2.1/thumb/v6-m/nofp\libc.a(libc_a-mallocr.o)
                              C:/Users/S4MPA10/.pico-sdk/toolchain/13_2_Rel1/bin/../lib/gcc/arm-none-eabi/13.2.1/thumb/v6-m/nofp\libc.a(libc_a-callocr.o) (_malloc_r)
C:/Users/S4MPA10/.pico-sdk/toolchain/13_2_Rel1/bin/../lib/gcc/arm-none-eabi/13.2.1/thumb/v6-m/nofp\libc.a(libc_a-mlock.o)
                              C:/Users/S4MPA10/.pico-sdk/toolchain/13_2_Rel1/bin/../lib/gcc/arm-none-eabi/13.2.1/thumb/v6-m/nofp\libc.a(libc_a-mallocr.o) (__malloc_lock)
C:/Users/S4MPA10/.pico-sdk/toolchain/13_2_Rel1/bin/../lib/gcc/arm-none-eabi/13.2.1/thumb/v6-m/nofp\libc.a(libc_a-realloc.o)
                              CMakeFiles/picow_http_client.dir/C_/Users/S4MPA10/.pico-sdk/sdk/1.5.1/src/rp2_common/pico_malloc/pico_malloc.c.obj (realloc)
C:/Users/S4MPA10/.pico-sdk/toolchain/13_2_Rel1/bin/../lib/gcc/arm-none-eabi/13.2.1/thumb/v6-m/nofp\libc.a(libc_a-reallocr.o)
                              C:/Users/S4MPA10/.pico-sdk/toolchain/13_2_Rel1/bin/../lib/gcc/arm-none-eabi/13.2.1/thumb/v6-m/nofp\libc.a(libc_a-realloc.o) (_realloc_r)
C:/Users/S4MPA10/.pico-sdk/toolchain/13_2_Rel1/bin/../lib/gcc/arm-none-eabi/13.2.1/thumb/v6-m/nofp\libc.a(libc_a-strtol.o)
                              C:/Users/S4MPA10/.pico-sdk/toolchain/13_2_Rel1/bin/../lib/gcc/arm-none-eabi/13.2.1/thumb/v6-m/nofp\libc.a(libc_a-atoi.o) (_strtol_r)
C:/Users/S4MPA10/.pico-sdk/toolchain/13_2_Rel1/bin/../lib/gcc/arm-none-eabi/13.2.1/thumb/v6-m/nofp\libc.a(libc_a-ctype_.o)
                              CMakeFiles/picow_http_client.dir/C_/Users/S4MPA10/.pico-sdk/sdk/1.5.1/lib/lwip/src/core/dns.c.obj (_ctype_)
C:/Users/S4MPA10/.pico-sdk/toolchain/13_2_Rel1/bin/../lib/gcc/arm-none-eabi/13.2.1/thumb/v6-m/nofp\libc.a(libc_a-memcmp.o)
                              CMakeFiles/picow_http_client.dir/C_/Users/S4MPA10/.pico-sdk/sdk/1.5.1/lib/lwip/src/netif/ethernet.c.obj (memcmp)
C:/Users/S4MPA10/.pico-sdk/toolchain/13_2_Rel1/bin/../lib/gcc/arm-none-eabi/13.2.1/thumb/v6-m/nofp\libc.a(libc_a-memmove.o)
                              CMakeFiles/picow_http_client.dir/C_/Users/S4MPA10/.pico-sdk/sdk/1.5.1/lib/lwip/src/core/def.c.obj (memmove)
C:/Users/S4MPA10/.pico-sdk/toolchain/13_2_Rel1/bin/../lib/gcc/arm-none-eabi/13.2.1/thumb/v6-m/nofp\libc.a(libc_a-strchr.o)
                              CMakeFiles/picow_http_client.dir/C_/Users/S4MPA10/.pico-sdk/sdk/1.5.1/lib/lwip/src/apps/http/httpd.c.obj (strchr)
C:/Users/S4MPA10/.pico-sdk/toolchain/13_2_Rel1/bin/../lib/gcc/arm-none-eabi/13.2.1/thumb/v6-m/nofp\libc.a(libc_a-strncmp.o)
                              CMakeFiles/picow_http_client.dir/C_/Users/S4MPA10/.pico-sdk/sdk/1.5.1/lib/lwip/src/core/def.c.obj (strncmp)
C:/Users/S4MPA10/.pico-sdk/toolchain/13_2_Rel1/bin/../lib/gcc/arm-none-eabi/13.2.1/thumb/v6-m/nofp\libc.a(libc_a-strstr.o)
                              CMakeFiles/picow_http_client.dir/C_/Users/S4MPA10/.pico-sdk/sdk/1.5.1/lib/mbedtls/library/pem.c.obj (strstr)
C:/Users/S4MPA10/.pico-sdk/toolchain/13_2_Rel1/bin/../lib/gcc/arm-none-eabi/13.2.1/thumb/v6-m/nofp\libc.a(libc_a-time.o)
                              CMakeFiles/picow_http_client.dir/C_/Users/S4MPA10/.pico-sdk/sdk/1.5.1/lib/mbedtls/library/ssl_cli.c.obj (time)
C:/Users/S4MPA10/.pico-sdk/toolchain/13_2_Rel1/bin/../lib/gcc/arm-none-eabi/13.2.1/thumb/v6-m/nofp\libc.a(libc_a-impure.o)
[...]
Memory Configuration

Name             Origin             Length             Attributes
FLASH            0x10000000         0x00200000         xr
RAM              0x20000000         0x00040000         xrw
SCRATCH_X        0x20040000         0x00001000         xrw
SCRATCH_Y        0x20041000         0x00001000         xrw
*default*        0x00000000         0xffffffff

Linker script and memory map

LOAD C:/Users/S4MPA10/.pico-sdk/toolchain/13_2_Rel1/bin/../lib/gcc/arm-none-eabi/13.2.1/thumb/v6-m/nofp/crti.o
LOAD C:/Users/S4MPA10/.pico-sdk/toolchain/13_2_Rel1/bin/../lib/gcc/arm-none-eabi/13.2.1/thumb/v6-m/nofp/crtbegin.o
LOAD C:/Users/S4MPA10/.pico-sdk/toolchain/13_2_Rel1/bin/../lib/gcc/arm-none-eabi/13.2.1/thumb/v6-m/nofp/crt0.o

.flash_begin    0x10000000        0x0
                0x10000000                        __flash_binary_start = .

.boot2          0x10000000      0x100
                0x10000000                        __boot2_start__ = .
 *(.boot2)
 .boot2         0x10000000      0x100 C:\Users\S4MPA10\AppData\Local\Temp\ccKfANcL.o
                0x10000100                        __boot2_end__ = .
                0x00000001                        ASSERT (((__boot2_end__ - __boot2_start__) == 0x100), ERROR: Pico second stage bootloader must be 256 bytes in size)

.text           0x10000100    0x32ac0
                0x10000100                        __logical_binary_start = .
 *(.vectors)
 .vectors       0x10000100       0xd4 CMakeFiles/picow_http_client.dir/C_/Users/S4MPA10/.pico-sdk/sdk/1.5.1/src/rp2_common/pico_standard_link/crt0.S.obj
                0x10000100                __VECTOR_TABLE
                0x10000100                __vectors
                0x100001c0                isr_invalid
                0x100001c0                __default_isrs_start
                0x100001c2                isr_nmi
                0x100001c4                isr_hardfault
                0x100001c6                isr_svcall
                0x100001c8                isr_pendsv
                0x100001ca                isr_systick
                0x100001cc                isr_irq23
                0x100001cc                isr_irq18
                0x100001cc                isr_irq11
                0x100001cc                isr_irq28
                0x100001cc                isr_irq19
                0x100001cc                isr_irq0
                0x100001cc                isr_irq6
                0x100001cc                isr_irq5
                0x100001cc                isr_irq12
                0x100001cc                isr_irq22
                0x100001cc                isr_irq31
                0x100001cc                isr_irq17
                0x100001cc                isr_irq27
                0x100001cc                isr_irq30
                0x100001cc                isr_irq2
                0x100001cc                isr_irq10
                0x100001cc                isr_irq8
                0x100001cc                isr_irq24
                0x100001cc                isr_irq1
                0x100001cc                isr_irq7
                0x100001cc                isr_irq21
                0x100001cc                isr_irq20
                0x100001cc                isr_irq15
                0x100001cc                isr_irq25
                0x100001cc                isr_irq13
                0x100001cc                __unhandled_user_irq
                0x100001cc                isr_irq4
                0x100001cc                isr_irq16
                0x100001cc                isr_irq29
                0x100001cc                isr_irq26
                0x100001cc                __default_isrs_end
                0x100001cc                isr_irq3
                0x100001cc                isr_irq14
                0x100001cc                isr_irq9
                0x100001d2                unhandled_user_irq_num_in_r0
 *(.binary_info_header)
 .binary_info_header
                0x100001d4       0x14 CMakeFiles/picow_http_client.dir/C_/Users/S4MPA10/.pico-sdk/sdk/1.5.1/src/rp2_common/pico_standard_link/crt0.S.obj
                0x100001e8                        __binary_info_header_end = .
 *(.reset)
 .reset         0x100001e8       0xa0 CMakeFiles/picow_http_client.dir/C_/Users/S4MPA10/.pico-sdk/sdk/1.5.1/src/rp2_common/pico_standard_link/crt0.S.obj
                0x100001e8                _entry_point
 .reset         0x10000288       0x30 CMakeFiles/picow_http_client.dir/C_/Users/S4MPA10/.pico-sdk/sdk/1.5.1/src/rp2_common/pico_standard_link/binary_info.c.obj
 *(.init)
 .init          0x100002b8        0x4 C:/Users/S4MPA10/.pico-sdk/toolchain/13_2_Rel1/bin/../lib/gcc/arm-none-eabi/13.2.1/thumb/v6-m/nofp/crti.o
                0x100002b8                _init
 *(EXCLUDE_FILE(*libm.a: *libc.a:*lib_a-mem*.o *libgcc.a:) .text*)
 .text.register_tm_clones
                0x100002bc       0x28 C:/Users/S4MPA10/.pico-sdk/toolchain/13_2_Rel1/bin/../lib/gcc/arm-none-eabi/13.2.1/thumb/v6-m/nofp/crtbegin.o
 .text.frame_dummy
                0x100002e4       0x24 C:/Users/S4MPA10/.pico-sdk/toolchain/13_2_Rel1/bin/../lib/gcc/arm-none-eabi/13.2.1/thumb/v6-m/nofp/crtbegin.o
 .text.setup_joystick
                0x10000308       0x58 CMakeFiles/picow_http_client.dir/picow_http_client.c.obj
                0x10000308                setup_joystick
 .text.calibrar_joystick
                0x10000360      0x168 CMakeFiles/picow_http_client.dir/picow_http_client.c.obj
                0x10000360                calibrar_joystick
 .text.startup.main
                0x100004c8      0x220 CMakeFiles/picow_http_client.dir/picow_http_client.c.obj
                0x100004c8                main
 .text.gpio_set_function
                0x100006e8       0x30 CMakeFiles/picow_http_client.dir/C_/Users/S4MPA10/.pico-sdk/sdk/1.5.1/src/rp2_common/hardware_gpio/gpio.c.obj
                0x100006e8                gpio_set_function
 .text.gpio_set_pulls
                0x10000718       0x24 CMakeFiles/picow_http_client.dir/C_/Users/S4MPA10/.pico-sdk/sdk/1.5.1/src/rp2_common/hardware_gpio/gpio.c.obj
                0x10000718                gpio_set_pulls
 .text.gpio_set_input_hysteresis_enabled
                0x1000073c       0x28 CMakeFiles/picow_http_client.dir/C_/Users/S4MPA10/.pico-sdk/sdk/1.5.1/src/rp2_common/hardware_gpio/gpio.c.obj
                0x1000073c                gpio_set_input_hysteresis_enabled
 .text.gpio_set_irq_enabled
                0x10000764       0x54 CMakeFiles/picow_http_client.dir/C_/Users/S4MPA10/.pico-sdk/sdk/1.5.1/src/rp2_common/hardware_gpio/gpio.c.obj
                0x10000764                gpio_set_irq_enabled
 .text.gpio_add_raw_irq_handler_with_order_priority_masked
                0x100007b8       0x44 CMakeFiles/picow_http_client.dir/C_/Users/S4MPA10/.pico-sdk/sdk/1.5.1/src/rp2_common/hardware_gpio/gpio.c.obj
                0x100007b8                gpio_add_raw_irq_handler_with_order_priority_masked
 .text.gpio_remove_raw_irq_handler_masked
                0x100007fc       0x20 CMakeFiles/picow_http_client.dir/C_/Users/S4MPA10/.pico-sdk/sdk/1.5.1/src/rp2_common/hardware_gpio/gpio.c.obj
                0x100007fc                gpio_remove_raw_irq_handler_masked
 .text.gpio_set_input_enabled
                0x1000081c       0x28 CMakeFiles/picow_http_client.dir/C_/Users/S4MPA10/.pico-sdk/sdk/1.5.1/src/rp2_common/hardware_gpio/gpio.c.obj
                0x1000081c                gpio_set_input_enabled
 .text.gpio_init
                0x10000844       0x3c CMakeFiles/picow_http_client.dir/C_/Users/S4MPA10/.pico-sdk/sdk/1.5.1/src/rp2_common/hardware_gpio/gpio.c.obj
                0x10000844                gpio_init
 .text.running_on_fpga
                0x10000880       0x10 CMakeFiles/picow_http_client.dir/C_/Users/S4MPA10/.pico-sdk/sdk/1.5.1/src/rp2_common/pico_platform/platform.c.obj
                0x10000880                running_on_fpga
 .text.hw_claim_lock
                0x10000890       0x18 CMakeFiles/picow_http_client.dir/C_/Users/S4MPA10/.pico-sdk/sdk/1.5.1/src/rp2_common/hardware_claim/claim.c.obj
                0x10000890                hw_claim_lock
 .text.hw_claim_unlock
                0x100008a8       0x14 CMakeFiles/picow_http_client.dir/C_/Users/S4MPA10/.pico-sdk/sdk/1.5.1/src/rp2_common/hardware_claim/claim.c.obj
                0x100008a8                hw_claim_unlock
 .text.hw_claim_or_assert
                0x100008bc       0x44 CMakeFiles/picow_http_client.dir/C_/Users/S4MPA10/.pico-sdk/sdk/1.5.1/src/rp2_common/hardware_claim/claim.c.obj
                0x100008bc                hw_claim_or_assert
 .text.hw_claim_unused_from_range
                0x10000900       0x9c CMakeFiles/picow_http_client.dir/C_/Users/S4MPA10/.pico-sdk/sdk/1.5.1/src/rp2_common/hardware_claim/claim.c.obj
                0x10000900                hw_claim_unused_from_range
 .text.hw_claim_clear
                0x1000099c       0x38 CMakeFiles/picow_http_client.dir/C_/Users/S4MPA10/.pico-sdk/sdk/1.5.1/src/rp2_common/hardware_claim/claim.c.obj
                0x1000099c                hw_claim_clear
 .text.spin_locks_reset
                0x100009d4       0x1c CMakeFiles/picow_http_client.dir/C_/Users/S4MPA10/.pico-sdk/sdk/1.5.1/src/rp2_common/hardware_sync/sync.c.obj
                0x100009d4                spin_locks_reset
 .text.next_striped_spin_lock_num
                0x100009f0       0x18 CMakeFiles/picow_http_client.dir/C_/Users/S4MPA10/.pico-sdk/sdk/1.5.1/src/rp2_common/hardware_sync/sync.c.obj
                0x100009f0                next_striped_spin_lock_num
 .text.spin_lock_claim_unused
                0x10000a08       0x24 CMakeFiles/picow_http_client.dir/C_/Users/S4MPA10/.pico-sdk/sdk/1.5.1/src/rp2_common/hardware_sync/sync.c.obj
                0x10000a08                spin_lock_claim_unused
 .text.irq_set_enabled
                0x10000a2c       0x24 CMakeFiles/picow_http_client.dir/C_/Users/S4MPA10/.pico-sdk/sdk/1.5.1/src/rp2_common/hardware_irq/irq.c.obj
                0x10000a2c                irq_set_enabled
 .text.irq_set_pending
                0x10000a50       0x10 CMakeFiles/picow_http_client.dir/C_/Users/S4MPA10/.pico-sdk/sdk/1.5.1/src/rp2_common/hardware_irq/irq.c.obj
                0x10000a50                irq_set_pending
 .text.irq_has_shared_handler
                0x10000a60       0x2c CMakeFiles/picow_http_client.dir/C_/Users/S4MPA10/.pico-sdk/sdk/1.5.1/src/rp2_common/hardware_irq/irq.c.obj
                0x10000a60                irq_has_shared_handler
 .text.irq_get_vtable_handler
                0x10000a8c       0x10 CMakeFiles/picow_http_client.dir/C_/Users/S4MPA10/.pico-sdk/sdk/1.5.1/src/rp2_common/hardware_irq/irq.c.obj
                0x10000a8c                irq_get_vtable_handler
 .text.irq_set_exclusive_handler
                0x10000a9c       0x54 CMakeFiles/picow_http_client.dir/C_/Users/S4MPA10/.pico-sdk/sdk/1.5.1/src/rp2_common/hardware_irq/irq.c.obj
                0x10000a9c                irq_set_exclusive_handler
 .text.irq_add_shared_handler
                0x10000af0      0x1f4 CMakeFiles/picow_http_client.dir/C_/Users/S4MPA10/.pico-sdk/sdk/1.5.1/src/rp2_common/hardware_irq/irq.c.obj
                0x10000af0                irq_add_shared_handler
 .text.irq_remove_handler
                0x10000ce4      0x1c4 CMakeFiles/picow_http_client.dir/C_/Users/S4MPA10/.pico-sdk/sdk/1.5.1/src/rp2_common/hardware_irq/irq.c.obj
                0x10000ce4                irq_remove_handler
 .text.irq_set_priority
                0x10000ea8       0x28 CMakeFiles/picow_http_client.dir/C_/Users/S4MPA10/.pico-sdk/sdk/1.5.1/src/rp2_common/hardware_irq/irq.c.obj
                0x10000ea8                irq_set_priority
 .text.irq_add_tail_to_free_list
                0x10000ed0       0xb4 CMakeFiles/picow_http_client.dir/C_/Users/S4MPA10/.pico-sdk/sdk/1.5.1/src/rp2_common/hardware_irq/irq.c.obj
                0x10000ed0                irq_add_tail_to_free_list
 .text.irq_init_priorities
                0x10000f84       0x24 CMakeFiles/picow_http_client.dir/C_/Users/S4MPA10/.pico-sdk/sdk/1.5.1/src/rp2_common/hardware_irq/irq.c.obj
                0x10000f84                irq_init_priorities
 .text.user_irq_unclaim
                0x10000fa8       0x14 CMakeFiles/picow_http_client.dir/C_/Users/S4MPA10/.pico-sdk/sdk/1.5.1/src/rp2_common/hardware_irq/irq.c.obj
                0x10000fa8                user_irq_unclaim
 .text.user_irq_claim_unused
                0x10000fbc       0x2c CMakeFiles/picow_http_client.dir/C_/Users/S4MPA10/.pico-sdk/sdk/1.5.1/src/rp2_common/hardware_irq/irq.c.obj
                0x10000fbc                user_irq_claim_unused
 .text.sem_init
                0x10000fe8       0x20 CMakeFiles/picow_http_client.dir/C_/Users/S4MPA10/.pico-sdk/sdk/1.5.1/src/common/pico_sync/sem.c.obj
                0x10000fe8                sem_init
 .text.lock_init
                0x10001008       0x10 CMakeFiles/picow_http_client.dir/C_/Users/S4MPA10/.pico-sdk/sdk/1.5.1/src/common/pico_sync/lock_core.c.obj
                0x10001008                lock_init
 .text.mutex_init
                0x10001018       0x1c CMakeFiles/picow_http_client.dir/C_/Users/S4MPA10/.pico-sdk/sdk/1.5.1/src/common/pico_sync/mutex.c.obj
                0x10001018                mutex_init
 .text.recursive_mutex_init
                0x10001034       0x1c CMakeFiles/picow_http_client.dir/C_/Users/S4MPA10/.pico-sdk/sdk/1.5.1/src/common/pico_sync/mutex.c.obj
                0x10001034                recursive_mutex_init
 .text.critical_section_init
                0x10001050       0x1c CMakeFiles/picow_http_client.dir/C_/Users/S4MPA10/.pico-sdk/sdk/1.5.1/src/common/pico_sync/critical_section.c.obj
                0x10001050                critical_section_init
 .text.critical_section_init_with_lock_num
                0x1000106c       0x14 CMakeFiles/picow_http_client.dir/C_/Users/S4MPA10/.pico-sdk/sdk/1.5.1/src/common/pico_sync/critical_section.c.obj
                0x1000106c                critical_section_init_with_lock_num
 .text.timer_pool_entry_comparator
                0x10001080       0x34 CMakeFiles/picow_http_client.dir/C_/Users/S4MPA10/.pico-sdk/sdk/1.5.1/src/common/pico_time/time.c.obj
                0x10001080                timer_pool_entry_comparator
 .text.sleep_until_callback
                0x100010b4       0x30 CMakeFiles/picow_http_client.dir/C_/Users/S4MPA10/.pico-sdk/sdk/1.5.1/src/common/pico_time/time.c.obj
 .text.add_alarm_under_lock.isra.0
                0x100010e4      0x100 CMakeFiles/picow_http_client.dir/C_/Users/S4MPA10/.pico-sdk/sdk/1.5.1/src/common/pico_time/time.c.obj
 .text.alarm_pool_alarm_callback
                0x100011e4      0x1c0 CMakeFiles/picow_http_client.dir/C_/Users/S4MPA10/.pico-sdk/sdk/1.5.1/src/common/pico_time/time.c.obj
 .text.alarm_pool_init_default
                0x100013a4       0x6c CMakeFiles/picow_http_client.dir/C_/Users/S4MPA10/.pico-sdk/sdk/1.5.1/src/common/pico_time/time.c.obj
                0x100013a4                alarm_pool_init_default
 .text.alarm_pool_get_default
                0x10001410        0x8 CMakeFiles/picow_http_client.dir/C_/Users/S4MPA10/.pico-sdk/sdk/1.5.1/src/common/pico_time/time.c.obj
                0x10001410                alarm_pool_get_default
 .text.alarm_pool_add_alarm_at
                0x10001418      0x17c CMakeFiles/picow_http_client.dir/C_/Users/S4MPA10/.pico-sdk/sdk/1.5.1/src/common/pico_time/time.c.obj
                0x10001418                alarm_pool_add_alarm_at
 .text.alarm_pool_cancel_alarm
                0x10001594       0x70 CMakeFiles/picow_http_client.dir/C_/Users/S4MPA10/.pico-sdk/sdk/1.5.1/src/common/pico_time/time.c.obj
                0x10001594                alarm_pool_cancel_alarm
 .text.alarm_pool_core_num
                0x10001604        0x4 CMakeFiles/picow_http_client.dir/C_/Users/S4MPA10/.pico-sdk/sdk/1.5.1/src/common/pico_time/time.c.obj
                0x10001604                alarm_pool_core_num
 .text.sleep_until
                0x10001608       0xc4 CMakeFiles/picow_http_client.dir/C_/Users/S4MPA10/.pico-sdk/sdk/1.5.1/src/common/pico_time/time.c.obj
                0x10001608                sleep_until
 .text.sleep_us
                0x100016cc       0x28 CMakeFiles/picow_http_client.dir/C_/Users/S4MPA10/.pico-sdk/sdk/1.5.1/src/common/pico_time/time.c.obj
                0x100016cc                sleep_us
 .text.sleep_ms
                0x100016f4       0x38 CMakeFiles/picow_http_client.dir/C_/Users/S4MPA10/.pico-sdk/sdk/1.5.1/src/common/pico_time/time.c.obj
                0x100016f4                sleep_ms
 .text.best_effort_wfe_or_timeout
                0x1000172c       0xcc CMakeFiles/picow_http_client.dir/C_/Users/S4MPA10/.pico-sdk/sdk/1.5.1/src/common/pico_time/time.c.obj
                0x1000172c                best_effort_wfe_or_timeout
 .text.hardware_alarm_irq_handler
                0x100017f8       0xbc CMakeFiles/picow_http_client.dir/C_/Users/S4MPA10/.pico-sdk/sdk/1.5.1/src/rp2_common/hardware_timer/timer.c.obj
 .text.hardware_alarm_claim
                0x100018b4       0x18 CMakeFiles/picow_http_client.dir/C_/Users/S4MPA10/.pico-sdk/sdk/1.5.1/src/rp2_common/hardware_timer/timer.c.obj
                0x100018b4                hardware_alarm_claim
 .text.time_us_64
                0x100018cc       0x14 CMakeFiles/picow_http_client.dir/C_/Users/S4MPA10/.pico-sdk/sdk/1.5.1/src/rp2_common/hardware_timer/timer.c.obj
                0x100018cc                time_us_64
 .text.busy_wait_until
                0x100018e0       0x20 CMakeFiles/picow_http_client.dir/C_/Users/S4MPA10/.pico-sdk/sdk/1.5.1/src/rp2_common/hardware_timer/timer.c.obj
                0x100018e0                busy_wait_until
 .text.hardware_alarm_set_callback
                0x10001900       0x8c CMakeFiles/picow_http_client.dir/C_/Users/S4MPA10/.pico-sdk/sdk/1.5.1/src/rp2_common/hardware_timer/timer.c.obj
                0x10001900                hardware_alarm_set_callback
 .text.hardware_alarm_set_target
                0x1000198c       0xd0 CMakeFiles/picow_http_client.dir/C_/Users/S4MPA10/.pico-sdk/sdk/1.5.1/src/rp2_common/hardware_timer/timer.c.obj
                0x1000198c                hardware_alarm_set_target
 .text.hardware_alarm_cancel
                0x10001a5c       0x3c CMakeFiles/picow_http_client.dir/C_/Users/S4MPA10/.pico-sdk/sdk/1.5.1/src/rp2_common/hardware_timer/timer.c.obj
                0x10001a5c                hardware_alarm_cancel
 .text.ph_merge_nodes
                0x10001a98       0x58 CMakeFiles/picow_http_client.dir/C_/Users/S4MPA10/.pico-sdk/sdk/1.5.1/src/common/pico_util/pheap.c.obj
 .text.ph_post_alloc_init
                0x10001af0       0x3c CMakeFiles/picow_http_client.dir/C_/Users/S4MPA10/.pico-sdk/sdk/1.5.1/src/common/pico_util/pheap.c.obj
                0x10001af0                ph_post_alloc_init
 .text.ph_merge_two_pass
                0x10001b2c       0x8c CMakeFiles/picow_http_client.dir/C_/Users/S4MPA10/.pico-sdk/sdk/1.5.1/src/common/pico_util/pheap.c.obj
                0x10001b2c                ph_merge_two_pass
 .text.ph_remove_any_head
                0x10001bb8      0x100 CMakeFiles/picow_http_client.dir/C_/Users/S4MPA10/.pico-sdk/sdk/1.5.1/src/common/pico_util/pheap.c.obj
 .text.ph_remove_head
                0x10001cb8      0x104 CMakeFiles/picow_http_client.dir/C_/Users/S4MPA10/.pico-sdk/sdk/1.5.1/src/common/pico_util/pheap.c.obj
                0x10001cb8                ph_remove_head
 .text.ph_remove_and_free_node
                0x10001dbc       0x78 CMakeFiles/picow_http_client.dir/C_/Users/S4MPA10/.pico-sdk/sdk/1.5.1/src/common/pico_util/pheap.c.obj
                0x10001dbc                ph_remove_and_free_node
 .text.clocks_init
                0x10001e34      0x2c8 CMakeFiles/picow_http_client.dir/C_/Users/S4MPA10/.pico-sdk/sdk/1.5.1/src/rp2_common/hardware_clocks/clocks.c.obj
                0x10001e34                clocks_init
 .text.clock_get_hz
                0x100020fc        0xc CMakeFiles/picow_http_client.dir/C_/Users/S4MPA10/.pico-sdk/sdk/1.5.1/src/rp2_common/hardware_clocks/clocks.c.obj
                0x100020fc                clock_get_hz
 .text.pll_init
                0x10002108       0xa4 CMakeFiles/picow_http_client.dir/C_/Users/S4MPA10/.pico-sdk/sdk/1.5.1/src/rp2_common/hardware_pll/pll.c.obj
                0x10002108                pll_init
 .text.watchdog_start_tick
                0x100021ac       0x10 CMakeFiles/picow_http_client.dir/C_/Users/S4MPA10/.pico-sdk/sdk/1.5.1/src/rp2_common/hardware_watchdog/watchdog.c.obj
                0x100021ac                watchdog_start_tick
 .text.watchdog_reboot
                0x100021bc       0x9c CMakeFiles/picow_http_client.dir/C_/Users/S4MPA10/.pico-sdk/sdk/1.5.1/src/rp2_common/hardware_watchdog/watchdog.c.obj
                0x100021bc                watchdog_reboot
 .text.xosc_init
                0x10002258       0x28 CMakeFiles/picow_http_client.dir/C_/Users/S4MPA10/.pico-sdk/sdk/1.5.1/src/rp2_common/hardware_xosc/xosc.c.obj
                0x10002258                xosc_init
 .text.runtime_init
                0x10002280       0xf0 CMakeFiles/picow_http_client.dir/C_/Users/S4MPA10/.pico-sdk/sdk/1.5.1/src/rp2_common/pico_runtime/runtime.c.obj
                0x10002280                runtime_init
 .text._exit    0x10002370        0x4 CMakeFiles/picow_http_client.dir/C_/Users/S4MPA10/.pico-sdk/sdk/1.5.1/src/rp2_common/pico_runtime/runtime.c.obj
                0x10002370                _exit
 .text._sbrk    0x10002374       0x34 CMakeFiles/picow_http_client.dir/C_/Users/S4MPA10/.pico-sdk/sdk/1.5.1/src/rp2_common/pico_runtime/runtime.c.obj
                0x10002374                _sbrk
 .text._gettimeofday
                0x100023a8       0x30 CMakeFiles/picow_http_client.dir/C_/Users/S4MPA10/.pico-sdk/sdk/1.5.1/src/rp2_common/pico_runtime/runtime.c.obj
                0x100023a8                _gettimeofday
 .text.exit     0x100023d8        0x8 CMakeFiles/picow_http_client.dir/C_/Users/S4MPA10/.pico-sdk/sdk/1.5.1/src/rp2_common/pico_runtime/runtime.c.obj
                0x100023d8                exit
 .text.panic    0x100023e0       0x30 CMakeFiles/picow_http_client.dir/C_/Users/S4MPA10/.pico-sdk/sdk/1.5.1/src/rp2_common/pico_runtime/runtime.c.obj
                0x100023e0                panic
 .text.hard_assertion_failure
                0x10002410        0xc CMakeFiles/picow_http_client.dir/C_/Users/S4MPA10/.pico-sdk/sdk/1.5.1/src/rp2_common/pico_runtime/runtime.c.obj
                0x10002410                hard_assertion_failure
 .text._out_buffer
                0x1000241c        0x8 CMakeFiles/picow_http_client.dir/C_/Users/S4MPA10/.pico-sdk/sdk/1.5.1/src/rp2_common/pico_printf/printf.c.obj
 .text._out_null
                0x10002424        0x4 CMakeFiles/picow_http_client.dir/C_/Users/S4MPA10/.pico-sdk/sdk/1.5.1/src/rp2_common/pico_printf/printf.c.obj
 .text._out_rev
                0x10002428       0xac CMakeFiles/picow_http_client.dir/C_/Users/S4MPA10/.pico-sdk/sdk/1.5.1/src/rp2_common/pico_printf/printf.c.obj
 .text._ntoa_format
                0x100024d4      0x250 CMakeFiles/picow_http_client.dir/C_/Users/S4MPA10/.pico-sdk/sdk/1.5.1/src/rp2_common/pico_printf/printf.c.obj
 .text._out_char
                0x10002724       0x10 CMakeFiles/picow_http_client.dir/C_/Users/S4MPA10/.pico-sdk/sdk/1.5.1/src/rp2_common/pico_printf/printf.c.obj
 .text._out_fct
                0x10002734       0x10 CMakeFiles/picow_http_client.dir/C_/Users/S4MPA10/.pico-sdk/sdk/1.5.1/src/rp2_common/pico_printf/printf.c.obj
 .text._etoa    0x10002744      0x464 CMakeFiles/picow_http_client.dir/C_/Users/S4MPA10/.pico-sdk/sdk/1.5.1/src/rp2_common/pico_printf/printf.c.obj
 .text._ftoa    0x10002ba8      0x3c0 CMakeFiles/picow_http_client.dir/C_/Users/S4MPA10/.pico-sdk/sdk/1.5.1/src/rp2_common/pico_printf/printf.c.obj
 .text._vsnprintf
                0x10002f68      0xbc8 CMakeFiles/picow_http_client.dir/C_/Users/S4MPA10/.pico-sdk/sdk/1.5.1/src/rp2_common/pico_printf/printf.c.obj
 .text.__wrap_sprintf
                0x10003b30       0x2c CMakeFiles/picow_http_client.dir/C_/Users/S4MPA10/.pico-sdk/sdk/1.5.1/src/rp2_common/pico_printf/printf.c.obj
                0x10003b30                __wrap_sprintf
 .text.__wrap_snprintf
                0x10003b5c       0x28 CMakeFiles/picow_http_client.dir/C_/Users/S4MPA10/.pico-sdk/sdk/1.5.1/src/rp2_common/pico_printf/printf.c.obj
                0x10003b5c                __wrap_snprintf
 .text.vfctprintf
                0x10003b84       0x20 CMakeFiles/picow_http_client.dir/C_/Users/S4MPA10/.pico-sdk/sdk/1.5.1/src/rp2_common/pico_printf/printf.c.obj
                0x10003b84                vfctprintf
 .text.weak_raw_vprintf
                0x10003ba4       0x30 CMakeFiles/picow_http_client.dir/C_/Users/S4MPA10/.pico-sdk/sdk/1.5.1/src/rp2_common/pico_printf/printf.c.obj
                0x10003ba4                weak_raw_vprintf
 .text          0x10003bd4       0x10 CMakeFiles/picow_http_client.dir/C_/Users/S4MPA10/.pico-sdk/sdk/1.5.1/src/rp2_common/pico_bit_ops/bit_ops_aeabi.S.obj
 .text.ctzsi    0x10003be4        0xc CMakeFiles/picow_http_client.dir/C_/Users/S4MPA10/.pico-sdk/sdk/1.5.1/src/rp2_common/pico_bit_ops/bit_ops_aeabi.S.obj
                0x10003be4                __wrap___ctzsi2
 .text.rom_func_lookup
                0x10003bf0       0x10 CMakeFiles/picow_http_client.dir/C_/Users/S4MPA10/.pico-sdk/sdk/1.5.1/src/rp2_common/pico_bootrom/bootrom.c.obj
                0x10003bf0                rom_func_lookup
 .text.rom_data_lookup
                0x10003c00       0x10 CMakeFiles/picow_http_client.dir/C_/Users/S4MPA10/.pico-sdk/sdk/1.5.1/src/rp2_common/pico_bootrom/bootrom.c.obj
                0x10003c00                rom_data_lookup
 .text.rom_funcs_lookup
                0x10003c10       0x44 CMakeFiles/picow_http_client.dir/C_/Users/S4MPA10/.pico-sdk/sdk/1.5.1/src/rp2_common/pico_bootrom/bootrom.c.obj
                0x10003c10                rom_funcs_lookup
 .text.__wrap___aeabi_idiv
                0x10003c54       0x50 CMakeFiles/picow_http_client.dir/C_/Users/S4MPA10/.pico-sdk/sdk/1.5.1/src/rp2_common/pico_divider/divider.S.obj
                0x10003c54                __wrap___aeabi_idivmod
                0x10003c54                divmod_s32s32
                0x10003c54                div_s32s32
                0x10003c54                __wrap___aeabi_idiv
                0x10003c5c                divmod_s32s32_unsafe
                0x10003c88                divmod_s32s32_savestate
 .text.__wrap___aeabi_uidiv
                0x10003ca4       0x4c CMakeFiles/picow_http_client.dir/C_/Users/S4MPA10/.pico-sdk/sdk/1.5.1/src/rp2_common/pico_divider/divider.S.obj
                0x10003ca4                __wrap___aeabi_uidiv
                0x10003ca4                __wrap___aeabi_uidivmod
                0x10003ca4                div_u32u32
                0x10003ca4                divmod_u32u32
                0x10003cac                divmod_u32u32_unsafe
                0x10003cd4                divmod_u32u32_savestate
 .text.__wrap___aeabi_ldiv
                0x10003cf0      0x424 CMakeFiles/picow_http_client.dir/C_/Users/S4MPA10/.pico-sdk/sdk/1.5.1/src/rp2_common/pico_divider/divider.S.obj
                0x10003cf0                div_s64s64
                0x10003cf0                divmod_s64s64
                0x10003cf0                __wrap___aeabi_ldivmod
                0x10003d20                divmod_u64u64
                0x10003d20                div_u64u64
                0x10003d20                __wrap___aeabi_uldivmod
                0x10003d30                divmod_u64u64_savestate
                0x10003d50                divmod_s64s64_unsafe
                0x10003dd8                divmod_u64u64_unsafe
 .text.__wrap___aeabi_darithmetic
                0x10004114       0x60 CMakeFiles/picow_http_client.dir/C_/Users/S4MPA10/.pico-sdk/sdk/1.5.1/src/rp2_common/pico_double/double_aeabi.S.obj
                0x10004114                __wrap___aeabi_drsub
                0x1000411a                __wrap___aeabi_dsub
                0x10004124                __wrap___aeabi_dadd
                0x1000412e                __wrap___aeabi_ddiv
                0x10004162                __wrap___aeabi_dmul
 .text.__wrap___aeabi_cdcmple
                0x10004174       0x6c CMakeFiles/picow_http_client.dir/C_/Users/S4MPA10/.pico-sdk/sdk/1.5.1/src/rp2_common/pico_double/double_aeabi.S.obj
                0x10004174                __wrap___aeabi_cdrcmple
                0x10004184                __wrap___aeabi_cdcmpeq
                0x10004184                __wrap___aeabi_cdcmple
 .text.__wrap___aeabi_dcmplt
                0x100041e0        0xc CMakeFiles/picow_http_client.dir/C_/Users/S4MPA10/.pico-sdk/sdk/1.5.1/src/rp2_common/pico_double/double_aeabi.S.obj
                0x100041e0                __wrap___aeabi_dcmplt
 .text.__wrap___aeabi_dcmpge
                0x100041ec       0x10 CMakeFiles/picow_http_client.dir/C_/Users/S4MPA10/.pico-sdk/sdk/1.5.1/src/rp2_common/pico_double/double_aeabi.S.obj
                0x100041ec                __wrap___aeabi_dcmpge
 .text.__wrap___aeabi_dcmpgt
                0x100041fc        0xa CMakeFiles/picow_http_client.dir/C_/Users/S4MPA10/.pico-sdk/sdk/1.5.1/src/rp2_common/pico_double/double_aeabi.S.obj
                0x100041fc                __wrap___aeabi_dcmpgt
 .text.__wrap___aeabi_dcmpun
                0x10004206       0x1c CMakeFiles/picow_http_client.dir/C_/Users/S4MPA10/.pico-sdk/sdk/1.5.1/src/rp2_common/pico_double/double_aeabi.S.obj
                0x10004206                __wrap___aeabi_dcmpun
 *fill*         0x10004222        0x2 
 .text.__wrap___aeabi_i2d
                0x10004224       0x38 CMakeFiles/picow_http_client.dir/C_/Users/S4MPA10/.pico-sdk/sdk/1.5.1/src/rp2_common/pico_double/double_aeabi.S.obj
                0x10004224                __wrap___aeabi_ui2d
                0x1000422c                __wrap___aeabi_i2d
 .text.__wrap___aeabi_d2iz
                0x1000425c       0x48 CMakeFiles/picow_http_client.dir/C_/Users/S4MPA10/.pico-sdk/sdk/1.5.1/src/rp2_common/pico_double/double_aeabi.S.obj
                0x1000425c                double2int_z
                0x1000425c                __wrap___aeabi_d2iz
 .text.__wrap___aeabi_d2uiz
                0x100042a4       0x10 CMakeFiles/picow_http_client.dir/C_/Users/S4MPA10/.pico-sdk/sdk/1.5.1/src/rp2_common/pico_double/double_aeabi.S.obj
                0x100042a4                __wrap___aeabi_d2uiz
                0x100042a4                double2uint
 .text.missing_double_func_shim
                0x100042b4        0xc CMakeFiles/picow_http_client.dir/C_/Users/S4MPA10/.pico-sdk/sdk/1.5.1/src/rp2_common/pico_double/double_init_rom.c.obj
 .text.__aeabi_double_init
                0x100042c0       0x94 CMakeFiles/picow_http_client.dir/C_/Users/S4MPA10/.pico-sdk/sdk/1.5.1/src/rp2_common/pico_double/double_init_rom.c.obj
                0x100042c0                __aeabi_double_init
 .text.double_table_shim_on_use_helper
                0x10004354       0x2c CMakeFiles/picow_http_client.dir/C_/Users/S4MPA10/.pico-sdk/sdk/1.5.1/src/rp2_common/pico_double/double_v1_rom_shim.S.obj
                0x10004354                double_table_shim_on_use_helper
 .text.__aeabi_lmul
                0x10004380       0x32 CMakeFiles/picow_http_client.dir/C_/Users/S4MPA10/.pico-sdk/sdk/1.5.1/src/rp2_common/pico_int64_ops/pico_int64_ops_aeabi.S.obj
                0x10004380                __wrap___aeabi_lmul
 *fill*         0x100043b2        0x2 
 .text.missing_float_func_shim
                0x100043b4        0xc CMakeFiles/picow_http_client.dir/C_/Users/S4MPA10/.pico-sdk/sdk/1.5.1/src/rp2_common/pico_float/float_init_rom.c.obj
 .text.__aeabi_float_init
                0x100043c0       0x5c CMakeFiles/picow_http_client.dir/C_/Users/S4MPA10/.pico-sdk/sdk/1.5.1/src/rp2_common/pico_float/float_init_rom.c.obj
                0x100043c0                __aeabi_float_init
 .text.__wrap_calloc
                0x1000441c       0x24 CMakeFiles/picow_http_client.dir/C_/Users/S4MPA10/.pico-sdk/sdk/1.5.1/src/rp2_common/pico_malloc/pico_malloc.c.obj
                0x1000441c                __wrap_calloc
 .text.__wrap_free
                0x10004440        0x8 CMakeFiles/picow_http_client.dir/C_/Users/S4MPA10/.pico-sdk/sdk/1.5.1/src/rp2_common/pico_malloc/pico_malloc.c.obj
                0x10004440                __wrap_free
 .text          0x10004448       0x10 CMakeFiles/picow_http_client.dir/C_/Users/S4MPA10/.pico-sdk/sdk/1.5.1/src/rp2_common/pico_mem_ops/mem_ops_aeabi.S.obj
                0x10004448                __aeabi_mem_init
 .text.memset   0x10004458        0xc CMakeFiles/picow_http_client.dir/C_/Users/S4MPA10/.pico-sdk/sdk/1.5.1/src/rp2_common/pico_mem_ops/mem_ops_aeabi.S.obj
                0x10004458                __wrap_memset
 .text.memcpy   0x10004464        0xc CMakeFiles/picow_http_client.dir/C_/Users/S4MPA10/.pico-sdk/sdk/1.5.1/src/rp2_common/pico_mem_ops/mem_ops_aeabi.S.obj
                0x10004464                __wrap_memcpy
                0x10004464                __wrap___aeabi_memcpy
 .text.stdio_out_chars_crlf
                0x10004470       0x94 CMakeFiles/picow_http_client.dir/C_/Users/S4MPA10/.pico-sdk/sdk/1.5.1/src/rp2_common/pico_stdio/stdio.c.obj
 .text.stdio_buffered_printer
                0x10004504       0x64 CMakeFiles/picow_http_client.dir/C_/Users/S4MPA10/.pico-sdk/sdk/1.5.1/src/rp2_common/pico_stdio/stdio.c.obj
 .text.__wrap_putchar
                0x10004568       0x98 CMakeFiles/picow_http_client.dir/C_/Users/S4MPA10/.pico-sdk/sdk/1.5.1/src/rp2_common/pico_stdio/stdio.c.obj
                0x10004568                __wrap_putchar
 .text.__wrap_puts
                0x10004600       0xe0 CMakeFiles/picow_http_client.dir/C_/Users/S4MPA10/.pico-sdk/sdk/1.5.1/src/rp2_common/pico_stdio/stdio.c.obj
                0x10004600                __wrap_puts
 .text.stdio_set_driver_enabled
                0x100046e0       0x30 CMakeFiles/picow_http_client.dir/C_/Users/S4MPA10/.pico-sdk/sdk/1.5.1/src/rp2_common/pico_stdio/stdio.c.obj
                0x100046e0                stdio_set_driver_enabled
 .text.__wrap_vprintf
                0x10004710       0xd4 CMakeFiles/picow_http_client.dir/C_/Users/S4MPA10/.pico-sdk/sdk/1.5.1/src/rp2_common/pico_stdio/stdio.c.obj
                0x10004710                __wrap_vprintf
 .text.__wrap_printf
                0x100047e4       0x18 CMakeFiles/picow_http_client.dir/C_/Users/S4MPA10/.pico-sdk/sdk/1.5.1/src/rp2_common/pico_stdio/stdio.c.obj
                0x100047e4                __wrap_printf
 .text.stdio_init_all
                0x100047fc        0x8 CMakeFiles/picow_http_client.dir/C_/Users/S4MPA10/.pico-sdk/sdk/1.5.1/src/rp2_common/pico_stdio/stdio.c.obj
                0x100047fc                stdio_init_all
 .text.resetd_init
                0x10004804        0x4 CMakeFiles/picow_http_client.dir/C_/Users/S4MPA10/.pico-sdk/sdk/1.5.1/src/rp2_common/pico_stdio_usb/reset_interface.c.obj
 .text.resetd_reset
                0x10004808        0xc CMakeFiles/picow_http_client.dir/C_/Users/S4MPA10/.pico-sdk/sdk/1.5.1/src/rp2_common/pico_stdio_usb/reset_interface.c.obj
 .text.resetd_open
                0x10004814       0x28 CMakeFiles/picow_http_client.dir/C_/Users/S4MPA10/.pico-sdk/sdk/1.5.1/src/rp2_common/pico_stdio_usb/reset_interface.c.obj
 .text.resetd_xfer_cb
                0x1000483c        0x4 CMakeFiles/picow_http_client.dir/C_/Users/S4MPA10/.pico-sdk/sdk/1.5.1/src/rp2_common/pico_stdio_usb/reset_interface.c.obj
 .text.resetd_control_xfer_cb
                0x10004840       0x60 CMakeFiles/picow_http_client.dir/C_/Users/S4MPA10/.pico-sdk/sdk/1.5.1/src/rp2_common/pico_stdio_usb/reset_interface.c.obj
 .text.usbd_app_driver_get_cb
                0x100048a0        0xc CMakeFiles/picow_http_client.dir/C_/Users/S4MPA10/.pico-sdk/sdk/1.5.1/src/rp2_common/pico_stdio_usb/reset_interface.c.obj
                0x100048a0                usbd_app_driver_get_cb
 .text.tud_cdc_line_coding_cb
                0x100048ac       0x34 CMakeFiles/picow_http_client.dir/C_/Users/S4MPA10/.pico-sdk/sdk/1.5.1/src/rp2_common/pico_stdio_usb/reset_interface.c.obj
                0x100048ac                tud_cdc_line_coding_cb
 .text.stdio_usb_set_chars_available_callback
                0x100048e0       0x14 CMakeFiles/picow_http_client.dir/C_/Users/S4MPA10/.pico-sdk/sdk/1.5.1/src/rp2_common/pico_stdio_usb/stdio_usb.c.obj
                0x100048e0                stdio_usb_set_chars_available_callback
 .text.usb_irq  0x100048f4       0x10 CMakeFiles/picow_http_client.dir/C_/Users/S4MPA10/.pico-sdk/sdk/1.5.1/src/rp2_common/pico_stdio_usb/stdio_usb.c.obj
 .text.timer_task
                0x10004904       0x54 CMakeFiles/picow_http_client.dir/C_/Users/S4MPA10/.pico-sdk/sdk/1.5.1/src/rp2_common/pico_stdio_usb/stdio_usb.c.obj
 .text.stdio_usb_in_chars
                0x10004958       0x90 CMakeFiles/picow_http_client.dir/C_/Users/S4MPA10/.pico-sdk/sdk/1.5.1/src/rp2_common/pico_stdio_usb/stdio_usb.c.obj
                0x10004958                stdio_usb_in_chars
 .text.stdio_usb_out_chars
                0x100049e8      0x104 CMakeFiles/picow_http_client.dir/C_/Users/S4MPA10/.pico-sdk/sdk/1.5.1/src/rp2_common/pico_stdio_usb/stdio_usb.c.obj
 .text.low_priority_worker_irq
                0x10004aec       0xa8 CMakeFiles/picow_http_client.dir/C_/Users/S4MPA10/.pico-sdk/sdk/1.5.1/src/rp2_common/pico_stdio_usb/stdio_usb.c.obj
 .text.tud_cdc_rx_cb
                0x10004b94       0x20 CMakeFiles/picow_http_client.dir/C_/Users/S4MPA10/.pico-sdk/sdk/1.5.1/src/rp2_common/pico_stdio_usb/stdio_usb.c.obj
                0x10004b94                tud_cdc_rx_cb
 .text.stdio_usb_init
                0x10004bb4       0xe0 CMakeFiles/picow_http_client.dir/C_/Users/S4MPA10/.pico-sdk/sdk/1.5.1/src/rp2_common/pico_stdio_usb/stdio_usb.c.obj
                0x10004bb4                stdio_usb_init
 .text.tud_descriptor_device_cb
                0x10004c94        0x8 CMakeFiles/picow_http_client.dir/C_/Users/S4MPA10/.pico-sdk/sdk/1.5.1/src/rp2_common/pico_stdio_usb/stdio_usb_descriptors.c.obj
                0x10004c94                tud_descriptor_device_cb
 .text.tud_descriptor_configuration_cb
                0x10004c9c        0x8 CMakeFiles/picow_http_client.dir/C_/Users/S4MPA10/.pico-sdk/sdk/1.5.1/src/rp2_common/pico_stdio_usb/stdio_usb_descriptors.c.obj
                0x10004c9c                tud_descriptor_configuration_cb
 .text.tud_descriptor_string_cb
                0x10004ca4       0x78 CMakeFiles/picow_http_client.dir/C_/Users/S4MPA10/.pico-sdk/sdk/1.5.1/src/rp2_common/pico_stdio_usb/stdio_usb_descriptors.c.obj
                0x10004ca4                tud_descriptor_string_cb
 .text.startup._retrieve_unique_id_on_boot
                0x10004d1c       0x10 CMakeFiles/picow_http_client.dir/C_/Users/S4MPA10/.pico-sdk/sdk/1.5.1/src/rp2_common/pico_unique_id/unique_id.c.obj
 .text.pico_get_unique_board_id
                0x10004d2c       0x10 CMakeFiles/picow_http_client.dir/C_/Users/S4MPA10/.pico-sdk/sdk/1.5.1/src/rp2_common/pico_unique_id/unique_id.c.obj
                0x10004d2c                pico_get_unique_board_id
 .text.pico_get_unique_board_id_string
                0x10004d3c      0x1a8 CMakeFiles/picow_http_client.dir/C_/Users/S4MPA10/.pico-sdk/sdk/1.5.1/src/rp2_common/pico_unique_id/unique_id.c.obj
                0x10004d3c                pico_get_unique_board_id_string
 .text.flash_get_unique_id
                0x10004ee4       0x3c CMakeFiles/picow_http_client.dir/C_/Users/S4MPA10/.pico-sdk/sdk/1.5.1/src/rp2_common/hardware_flash/flash.c.obj
                0x10004ee4                flash_get_unique_id
 .text.dcd_int_enable
                0x10004f20        0xc CMakeFiles/picow_http_client.dir/C_/Users/S4MPA10/.pico-sdk/sdk/1.5.1/lib/tinyusb/src/portable/raspberrypi/rp2040/dcd_rp2040.c.obj
                0x10004f20                dcd_int_enable
 .text.dcd_set_address
                0x10004f2c       0x14 CMakeFiles/picow_http_client.dir/C_/Users/S4MPA10/.pico-sdk/sdk/1.5.1/lib/tinyusb/src/portable/raspberrypi/rp2040/dcd_rp2040.c.obj
                0x10004f2c                dcd_set_address
 .text.dcd_connect
                0x10004f40       0x10 CMakeFiles/picow_http_client.dir/C_/Users/S4MPA10/.pico-sdk/sdk/1.5.1/lib/tinyusb/src/portable/raspberrypi/rp2040/dcd_rp2040.c.obj
                0x10004f40                dcd_connect
 .text.dcd_init
                0x10004f50       0x98 CMakeFiles/picow_http_client.dir/C_/Users/S4MPA10/.pico-sdk/sdk/1.5.1/lib/tinyusb/src/portable/raspberrypi/rp2040/dcd_rp2040.c.obj
                0x10004f50                dcd_init
 .text.dcd_edpt0_status_complete
                0x10004fe8       0x1c CMakeFiles/picow_http_client.dir/C_/Users/S4MPA10/.pico-sdk/sdk/1.5.1/lib/tinyusb/src/portable/raspberrypi/rp2040/dcd_rp2040.c.obj
                0x10004fe8                dcd_edpt0_status_complete
 .text.dcd_edpt_open
                0x10005004      0x108 CMakeFiles/picow_http_client.dir/C_/Users/S4MPA10/.pico-sdk/sdk/1.5.1/lib/tinyusb/src/portable/raspberrypi/rp2040/dcd_rp2040.c.obj
                0x10005004                dcd_edpt_open
 .text.dcd_edpt_close_all
                0x1000510c        0x8 CMakeFiles/picow_http_client.dir/C_/Users/S4MPA10/.pico-sdk/sdk/1.5.1/lib/tinyusb/src/portable/raspberrypi/rp2040/dcd_rp2040.c.obj
                0x1000510c                dcd_edpt_close_all
 .text.dcd_edpt_xfer
                0x10005114       0x24 CMakeFiles/picow_http_client.dir/C_/Users/S4MPA10/.pico-sdk/sdk/1.5.1/lib/tinyusb/src/portable/raspberrypi/rp2040/dcd_rp2040.c.obj
                0x10005114                dcd_edpt_xfer
 .text.dcd_edpt_stall
                0x10005138       0x34 CMakeFiles/picow_http_client.dir/C_/Users/S4MPA10/.pico-sdk/sdk/1.5.1/lib/tinyusb/src/portable/raspberrypi/rp2040/dcd_rp2040.c.obj
                0x10005138                dcd_edpt_stall
 .text.dcd_edpt_clear_stall
                0x1000516c       0x30 CMakeFiles/picow_http_client.dir/C_/Users/S4MPA10/.pico-sdk/sdk/1.5.1/lib/tinyusb/src/portable/raspberrypi/rp2040/dcd_rp2040.c.obj
                0x1000516c                dcd_edpt_clear_stall
 .text.rp2040_usb_init
                0x1000519c       0x4c CMakeFiles/picow_http_client.dir/C_/Users/S4MPA10/.pico-sdk/sdk/1.5.1/lib/tinyusb/src/portable/raspberrypi/rp2040/rp2040_usb.c.obj
                0x1000519c                rp2040_usb_init
 .text.hw_endpoint_xfer_start
                0x100051e8       0x40 CMakeFiles/picow_http_client.dir/C_/Users/S4MPA10/.pico-sdk/sdk/1.5.1/lib/tinyusb/src/portable/raspberrypi/rp2040/rp2040_usb.c.obj
                0x100051e8                hw_endpoint_xfer_start
 .text.tud_mounted
                0x10005228       0x10 CMakeFiles/picow_http_client.dir/C_/Users/S4MPA10/.pico-sdk/sdk/1.5.1/lib/tinyusb/src/device/usbd.c.obj
                0x10005228                tud_mounted
 .text.tud_suspended
                0x10005238       0x10 CMakeFiles/picow_http_client.dir/C_/Users/S4MPA10/.pico-sdk/sdk/1.5.1/lib/tinyusb/src/device/usbd.c.obj
                0x10005238                tud_suspended
 .text.tud_inited
                0x10005248       0x14 CMakeFiles/picow_http_client.dir/C_/Users/S4MPA10/.pico-sdk/sdk/1.5.1/lib/tinyusb/src/device/usbd.c.obj
                0x10005248                tud_inited
 .text.tud_init
                0x1000525c       0xdc CMakeFiles/picow_http_client.dir/C_/Users/S4MPA10/.pico-sdk/sdk/1.5.1/lib/tinyusb/src/device/usbd.c.obj
                0x1000525c                tud_init
 .text.tud_task_ext
                0x10005338      0x850 CMakeFiles/picow_http_client.dir/C_/Users/S4MPA10/.pico-sdk/sdk/1.5.1/lib/tinyusb/src/device/usbd.c.obj
                0x10005338                tud_task_ext
 .text.usbd_open_edpt_pair
                0x10005b88       0x9c CMakeFiles/picow_http_client.dir/C_/Users/S4MPA10/.pico-sdk/sdk/1.5.1/lib/tinyusb/src/device/usbd.c.obj
                0x10005b88                usbd_open_edpt_pair
 .text.usbd_defer_func
                0x10005c24       0x48 CMakeFiles/picow_http_client.dir/C_/Users/S4MPA10/.pico-sdk/sdk/1.5.1/lib/tinyusb/src/device/usbd.c.obj
                0x10005c24                usbd_defer_func
 .text.usbd_edpt_open
                0x10005c6c       0x34 CMakeFiles/picow_http_client.dir/C_/Users/S4MPA10/.pico-sdk/sdk/1.5.1/lib/tinyusb/src/device/usbd.c.obj
                0x10005c6c                usbd_edpt_open
 .text.usbd_edpt_claim
                0x10005ca0       0x28 CMakeFiles/picow_http_client.dir/C_/Users/S4MPA10/.pico-sdk/sdk/1.5.1/lib/tinyusb/src/device/usbd.c.obj
                0x10005ca0                usbd_edpt_claim
 .text.usbd_edpt_release
                0x10005cc8       0x28 CMakeFiles/picow_http_client.dir/C_/Users/S4MPA10/.pico-sdk/sdk/1.5.1/lib/tinyusb/src/device/usbd.c.obj
                0x10005cc8                usbd_edpt_release
 .text.usbd_edpt_xfer
                0x10005cf0       0x4c CMakeFiles/picow_http_client.dir/C_/Users/S4MPA10/.pico-sdk/sdk/1.5.1/lib/tinyusb/src/device/usbd.c.obj
                0x10005cf0                usbd_edpt_xfer
 .text.tud_control_status
                0x10005d3c       0x2c CMakeFiles/picow_http_client.dir/C_/Users/S4MPA10/.pico-sdk/sdk/1.5.1/lib/tinyusb/src/device/usbd_control.c.obj
                0x10005d3c                tud_control_status
 .text.tud_control_xfer
                0x10005d68       0xac CMakeFiles/picow_http_client.dir/C_/Users/S4MPA10/.pico-sdk/sdk/1.5.1/lib/tinyusb/src/device/usbd_control.c.obj
                0x10005d68                tud_control_xfer
 .text.usbd_control_reset
                0x10005e14       0x14 CMakeFiles/picow_http_client.dir/C_/Users/S4MPA10/.pico-sdk/sdk/1.5.1/lib/tinyusb/src/device/usbd_control.c.obj
                0x10005e14                usbd_control_reset
 .text.usbd_control_set_complete_callback
                0x10005e28        0xc CMakeFiles/picow_http_client.dir/C_/Users/S4MPA10/.pico-sdk/sdk/1.5.1/lib/tinyusb/src/device/usbd_control.c.obj
                0x10005e28                usbd_control_set_complete_callback
 .text.usbd_control_set_request
                0x10005e34       0x1c CMakeFiles/picow_http_client.dir/C_/Users/S4MPA10/.pico-sdk/sdk/1.5.1/lib/tinyusb/src/device/usbd_control.c.obj
                0x10005e34                usbd_control_set_request
 .text.usbd_control_xfer_cb
                0x10005e50       0xf4 CMakeFiles/picow_http_client.dir/C_/Users/S4MPA10/.pico-sdk/sdk/1.5.1/lib/tinyusb/src/device/usbd_control.c.obj
                0x10005e50                usbd_control_xfer_cb
 .text.tud_cdc_n_connected
                0x10005f44       0x30 CMakeFiles/picow_http_client.dir/C_/Users/S4MPA10/.pico-sdk/sdk/1.5.1/lib/tinyusb/src/class/cdc/cdc_device.c.obj
                0x10005f44                tud_cdc_n_connected
 .text.tud_cdc_n_available
                0x10005f74       0x18 CMakeFiles/picow_http_client.dir/C_/Users/S4MPA10/.pico-sdk/sdk/1.5.1/lib/tinyusb/src/class/cdc/cdc_device.c.obj
                0x10005f74                tud_cdc_n_available
 .text.tud_cdc_n_read
                0x10005f8c       0x70 CMakeFiles/picow_http_client.dir/C_/Users/S4MPA10/.pico-sdk/sdk/1.5.1/lib/tinyusb/src/class/cdc/cdc_device.c.obj
                0x10005f8c                tud_cdc_n_read
 .text.tud_cdc_n_write_flush
                0x10005ffc       0x78 CMakeFiles/picow_http_client.dir/C_/Users/S4MPA10/.pico-sdk/sdk/1.5.1/lib/tinyusb/src/class/cdc/cdc_device.c.obj
                0x10005ffc                tud_cdc_n_write_flush
 .text.tud_cdc_n_write
                0x10006074       0x34 CMakeFiles/picow_http_client.dir/C_/Users/S4MPA10/.pico-sdk/sdk/1.5.1/lib/tinyusb/src/class/cdc/cdc_device.c.obj
                0x10006074                tud_cdc_n_write
 .text.tud_cdc_n_write_available
                0x100060a8       0x18 CMakeFiles/picow_http_client.dir/C_/Users/S4MPA10/.pico-sdk/sdk/1.5.1/lib/tinyusb/src/class/cdc/cdc_device.c.obj
                0x100060a8                tud_cdc_n_write_available
 .text.cdcd_init
                0x100060c0       0x7c CMakeFiles/picow_http_client.dir/C_/Users/S4MPA10/.pico-sdk/sdk/1.5.1/lib/tinyusb/src/class/cdc/cdc_device.c.obj
                0x100060c0                cdcd_init
 .text.cdcd_reset
                0x1000613c       0x2c CMakeFiles/picow_http_client.dir/C_/Users/S4MPA10/.pico-sdk/sdk/1.5.1/lib/tinyusb/src/class/cdc/cdc_device.c.obj
                0x1000613c                cdcd_reset
 .text.cdcd_open
                0x10006168       0xe4 CMakeFiles/picow_http_client.dir/C_/Users/S4MPA10/.pico-sdk/sdk/1.5.1/lib/tinyusb/src/class/cdc/cdc_device.c.obj
                0x10006168                cdcd_open
 .text.cdcd_control_xfer_cb
                0x1000624c       0xe4 CMakeFiles/picow_http_client.dir/C_/Users/S4MPA10/.pico-sdk/sdk/1.5.1/lib/tinyusb/src/class/cdc/cdc_device.c.obj
                0x1000624c                cdcd_control_xfer_cb
 .text.cdcd_xfer_cb
                0x10006330      0x13c CMakeFiles/picow_http_client.dir/C_/Users/S4MPA10/.pico-sdk/sdk/1.5.1/lib/tinyusb/src/class/cdc/cdc_device.c.obj
                0x10006330                cdcd_xfer_cb
 .text.tusb_init
                0x1000646c        0xc CMakeFiles/picow_http_client.dir/C_/Users/S4MPA10/.pico-sdk/sdk/1.5.1/lib/tinyusb/src/tusb.c.obj
                0x1000646c                tusb_init
 .text.tusb_inited
                0x10006478        0x8 CMakeFiles/picow_http_client.dir/C_/Users/S4MPA10/.pico-sdk/sdk/1.5.1/lib/tinyusb/src/tusb.c.obj
                0x10006478                tusb_inited
 .text.tu_edpt_claim
                0x10006480       0x50 CMakeFiles/picow_http_client.dir/C_/Users/S4MPA10/.pico-sdk/sdk/1.5.1/lib/tinyusb/src/tusb.c.obj
                0x10006480                tu_edpt_claim
 .text.tu_edpt_release
                0x100064d0       0x38 CMakeFiles/picow_http_client.dir/C_/Users/S4MPA10/.pico-sdk/sdk/1.5.1/lib/tinyusb/src/tusb.c.obj
                0x100064d0                tu_edpt_release
 .text.tu_edpt_validate
                0x10006508       0x7c CMakeFiles/picow_http_client.dir/C_/Users/S4MPA10/.pico-sdk/sdk/1.5.1/lib/tinyusb/src/tusb.c.obj
                0x10006508                tu_edpt_validate
 .text.tu_edpt_bind_driver
                0x10006584       0x34 CMakeFiles/picow_http_client.dir/C_/Users/S4MPA10/.pico-sdk/sdk/1.5.1/lib/tinyusb/src/tusb.c.obj
                0x10006584                tu_edpt_bind_driver
 .text.tu_fifo_config
                0x100065b8       0x6c CMakeFiles/picow_http_client.dir/C_/Users/S4MPA10/.pico-sdk/sdk/1.5.1/lib/tinyusb/src/common/tusb_fifo.c.obj
                0x100065b8                tu_fifo_config
 .text.tu_fifo_count
                0x10006624       0x2c CMakeFiles/picow_http_client.dir/C_/Users/S4MPA10/.pico-sdk/sdk/1.5.1/lib/tinyusb/src/common/tusb_fifo.c.obj
                0x10006624                tu_fifo_count
 .text.tu_fifo_empty
                0x10006650       0x10 CMakeFiles/picow_http_client.dir/C_/Users/S4MPA10/.pico-sdk/sdk/1.5.1/lib/tinyusb/src/common/tusb_fifo.c.obj
                0x10006650                tu_fifo_empty
 .text.tu_fifo_remaining
                0x10006660       0x2c CMakeFiles/picow_http_client.dir/C_/Users/S4MPA10/.pico-sdk/sdk/1.5.1/lib/tinyusb/src/common/tusb_fifo.c.obj
                0x10006660                tu_fifo_remaining
 .text.tu_fifo_read
                0x1000668c       0x9c CMakeFiles/picow_http_client.dir/C_/Users/S4MPA10/.pico-sdk/sdk/1.5.1/lib/tinyusb/src/common/tusb_fifo.c.obj
                0x1000668c                tu_fifo_read
 .text.tu_fifo_read_n
                0x10006728       0xe8 CMakeFiles/picow_http_client.dir/C_/Users/S4MPA10/.pico-sdk/sdk/1.5.1/lib/tinyusb/src/common/tusb_fifo.c.obj
                0x10006728                tu_fifo_read_n
 .text.tu_fifo_write
                0x10006810       0xa8 CMakeFiles/picow_http_client.dir/C_/Users/S4MPA10/.pico-sdk/sdk/1.5.1/lib/tinyusb/src/common/tusb_fifo.c.obj
                0x10006810                tu_fifo_write
 .text.tu_fifo_write_n
                0x100068b8      0x178 CMakeFiles/picow_http_client.dir/C_/Users/S4MPA10/.pico-sdk/sdk/1.5.1/lib/tinyusb/src/common/tusb_fifo.c.obj
                0x100068b8                tu_fifo_write_n
 .text.tu_fifo_clear
                0x10006a30       0x40 CMakeFiles/picow_http_client.dir/C_/Users/S4MPA10/.pico-sdk/sdk/1.5.1/lib/tinyusb/src/common/tusb_fifo.c.obj
                0x10006a30                tu_fifo_clear
 .text.tu_fifo_set_overwritable
                0x10006a70       0x48 CMakeFiles/picow_http_client.dir/C_/Users/S4MPA10/.pico-sdk/sdk/1.5.1/lib/tinyusb/src/common/tusb_fifo.c.obj
                0x10006a70                tu_fifo_set_overwritable
 .text.adc_init
                0x10006ab8       0x38 CMakeFiles/picow_http_client.dir/C_/Users/S4MPA10/.pico-sdk/sdk/1.5.1/src/rp2_common/hardware_adc/adc.c.obj
                0x10006ab8                adc_init
 .text.lwip_timeout_reached
                0x10006af0        0x8 CMakeFiles/picow_http_client.dir/C_/Users/S4MPA10/.pico-sdk/sdk/1.5.1/src/rp2_common/pico_lwip/lwip_nosys.c.obj
 .text.update_next_timeout
                0x10006af8       0x60 CMakeFiles/picow_http_client.dir/C_/Users/S4MPA10/.pico-sdk/sdk/1.5.1/src/rp2_common/pico_lwip/lwip_nosys.c.obj
 .text.lwip_nosys_init
                0x10006b58       0x30 CMakeFiles/picow_http_client.dir/C_/Users/S4MPA10/.pico-sdk/sdk/1.5.1/src/rp2_common/pico_lwip/lwip_nosys.c.obj
                0x10006b58                lwip_nosys_init
 .text.lwip_nosys_deinit
                0x10006b88       0x20 CMakeFiles/picow_http_client.dir/C_/Users/S4MPA10/.pico-sdk/sdk/1.5.1/src/rp2_common/pico_lwip/lwip_nosys.c.obj
                0x10006b88                lwip_nosys_deinit
 .text.sys_arch_protect
                0x10006ba8        0x4 CMakeFiles/picow_http_client.dir/C_/Users/S4MPA10/.pico-sdk/sdk/1.5.1/src/rp2_common/pico_lwip/lwip_nosys.c.obj
                0x10006ba8                sys_arch_protect
 .text.sys_arch_unprotect
                0x10006bac        0x4 CMakeFiles/picow_http_client.dir/C_/Users/S4MPA10/.pico-sdk/sdk/1.5.1/src/rp2_common/pico_lwip/lwip_nosys.c.obj
                0x10006bac                sys_arch_unprotect
 .text.sys_now  0x10006bb0       0x20 CMakeFiles/picow_http_client.dir/C_/Users/S4MPA10/.pico-sdk/sdk/1.5.1/src/rp2_common/pico_lwip/lwip_nosys.c.obj
                0x10006bb0                sys_now
 .text.async_context_base_add_at_time_worker
                0x10006bd0       0x24 CMakeFiles/picow_http_client.dir/C_/Users/S4MPA10/.pico-sdk/sdk/1.5.1/src/rp2_common/pico_async_context/async_context_base.c.obj
                0x10006bd0                async_context_base_add_at_time_worker
 .text.async_context_base_remove_at_time_worker
                0x10006bf4       0x28 CMakeFiles/picow_http_client.dir/C_/Users/S4MPA10/.pico-sdk/sdk/1.5.1/src/rp2_common/pico_async_context/async_context_base.c.obj
                0x10006bf4                async_context_base_remove_at_time_worker
 .text.async_context_base_add_when_pending_worker
                0x10006c1c       0x24 CMakeFiles/picow_http_client.dir/C_/Users/S4MPA10/.pico-sdk/sdk/1.5.1/src/rp2_common/pico_async_context/async_context_base.c.obj
                0x10006c1c                async_context_base_add_when_pending_worker
 .text.async_context_base_remove_when_pending_worker
                0x10006c40       0x28 CMakeFiles/picow_http_client.dir/C_/Users/S4MPA10/.pico-sdk/sdk/1.5.1/src/rp2_common/pico_async_context/async_context_base.c.obj
                0x10006c40                async_context_base_remove_when_pending_worker
 .text.async_context_base_execute_once
                0x10006c68      0x108 CMakeFiles/picow_http_client.dir/C_/Users/S4MPA10/.pico-sdk/sdk/1.5.1/src/rp2_common/pico_async_context/async_context_base.c.obj
                0x10006c68                async_context_base_execute_once
 .text.splitmix64
                0x10006d70       0x58 CMakeFiles/picow_http_client.dir/C_/Users/S4MPA10/.pico-sdk/sdk/1.5.1/src/rp2_common/pico_rand/rand.c.obj
 .text.xoroshiro128ss
                0x10006dc8       0x90 CMakeFiles/picow_http_client.dir/C_/Users/S4MPA10/.pico-sdk/sdk/1.5.1/src/rp2_common/pico_rand/rand.c.obj
 .text.get_rand_64
                0x10006e58      0x4a4 CMakeFiles/picow_http_client.dir/C_/Users/S4MPA10/.pico-sdk/sdk/1.5.1/src/rp2_common/pico_rand/rand.c.obj
                0x10006e58                get_rand_64
 .text.get_rand_32
                0x100072fc        0x8 CMakeFiles/picow_http_client.dir/C_/Users/S4MPA10/.pico-sdk/sdk/1.5.1/src/rp2_common/pico_rand/rand.c.obj
                0x100072fc                get_rand_32
 .text.lwip_init
                0x10007304       0x24 CMakeFiles/picow_http_client.dir/C_/Users/S4MPA10/.pico-sdk/sdk/1.5.1/lib/lwip/src/core/init.c.obj
                0x10007304                lwip_init
 .text.lwip_htons
                0x10007328        0x8 CMakeFiles/picow_http_client.dir/C_/Users/S4MPA10/.pico-sdk/sdk/1.5.1/lib/lwip/src/core/def.c.obj
                0x10007328                lwip_htons
 .text.lwip_htonl
                0x10007330        0x4 CMakeFiles/picow_http_client.dir/C_/Users/S4MPA10/.pico-sdk/sdk/1.5.1/lib/lwip/src/core/def.c.obj
                0x10007330                lwip_htonl
 .text.lwip_strnicmp
                0x10007334       0x40 CMakeFiles/picow_http_client.dir/C_/Users/S4MPA10/.pico-sdk/sdk/1.5.1/lib/lwip/src/core/def.c.obj
                0x10007334                lwip_strnicmp
 .text.dns_call_found
                0x10007374      0x184 CMakeFiles/picow_http_client.dir/C_/Users/S4MPA10/.pico-sdk/sdk/1.5.1/lib/lwip/src/core/dns.c.obj
 .text.dns_send.isra.0
                0x100074f8      0x174 CMakeFiles/picow_http_client.dir/C_/Users/S4MPA10/.pico-sdk/sdk/1.5.1/lib/lwip/src/core/dns.c.obj
 .text.dns_check_entry
                0x1000766c      0x130 CMakeFiles/picow_http_client.dir/C_/Users/S4MPA10/.pico-sdk/sdk/1.5.1/lib/lwip/src/core/dns.c.obj
 .text.dns_recv
                0x1000779c      0x380 CMakeFiles/picow_http_client.dir/C_/Users/S4MPA10/.pico-sdk/sdk/1.5.1/lib/lwip/src/core/dns.c.obj
 .text.dns_init
                0x10007b1c        0x4 CMakeFiles/picow_http_client.dir/C_/Users/S4MPA10/.pico-sdk/sdk/1.5.1/lib/lwip/src/core/dns.c.obj
                0x10007b1c                dns_init
 .text.dns_setserver
                0x10007b20       0x24 CMakeFiles/picow_http_client.dir/C_/Users/S4MPA10/.pico-sdk/sdk/1.5.1/lib/lwip/src/core/dns.c.obj
                0x10007b20                dns_setserver
 .text.dns_tmr  0x10007b44      0x140 CMakeFiles/picow_http_client.dir/C_/Users/S4MPA10/.pico-sdk/sdk/1.5.1/lib/lwip/src/core/dns.c.obj
                0x10007b44                dns_tmr
 .text.dns_gethostbyname_addrtype
                0x10007c84      0x5e0 CMakeFiles/picow_http_client.dir/C_/Users/S4MPA10/.pico-sdk/sdk/1.5.1/lib/lwip/src/core/dns.c.obj
                0x10007c84                dns_gethostbyname_addrtype
 .text.dns_gethostbyname
                0x10008264       0x10 CMakeFiles/picow_http_client.dir/C_/Users/S4MPA10/.pico-sdk/sdk/1.5.1/lib/lwip/src/core/dns.c.obj
                0x10008264                dns_gethostbyname
 .text.lwip_standard_chksum
                0x10008274       0xdc CMakeFiles/picow_http_client.dir/C_/Users/S4MPA10/.pico-sdk/sdk/1.5.1/lib/lwip/src/core/inet_chksum.c.obj
                0x10008274                lwip_standard_chksum
 .text.inet_chksum_pseudo
                0x10008350       0xbc CMakeFiles/picow_http_client.dir/C_/Users/S4MPA10/.pico-sdk/sdk/1.5.1/lib/lwip/src/core/inet_chksum.c.obj
                0x10008350                inet_chksum_pseudo
 .text.ip_chksum_pseudo
                0x1000840c       0x10 CMakeFiles/picow_http_client.dir/C_/Users/S4MPA10/.pico-sdk/sdk/1.5.1/lib/lwip/src/core/inet_chksum.c.obj
                0x1000840c                ip_chksum_pseudo
 .text.inet_chksum
                0x1000841c        0xc CMakeFiles/picow_http_client.dir/C_/Users/S4MPA10/.pico-sdk/sdk/1.5.1/lib/lwip/src/core/inet_chksum.c.obj
                0x1000841c                inet_chksum
 .text.inet_chksum_pbuf
                0x10008428       0x78 CMakeFiles/picow_http_client.dir/C_/Users/S4MPA10/.pico-sdk/sdk/1.5.1/lib/lwip/src/core/inet_chksum.c.obj
                0x10008428                inet_chksum_pbuf
 .text.mem_init
                0x100084a0       0x3c CMakeFiles/picow_http_client.dir/C_/Users/S4MPA10/.pico-sdk/sdk/1.5.1/lib/lwip/src/core/mem.c.obj
                0x100084a0                mem_init
 .text.mem_free
                0x100084dc      0x130 CMakeFiles/picow_http_client.dir/C_/Users/S4MPA10/.pico-sdk/sdk/1.5.1/lib/lwip/src/core/mem.c.obj
                0x100084dc                mem_free
 .text.mem_trim
                0x1000860c      0x104 CMakeFiles/picow_http_client.dir/C_/Users/S4MPA10/.pico-sdk/sdk/1.5.1/lib/lwip/src/core/mem.c.obj
                0x1000860c                mem_trim
 .text.mem_malloc
                0x10008710      0x124 CMakeFiles/picow_http_client.dir/C_/Users/S4MPA10/.pico-sdk/sdk/1.5.1/lib/lwip/src/core/mem.c.obj
                0x10008710                mem_malloc
 .text.mem_calloc
                0x10008834       0x28 CMakeFiles/picow_http_client.dir/C_/Users/S4MPA10/.pico-sdk/sdk/1.5.1/lib/lwip/src/core/mem.c.obj
                0x10008834                mem_calloc
 .text.memp_init
                0x1000885c       0x6c CMakeFiles/picow_http_client.dir/C_/Users/S4MPA10/.pico-sdk/sdk/1.5.1/lib/lwip/src/core/memp.c.obj
                0x1000885c                memp_init
 .text.memp_malloc
                0x100088c8       0x40 CMakeFiles/picow_http_client.dir/C_/Users/S4MPA10/.pico-sdk/sdk/1.5.1/lib/lwip/src/core/memp.c.obj
                0x100088c8                memp_malloc
 .text.memp_free
                0x10008908       0x38 CMakeFiles/picow_http_client.dir/C_/Users/S4MPA10/.pico-sdk/sdk/1.5.1/lib/lwip/src/core/memp.c.obj
                0x10008908                memp_free
 .text.netif_null_output_ip4
                0x10008940        0x8 CMakeFiles/picow_http_client.dir/C_/Users/S4MPA10/.pico-sdk/sdk/1.5.1/lib/lwip/src/core/netif.c.obj
 .text.netif_do_set_ipaddr.isra.0
                0x10008948       0x60 CMakeFiles/picow_http_client.dir/C_/Users/S4MPA10/.pico-sdk/sdk/1.5.1/lib/lwip/src/core/netif.c.obj
 .text.netif_init
                0x100089a8        0x4 CMakeFiles/picow_http_client.dir/C_/Users/S4MPA10/.pico-sdk/sdk/1.5.1/lib/lwip/src/core/netif.c.obj
                0x100089a8                netif_init
 .text.netif_add
                0x100089ac      0x16c CMakeFiles/picow_http_client.dir/C_/Users/S4MPA10/.pico-sdk/sdk/1.5.1/lib/lwip/src/core/netif.c.obj
                0x100089ac                netif_add
 .text.netif_set_addr
                0x10008b18       0xb4 CMakeFiles/picow_http_client.dir/C_/Users/S4MPA10/.pico-sdk/sdk/1.5.1/lib/lwip/src/core/netif.c.obj
                0x10008b18                netif_set_addr
 .text.netif_remove
                0x10008bcc       0x94 CMakeFiles/picow_http_client.dir/C_/Users/S4MPA10/.pico-sdk/sdk/1.5.1/lib/lwip/src/core/netif.c.obj
                0x10008bcc                netif_remove
 .text.netif_set_default
                0x10008c60        0xc CMakeFiles/picow_http_client.dir/C_/Users/S4MPA10/.pico-sdk/sdk/1.5.1/lib/lwip/src/core/netif.c.obj
                0x10008c60                netif_set_default
 .text.netif_set_up
                0x10008c6c       0x40 CMakeFiles/picow_http_client.dir/C_/Users/S4MPA10/.pico-sdk/sdk/1.5.1/lib/lwip/src/core/netif.c.obj
                0x10008c6c                netif_set_up
 .text.netif_set_link_up
                0x10008cac       0x44 CMakeFiles/picow_http_client.dir/C_/Users/S4MPA10/.pico-sdk/sdk/1.5.1/lib/lwip/src/core/netif.c.obj
                0x10008cac                netif_set_link_up
 .text.netif_set_link_down
                0x10008cf0       0x20 CMakeFiles/picow_http_client.dir/C_/Users/S4MPA10/.pico-sdk/sdk/1.5.1/lib/lwip/src/core/netif.c.obj
                0x10008cf0                netif_set_link_down
 .text.netif_get_by_index
                0x10008d10       0x2c CMakeFiles/picow_http_client.dir/C_/Users/S4MPA10/.pico-sdk/sdk/1.5.1/lib/lwip/src/core/netif.c.obj
                0x10008d10                netif_get_by_index
 .text.pbuf_free.part.0
                0x10008d3c       0x7c CMakeFiles/picow_http_client.dir/C_/Users/S4MPA10/.pico-sdk/sdk/1.5.1/lib/lwip/src/core/pbuf.c.obj
 .text.pbuf_free_ooseq
                0x10008db8       0x34 CMakeFiles/picow_http_client.dir/C_/Users/S4MPA10/.pico-sdk/sdk/1.5.1/lib/lwip/src/core/pbuf.c.obj
                0x10008db8                pbuf_free_ooseq
 .text.pbuf_alloc
                0x10008dec      0x134 CMakeFiles/picow_http_client.dir/C_/Users/S4MPA10/.pico-sdk/sdk/1.5.1/lib/lwip/src/core/pbuf.c.obj
                0x10008dec                pbuf_alloc
 .text.pbuf_realloc
                0x10008f20       0x84 CMakeFiles/picow_http_client.dir/C_/Users/S4MPA10/.pico-sdk/sdk/1.5.1/lib/lwip/src/core/pbuf.c.obj
                0x10008f20                pbuf_realloc
 .text.pbuf_add_header
                0x10008fa4       0x50 CMakeFiles/picow_http_client.dir/C_/Users/S4MPA10/.pico-sdk/sdk/1.5.1/lib/lwip/src/core/pbuf.c.obj
                0x10008fa4                pbuf_add_header
 .text.pbuf_remove_header
                0x10008ff4       0x3c CMakeFiles/picow_http_client.dir/C_/Users/S4MPA10/.pico-sdk/sdk/1.5.1/lib/lwip/src/core/pbuf.c.obj
                0x10008ff4                pbuf_remove_header
 .text.pbuf_header_force
                0x10009030       0x68 CMakeFiles/picow_http_client.dir/C_/Users/S4MPA10/.pico-sdk/sdk/1.5.1/lib/lwip/src/core/pbuf.c.obj
                0x10009030                pbuf_header_force
 .text.pbuf_free_header
                0x10009098       0x44 CMakeFiles/picow_http_client.dir/C_/Users/S4MPA10/.pico-sdk/sdk/1.5.1/lib/lwip/src/core/pbuf.c.obj
                0x10009098                pbuf_free_header
 .text.pbuf_free
                0x100090dc       0x18 CMakeFiles/picow_http_client.dir/C_/Users/S4MPA10/.pico-sdk/sdk/1.5.1/lib/lwip/src/core/pbuf.c.obj
                0x100090dc                pbuf_free
 .text.pbuf_clen
                0x100090f4       0x14 CMakeFiles/picow_http_client.dir/C_/Users/S4MPA10/.pico-sdk/sdk/1.5.1/lib/lwip/src/core/pbuf.c.obj
                0x100090f4                pbuf_clen
 .text.pbuf_ref
                0x10009108       0x28 CMakeFiles/picow_http_client.dir/C_/Users/S4MPA10/.pico-sdk/sdk/1.5.1/lib/lwip/src/core/pbuf.c.obj
                0x10009108                pbuf_ref
 .text.pbuf_cat
                0x10009130       0x44 CMakeFiles/picow_http_client.dir/C_/Users/S4MPA10/.pico-sdk/sdk/1.5.1/lib/lwip/src/core/pbuf.c.obj
                0x10009130                pbuf_cat
 .text.pbuf_chain
                0x10009174       0x64 CMakeFiles/picow_http_client.dir/C_/Users/S4MPA10/.pico-sdk/sdk/1.5.1/lib/lwip/src/core/pbuf.c.obj
                0x10009174                pbuf_chain
 .text.pbuf_copy_partial_pbuf
                0x100091d8      0x148 CMakeFiles/picow_http_client.dir/C_/Users/S4MPA10/.pico-sdk/sdk/1.5.1/lib/lwip/src/core/pbuf.c.obj
                0x100091d8                pbuf_copy_partial_pbuf
 .text.pbuf_copy
                0x10009320       0x18 CMakeFiles/picow_http_client.dir/C_/Users/S4MPA10/.pico-sdk/sdk/1.5.1/lib/lwip/src/core/pbuf.c.obj
                0x10009320                pbuf_copy
 .text.pbuf_copy_partial
                0x10009338       0x68 CMakeFiles/picow_http_client.dir/C_/Users/S4MPA10/.pico-sdk/sdk/1.5.1/lib/lwip/src/core/pbuf.c.obj
                0x10009338                pbuf_copy_partial
 .text.pbuf_take
                0x100093a0       0x78 CMakeFiles/picow_http_client.dir/C_/Users/S4MPA10/.pico-sdk/sdk/1.5.1/lib/lwip/src/core/pbuf.c.obj
                0x100093a0                pbuf_take
 .text.pbuf_take_at
                0x10009418       0xcc CMakeFiles/picow_http_client.dir/C_/Users/S4MPA10/.pico-sdk/sdk/1.5.1/lib/lwip/src/core/pbuf.c.obj
                0x10009418                pbuf_take_at
 .text.pbuf_clone
                0x100094e4       0x30 CMakeFiles/picow_http_client.dir/C_/Users/S4MPA10/.pico-sdk/sdk/1.5.1/lib/lwip/src/core/pbuf.c.obj
                0x100094e4                pbuf_clone
 .text.pbuf_get_at
                0x10009514       0x20 CMakeFiles/picow_http_client.dir/C_/Users/S4MPA10/.pico-sdk/sdk/1.5.1/lib/lwip/src/core/pbuf.c.obj
                0x10009514                pbuf_get_at
 .text.pbuf_try_get_at
                0x10009534       0x28 CMakeFiles/picow_http_client.dir/C_/Users/S4MPA10/.pico-sdk/sdk/1.5.1/lib/lwip/src/core/pbuf.c.obj
                0x10009534                pbuf_try_get_at
 .text.pbuf_put_at
                0x1000955c       0x1c CMakeFiles/picow_http_client.dir/C_/Users/S4MPA10/.pico-sdk/sdk/1.5.1/lib/lwip/src/core/pbuf.c.obj
                0x1000955c                pbuf_put_at
 .text.pbuf_memcmp
                0x10009578       0x6c CMakeFiles/picow_http_client.dir/C_/Users/S4MPA10/.pico-sdk/sdk/1.5.1/lib/lwip/src/core/pbuf.c.obj
                0x10009578                pbuf_memcmp
 .text.pbuf_memfind
                0x100095e4       0xb0 CMakeFiles/picow_http_client.dir/C_/Users/S4MPA10/.pico-sdk/sdk/1.5.1/lib/lwip/src/core/pbuf.c.obj
                0x100095e4                pbuf_memfind
 .text.raw_input
                0x10009694      0x164 CMakeFiles/picow_http_client.dir/C_/Users/S4MPA10/.pico-sdk/sdk/1.5.1/lib/lwip/src/core/raw.c.obj
                0x10009694                raw_input
 .text.raw_netif_ip_addr_changed
                0x100097f8       0x40 CMakeFiles/picow_http_client.dir/C_/Users/S4MPA10/.pico-sdk/sdk/1.5.1/lib/lwip/src/core/raw.c.obj
                0x100097f8                raw_netif_ip_addr_changed
 .text.stats_init
                0x10009838        0x4 CMakeFiles/picow_http_client.dir/C_/Users/S4MPA10/.pico-sdk/sdk/1.5.1/lib/lwip/src/core/stats.c.obj
                0x10009838                stats_init
 .text.altcp_alloc
                0x1000983c       0x18 CMakeFiles/picow_http_client.dir/C_/Users/S4MPA10/.pico-sdk/sdk/1.5.1/lib/lwip/src/core/altcp.c.obj
                0x1000983c                altcp_alloc
 .text.altcp_free
                0x10009854       0x20 CMakeFiles/picow_http_client.dir/C_/Users/S4MPA10/.pico-sdk/sdk/1.5.1/lib/lwip/src/core/altcp.c.obj
                0x10009854                altcp_free
 .text.altcp_new
                0x10009874       0x20 CMakeFiles/picow_http_client.dir/C_/Users/S4MPA10/.pico-sdk/sdk/1.5.1/lib/lwip/src/core/altcp.c.obj
                0x10009874                altcp_new
 .text.altcp_arg
                0x10009894        0x8 CMakeFiles/picow_http_client.dir/C_/Users/S4MPA10/.pico-sdk/sdk/1.5.1/lib/lwip/src/core/altcp.c.obj
                0x10009894                altcp_arg
 .text.altcp_accept
                0x1000989c        0x8 CMakeFiles/picow_http_client.dir/C_/Users/S4MPA10/.pico-sdk/sdk/1.5.1/lib/lwip/src/core/altcp.c.obj
                0x1000989c                altcp_accept
 .text.altcp_recv
                0x100098a4        0x8 CMakeFiles/picow_http_client.dir/C_/Users/S4MPA10/.pico-sdk/sdk/1.5.1/lib/lwip/src/core/altcp.c.obj
                0x100098a4                altcp_recv
 .text.altcp_sent
                0x100098ac        0x8 CMakeFiles/picow_http_client.dir/C_/Users/S4MPA10/.pico-sdk/sdk/1.5.1/lib/lwip/src/core/altcp.c.obj
                0x100098ac                altcp_sent
 .text.altcp_poll
                0x100098b4       0x20 CMakeFiles/picow_http_client.dir/C_/Users/S4MPA10/.pico-sdk/sdk/1.5.1/lib/lwip/src/core/altcp.c.obj
                0x100098b4                altcp_poll
 .text.altcp_err
                0x100098d4        0x8 CMakeFiles/picow_http_client.dir/C_/Users/S4MPA10/.pico-sdk/sdk/1.5.1/lib/lwip/src/core/altcp.c.obj
                0x100098d4                altcp_err
 .text.altcp_recved
                0x100098dc       0x18 CMakeFiles/picow_http_client.dir/C_/Users/S4MPA10/.pico-sdk/sdk/1.5.1/lib/lwip/src/core/altcp.c.obj
                0x100098dc                altcp_recved
 .text.altcp_connect
                0x100098f4       0x1c CMakeFiles/picow_http_client.dir/C_/Users/S4MPA10/.pico-sdk/sdk/1.5.1/lib/lwip/src/core/altcp.c.obj
                0x100098f4                altcp_connect
 .text.altcp_listen_with_backlog_and_err
                0x10009910       0x20 CMakeFiles/picow_http_client.dir/C_/Users/S4MPA10/.pico-sdk/sdk/1.5.1/lib/lwip/src/core/altcp.c.obj
                0x10009910                altcp_listen_with_backlog_and_err
 .text.altcp_abort
                0x10009930       0x18 CMakeFiles/picow_http_client.dir/C_/Users/S4MPA10/.pico-sdk/sdk/1.5.1/lib/lwip/src/core/altcp.c.obj
                0x10009930                altcp_abort
 .text.altcp_close
                0x10009948       0x1c CMakeFiles/picow_http_client.dir/C_/Users/S4MPA10/.pico-sdk/sdk/1.5.1/lib/lwip/src/core/altcp.c.obj
                0x10009948                altcp_close
 .text.altcp_write
                0x10009964       0x1c CMakeFiles/picow_http_client.dir/C_/Users/S4MPA10/.pico-sdk/sdk/1.5.1/lib/lwip/src/core/altcp.c.obj
                0x10009964                altcp_write
 .text.altcp_output
                0x10009980       0x1c CMakeFiles/picow_http_client.dir/C_/Users/S4MPA10/.pico-sdk/sdk/1.5.1/lib/lwip/src/core/altcp.c.obj
                0x10009980                altcp_output
 .text.altcp_mss
                0x1000999c       0x20 CMakeFiles/picow_http_client.dir/C_/Users/S4MPA10/.pico-sdk/sdk/1.5.1/lib/lwip/src/core/altcp.c.obj
                0x1000999c                altcp_mss
 .text.altcp_sndbuf
                0x100099bc       0x20 CMakeFiles/picow_http_client.dir/C_/Users/S4MPA10/.pico-sdk/sdk/1.5.1/lib/lwip/src/core/altcp.c.obj
                0x100099bc                altcp_sndbuf
 .text.altcp_default_bind
                0x100099dc       0x24 CMakeFiles/picow_http_client.dir/C_/Users/S4MPA10/.pico-sdk/sdk/1.5.1/lib/lwip/src/core/altcp.c.obj
                0x100099dc                altcp_default_bind
 .text.altcp_default_shutdown
                0x10009a00       0x3c CMakeFiles/picow_http_client.dir/C_/Users/S4MPA10/.pico-sdk/sdk/1.5.1/lib/lwip/src/core/altcp.c.obj
                0x10009a00                altcp_default_shutdown
 .text.altcp_default_output
                0x10009a3c       0x24 CMakeFiles/picow_http_client.dir/C_/Users/S4MPA10/.pico-sdk/sdk/1.5.1/lib/lwip/src/core/altcp.c.obj
                0x10009a3c                altcp_default_output
 .text.altcp_default_sndbuf
                0x10009a60       0x24 CMakeFiles/picow_http_client.dir/C_/Users/S4MPA10/.pico-sdk/sdk/1.5.1/lib/lwip/src/core/altcp.c.obj
                0x10009a60                altcp_default_sndbuf
 .text.altcp_default_sndqueuelen
                0x10009a84       0x24 CMakeFiles/picow_http_client.dir/C_/Users/S4MPA10/.pico-sdk/sdk/1.5.1/lib/lwip/src/core/altcp.c.obj
                0x10009a84                altcp_default_sndqueuelen
 .text.altcp_default_nagle_disable
                0x10009aa8       0x1c CMakeFiles/picow_http_client.dir/C_/Users/S4MPA10/.pico-sdk/sdk/1.5.1/lib/lwip/src/core/altcp.c.obj
                0x10009aa8                altcp_default_nagle_disable
 .text.altcp_default_nagle_enable
                0x10009ac4       0x1c CMakeFiles/picow_http_client.dir/C_/Users/S4MPA10/.pico-sdk/sdk/1.5.1/lib/lwip/src/core/altcp.c.obj
                0x10009ac4                altcp_default_nagle_enable
 .text.altcp_default_nagle_disabled
                0x10009ae0       0x24 CMakeFiles/picow_http_client.dir/C_/Users/S4MPA10/.pico-sdk/sdk/1.5.1/lib/lwip/src/core/altcp.c.obj
                0x10009ae0                altcp_default_nagle_disabled
 .text.altcp_default_setprio
                0x10009b04       0x1c CMakeFiles/picow_http_client.dir/C_/Users/S4MPA10/.pico-sdk/sdk/1.5.1/lib/lwip/src/core/altcp.c.obj
                0x10009b04                altcp_default_setprio
 .text.altcp_default_get_tcp_addrinfo
                0x10009b20       0x24 CMakeFiles/picow_http_client.dir/C_/Users/S4MPA10/.pico-sdk/sdk/1.5.1/lib/lwip/src/core/altcp.c.obj
                0x10009b20                altcp_default_get_tcp_addrinfo
 .text.altcp_default_get_ip
                0x10009b44       0x20 CMakeFiles/picow_http_client.dir/C_/Users/S4MPA10/.pico-sdk/sdk/1.5.1/lib/lwip/src/core/altcp.c.obj
                0x10009b44                altcp_default_get_ip
 .text.altcp_default_get_port
                0x10009b64       0x24 CMakeFiles/picow_http_client.dir/C_/Users/S4MPA10/.pico-sdk/sdk/1.5.1/lib/lwip/src/core/altcp.c.obj
                0x10009b64                altcp_default_get_port
 .text.altcp_default_keepalive_disable
                0x10009b88       0x1c CMakeFiles/picow_http_client.dir/C_/Users/S4MPA10/.pico-sdk/sdk/1.5.1/lib/lwip/src/core/altcp.c.obj
                0x10009b88                altcp_default_keepalive_disable
 .text.altcp_default_keepalive_enable
                0x10009ba4       0x1c CMakeFiles/picow_http_client.dir/C_/Users/S4MPA10/.pico-sdk/sdk/1.5.1/lib/lwip/src/core/altcp.c.obj
                0x10009ba4                altcp_default_keepalive_enable
 .text.altcp_tls_alloc
                0x10009bc0       0x2c CMakeFiles/picow_http_client.dir/C_/Users/S4MPA10/.pico-sdk/sdk/1.5.1/lib/lwip/src/core/altcp_alloc.c.obj
                0x10009bc0                altcp_tls_alloc
 .text.altcp_tcp_err
                0x10009bec       0x1c CMakeFiles/picow_http_client.dir/C_/Users/S4MPA10/.pico-sdk/sdk/1.5.1/lib/lwip/src/core/altcp_tcp.c.obj
 .text.altcp_tcp_get_port
                0x10009c08       0x2c CMakeFiles/picow_http_client.dir/C_/Users/S4MPA10/.pico-sdk/sdk/1.5.1/lib/lwip/src/core/altcp_tcp.c.obj
 .text.altcp_tcp_get_ip
                0x10009c34       0x2c CMakeFiles/picow_http_client.dir/C_/Users/S4MPA10/.pico-sdk/sdk/1.5.1/lib/lwip/src/core/altcp_tcp.c.obj
 .text.altcp_tcp_nagle_disabled
                0x10009c60       0x28 CMakeFiles/picow_http_client.dir/C_/Users/S4MPA10/.pico-sdk/sdk/1.5.1/lib/lwip/src/core/altcp_tcp.c.obj
 .text.altcp_tcp_sndqueuelen
                0x10009c88       0x24 CMakeFiles/picow_http_client.dir/C_/Users/S4MPA10/.pico-sdk/sdk/1.5.1/lib/lwip/src/core/altcp_tcp.c.obj
 .text.altcp_tcp_sndbuf
                0x10009cac       0x24 CMakeFiles/picow_http_client.dir/C_/Users/S4MPA10/.pico-sdk/sdk/1.5.1/lib/lwip/src/core/altcp_tcp.c.obj
 .text.altcp_tcp_mss
                0x10009cd0       0x20 CMakeFiles/picow_http_client.dir/C_/Users/S4MPA10/.pico-sdk/sdk/1.5.1/lib/lwip/src/core/altcp_tcp.c.obj
 .text.altcp_tcp_get_tcp_addrinfo
                0x10009cf0       0x24 CMakeFiles/picow_http_client.dir/C_/Users/S4MPA10/.pico-sdk/sdk/1.5.1/lib/lwip/src/core/altcp_tcp.c.obj
 .text.altcp_tcp_output
                0x10009d14       0x24 CMakeFiles/picow_http_client.dir/C_/Users/S4MPA10/.pico-sdk/sdk/1.5.1/lib/lwip/src/core/altcp_tcp.c.obj
 .text.altcp_tcp_write
                0x10009d38       0x24 CMakeFiles/picow_http_client.dir/C_/Users/S4MPA10/.pico-sdk/sdk/1.5.1/lib/lwip/src/core/altcp_tcp.c.obj
 .text.altcp_tcp_shutdown
                0x10009d5c       0x24 CMakeFiles/picow_http_client.dir/C_/Users/S4MPA10/.pico-sdk/sdk/1.5.1/lib/lwip/src/core/altcp_tcp.c.obj
 .text.altcp_tcp_listen
                0x10009d80       0x34 CMakeFiles/picow_http_client.dir/C_/Users/S4MPA10/.pico-sdk/sdk/1.5.1/lib/lwip/src/core/altcp_tcp.c.obj
 .text.altcp_tcp_connect
                0x10009db4       0x2c CMakeFiles/picow_http_client.dir/C_/Users/S4MPA10/.pico-sdk/sdk/1.5.1/lib/lwip/src/core/altcp_tcp.c.obj
 .text.altcp_tcp_bind
                0x10009de0       0x24 CMakeFiles/picow_http_client.dir/C_/Users/S4MPA10/.pico-sdk/sdk/1.5.1/lib/lwip/src/core/altcp_tcp.c.obj
 .text.altcp_tcp_close
                0x10009e04       0xb8 CMakeFiles/picow_http_client.dir/C_/Users/S4MPA10/.pico-sdk/sdk/1.5.1/lib/lwip/src/core/altcp_tcp.c.obj
 .text.altcp_tcp_sent
                0x10009ebc       0x3c CMakeFiles/picow_http_client.dir/C_/Users/S4MPA10/.pico-sdk/sdk/1.5.1/lib/lwip/src/core/altcp_tcp.c.obj
 .text.altcp_tcp_keepalive_enable.part.0
                0x10009ef8        0xc CMakeFiles/picow_http_client.dir/C_/Users/S4MPA10/.pico-sdk/sdk/1.5.1/lib/lwip/src/core/altcp_tcp.c.obj
 .text.altcp_tcp_keepalive_enable
                0x10009f04       0x48 CMakeFiles/picow_http_client.dir/C_/Users/S4MPA10/.pico-sdk/sdk/1.5.1/lib/lwip/src/core/altcp_tcp.c.obj
 .text.altcp_tcp_keepalive_disable
                0x10009f4c       0x20 CMakeFiles/picow_http_client.dir/C_/Users/S4MPA10/.pico-sdk/sdk/1.5.1/lib/lwip/src/core/altcp_tcp.c.obj
 .text.altcp_tcp_dealloc
                0x10009f6c       0x14 CMakeFiles/picow_http_client.dir/C_/Users/S4MPA10/.pico-sdk/sdk/1.5.1/lib/lwip/src/core/altcp_tcp.c.obj
 .text.altcp_tcp_nagle_enable
                0x10009f80       0x20 CMakeFiles/picow_http_client.dir/C_/Users/S4MPA10/.pico-sdk/sdk/1.5.1/lib/lwip/src/core/altcp_tcp.c.obj
 .text.altcp_tcp_nagle_disable
                0x10009fa0       0x20 CMakeFiles/picow_http_client.dir/C_/Users/S4MPA10/.pico-sdk/sdk/1.5.1/lib/lwip/src/core/altcp_tcp.c.obj
 .text.altcp_tcp_connected
                0x10009fc0       0x3c CMakeFiles/picow_http_client.dir/C_/Users/S4MPA10/.pico-sdk/sdk/1.5.1/lib/lwip/src/core/altcp_tcp.c.obj
 .text.altcp_tcp_poll
                0x10009ffc       0x3c CMakeFiles/picow_http_client.dir/C_/Users/S4MPA10/.pico-sdk/sdk/1.5.1/lib/lwip/src/core/altcp_tcp.c.obj
 .text.altcp_tcp_recv
                0x1000a038       0x44 CMakeFiles/picow_http_client.dir/C_/Users/S4MPA10/.pico-sdk/sdk/1.5.1/lib/lwip/src/core/altcp_tcp.c.obj
 .text.altcp_tcp_setprio
                0x1000a07c       0x1c CMakeFiles/picow_http_client.dir/C_/Users/S4MPA10/.pico-sdk/sdk/1.5.1/lib/lwip/src/core/altcp_tcp.c.obj
 .text.altcp_tcp_set_poll
                0x1000a098       0x24 CMakeFiles/picow_http_client.dir/C_/Users/S4MPA10/.pico-sdk/sdk/1.5.1/lib/lwip/src/core/altcp_tcp.c.obj
 .text.altcp_tcp_abort
                0x1000a0bc       0x20 CMakeFiles/picow_http_client.dir/C_/Users/S4MPA10/.pico-sdk/sdk/1.5.1/lib/lwip/src/core/altcp_tcp.c.obj
 .text.altcp_tcp_recved
                0x1000a0dc       0x1c CMakeFiles/picow_http_client.dir/C_/Users/S4MPA10/.pico-sdk/sdk/1.5.1/lib/lwip/src/core/altcp_tcp.c.obj
 .text.altcp_tcp_accept
                0x1000a0f8       0x70 CMakeFiles/picow_http_client.dir/C_/Users/S4MPA10/.pico-sdk/sdk/1.5.1/lib/lwip/src/core/altcp_tcp.c.obj
 .text.altcp_tcp_new_ip_type
                0x1000a168       0x60 CMakeFiles/picow_http_client.dir/C_/Users/S4MPA10/.pico-sdk/sdk/1.5.1/lib/lwip/src/core/altcp_tcp.c.obj
                0x1000a168                altcp_tcp_new_ip_type
 .text.tcp_close_shutdown_fin
                0x1000a1c8       0x54 CMakeFiles/picow_http_client.dir/C_/Users/S4MPA10/.pico-sdk/sdk/1.5.1/lib/lwip/src/core/tcp.c.obj
 .text.tcp_pcb_purge.part.0
                0x1000a21c       0xc4 CMakeFiles/picow_http_client.dir/C_/Users/S4MPA10/.pico-sdk/sdk/1.5.1/lib/lwip/src/core/tcp.c.obj
 .text.tcp_init
                0x1000a2e0       0x20 CMakeFiles/picow_http_client.dir/C_/Users/S4MPA10/.pico-sdk/sdk/1.5.1/lib/lwip/src/core/tcp.c.obj
                0x1000a2e0                tcp_init
 .text.tcp_free
                0x1000a300       0x1c CMakeFiles/picow_http_client.dir/C_/Users/S4MPA10/.pico-sdk/sdk/1.5.1/lib/lwip/src/core/tcp.c.obj
                0x1000a300                tcp_free
 .text.tcp_bind
                0x1000a31c       0xf4 CMakeFiles/picow_http_client.dir/C_/Users/S4MPA10/.pico-sdk/sdk/1.5.1/lib/lwip/src/core/tcp.c.obj
                0x1000a31c                tcp_bind
 .text.tcp_listen_with_backlog_and_err
                0x1000a410       0xb8 CMakeFiles/picow_http_client.dir/C_/Users/S4MPA10/.pico-sdk/sdk/1.5.1/lib/lwip/src/core/tcp.c.obj
                0x1000a410                tcp_listen_with_backlog_and_err
 .text.tcp_update_rcv_ann_wnd
                0x1000a4c8       0x54 CMakeFiles/picow_http_client.dir/C_/Users/S4MPA10/.pico-sdk/sdk/1.5.1/lib/lwip/src/core/tcp.c.obj
                0x1000a4c8                tcp_update_rcv_ann_wnd
 .text.tcp_recved
                0x1000a51c       0x90 CMakeFiles/picow_http_client.dir/C_/Users/S4MPA10/.pico-sdk/sdk/1.5.1/lib/lwip/src/core/tcp.c.obj
                0x1000a51c                tcp_recved
 .text.tcp_connect
                0x1000a5ac      0x1b8 CMakeFiles/picow_http_client.dir/C_/Users/S4MPA10/.pico-sdk/sdk/1.5.1/lib/lwip/src/core/tcp.c.obj
                0x1000a5ac                tcp_connect
 .text.tcp_slowtmr
                0x1000a764      0x524 CMakeFiles/picow_http_client.dir/C_/Users/S4MPA10/.pico-sdk/sdk/1.5.1/lib/lwip/src/core/tcp.c.obj
                0x1000a764                tcp_slowtmr
 .text.tcp_segs_free
                0x1000ac88       0x38 CMakeFiles/picow_http_client.dir/C_/Users/S4MPA10/.pico-sdk/sdk/1.5.1/lib/lwip/src/core/tcp.c.obj
                0x1000ac88                tcp_segs_free
 .text.tcp_seg_free
                0x1000acc0       0x1c CMakeFiles/picow_http_client.dir/C_/Users/S4MPA10/.pico-sdk/sdk/1.5.1/lib/lwip/src/core/tcp.c.obj
                0x1000acc0                tcp_seg_free
 .text.tcp_setprio
                0x1000acdc        0x8 CMakeFiles/picow_http_client.dir/C_/Users/S4MPA10/.pico-sdk/sdk/1.5.1/lib/lwip/src/core/tcp.c.obj
                0x1000acdc                tcp_setprio
 .text.tcp_seg_copy
                0x1000ace4       0x2c CMakeFiles/picow_http_client.dir/C_/Users/S4MPA10/.pico-sdk/sdk/1.5.1/lib/lwip/src/core/tcp.c.obj
                0x1000ace4                tcp_seg_copy
 .text.tcp_arg  0x1000ad10        0x8 CMakeFiles/picow_http_client.dir/C_/Users/S4MPA10/.pico-sdk/sdk/1.5.1/lib/lwip/src/core/tcp.c.obj
                0x1000ad10                tcp_arg
 .text.tcp_recv
                0x1000ad18       0x1c CMakeFiles/picow_http_client.dir/C_/Users/S4MPA10/.pico-sdk/sdk/1.5.1/lib/lwip/src/core/tcp.c.obj
                0x1000ad18                tcp_recv
 .text.tcp_sent
                0x1000ad34       0x1c CMakeFiles/picow_http_client.dir/C_/Users/S4MPA10/.pico-sdk/sdk/1.5.1/lib/lwip/src/core/tcp.c.obj
                0x1000ad34                tcp_sent
 .text.tcp_err  0x1000ad50       0x1c CMakeFiles/picow_http_client.dir/C_/Users/S4MPA10/.pico-sdk/sdk/1.5.1/lib/lwip/src/core/tcp.c.obj
                0x1000ad50                tcp_err
 .text.tcp_accept
                0x1000ad6c       0x10 CMakeFiles/picow_http_client.dir/C_/Users/S4MPA10/.pico-sdk/sdk/1.5.1/lib/lwip/src/core/tcp.c.obj
                0x1000ad6c                tcp_accept
 .text.tcp_poll
                0x1000ad7c       0x20 CMakeFiles/picow_http_client.dir/C_/Users/S4MPA10/.pico-sdk/sdk/1.5.1/lib/lwip/src/core/tcp.c.obj
                0x1000ad7c                tcp_poll
 .text.tcp_pcb_purge
                0x1000ad9c       0x18 CMakeFiles/picow_http_client.dir/C_/Users/S4MPA10/.pico-sdk/sdk/1.5.1/lib/lwip/src/core/tcp.c.obj
                0x1000ad9c                tcp_pcb_purge
 .text.tcp_pcb_remove
                0x1000adb4       0xc8 CMakeFiles/picow_http_client.dir/C_/Users/S4MPA10/.pico-sdk/sdk/1.5.1/lib/lwip/src/core/tcp.c.obj
                0x1000adb4                tcp_pcb_remove
 .text.tcp_abandon
                0x1000ae7c      0x1a0 CMakeFiles/picow_http_client.dir/C_/Users/S4MPA10/.pico-sdk/sdk/1.5.1/lib/lwip/src/core/tcp.c.obj
                0x1000ae7c                tcp_abandon
 .text.tcp_abort
                0x1000b01c        0xc CMakeFiles/picow_http_client.dir/C_/Users/S4MPA10/.pico-sdk/sdk/1.5.1/lib/lwip/src/core/tcp.c.obj
                0x1000b01c                tcp_abort
 .text.tcp_accept_null
                0x1000b028       0x20 CMakeFiles/picow_http_client.dir/C_/Users/S4MPA10/.pico-sdk/sdk/1.5.1/lib/lwip/src/core/tcp.c.obj
 .text.tcp_alloc
                0x1000b048      0x1d4 CMakeFiles/picow_http_client.dir/C_/Users/S4MPA10/.pico-sdk/sdk/1.5.1/lib/lwip/src/core/tcp.c.obj
                0x1000b048                tcp_alloc
 .text.tcp_new_ip_type
                0x1000b21c        0xc CMakeFiles/picow_http_client.dir/C_/Users/S4MPA10/.pico-sdk/sdk/1.5.1/lib/lwip/src/core/tcp.c.obj
                0x1000b21c                tcp_new_ip_type
 .text.tcp_close_shutdown
                0x1000b228      0x184 CMakeFiles/picow_http_client.dir/C_/Users/S4MPA10/.pico-sdk/sdk/1.5.1/lib/lwip/src/core/tcp.c.obj
 .text.tcp_shutdown
                0x1000b3ac       0x60 CMakeFiles/picow_http_client.dir/C_/Users/S4MPA10/.pico-sdk/sdk/1.5.1/lib/lwip/src/core/tcp.c.obj
                0x1000b3ac                tcp_shutdown
 .text.tcp_recv_null
                0x1000b40c       0xc4 CMakeFiles/picow_http_client.dir/C_/Users/S4MPA10/.pico-sdk/sdk/1.5.1/lib/lwip/src/core/tcp.c.obj
                0x1000b40c                tcp_recv_null
 .text.tcp_process_refused_data
                0x1000b4d0       0x74 CMakeFiles/picow_http_client.dir/C_/Users/S4MPA10/.pico-sdk/sdk/1.5.1/lib/lwip/src/core/tcp.c.obj
                0x1000b4d0                tcp_process_refused_data
 .text.tcp_fasttmr
                0x1000b544       0x98 CMakeFiles/picow_http_client.dir/C_/Users/S4MPA10/.pico-sdk/sdk/1.5.1/lib/lwip/src/core/tcp.c.obj
                0x1000b544                tcp_fasttmr
 .text.tcp_tmr  0x1000b5dc       0x20 CMakeFiles/picow_http_client.dir/C_/Users/S4MPA10/.pico-sdk/sdk/1.5.1/lib/lwip/src/core/tcp.c.obj
                0x1000b5dc                tcp_tmr
 .text.tcp_close
                0x1000b5fc      0x16c CMakeFiles/picow_http_client.dir/C_/Users/S4MPA10/.pico-sdk/sdk/1.5.1/lib/lwip/src/core/tcp.c.obj
                0x1000b5fc                tcp_close
 .text.tcp_next_iss
                0x1000b768       0x28 CMakeFiles/picow_http_client.dir/C_/Users/S4MPA10/.pico-sdk/sdk/1.5.1/lib/lwip/src/core/tcp.c.obj
                0x1000b768                tcp_next_iss
 .text.tcp_eff_send_mss_netif
                0x1000b790       0x34 CMakeFiles/picow_http_client.dir/C_/Users/S4MPA10/.pico-sdk/sdk/1.5.1/lib/lwip/src/core/tcp.c.obj
                0x1000b790                tcp_eff_send_mss_netif
 .text.tcp_netif_ip_addr_changed
                0x1000b7c4       0x94 CMakeFiles/picow_http_client.dir/C_/Users/S4MPA10/.pico-sdk/sdk/1.5.1/lib/lwip/src/core/tcp.c.obj
                0x1000b7c4                tcp_netif_ip_addr_changed
 .text.tcp_tcp_get_tcp_addrinfo
                0x1000b858       0x34 CMakeFiles/picow_http_client.dir/C_/Users/S4MPA10/.pico-sdk/sdk/1.5.1/lib/lwip/src/core/tcp.c.obj
                0x1000b858                tcp_tcp_get_tcp_addrinfo
 .text.tcp_free_ooseq
                0x1000b88c       0x40 CMakeFiles/picow_http_client.dir/C_/Users/S4MPA10/.pico-sdk/sdk/1.5.1/lib/lwip/src/core/tcp.c.obj
                0x1000b88c                tcp_free_ooseq
 .text.tcp_parseopt
                0x1000b8cc      0x1bc CMakeFiles/picow_http_client.dir/C_/Users/S4MPA10/.pico-sdk/sdk/1.5.1/lib/lwip/src/core/tcp_in.c.obj
 .text.tcp_oos_insert_segment
                0x1000ba88       0xdc CMakeFiles/picow_http_client.dir/C_/Users/S4MPA10/.pico-sdk/sdk/1.5.1/lib/lwip/src/core/tcp_in.c.obj
 .text.tcp_free_acked_segments.isra.0
                0x1000bb64       0xdc CMakeFiles/picow_http_client.dir/C_/Users/S4MPA10/.pico-sdk/sdk/1.5.1/lib/lwip/src/core/tcp_in.c.obj
 .text.tcp_receive
                0x1000bc40      0xa00 CMakeFiles/picow_http_client.dir/C_/Users/S4MPA10/.pico-sdk/sdk/1.5.1/lib/lwip/src/core/tcp_in.c.obj
 .text.tcp_input
                0x1000c640      0xe50 CMakeFiles/picow_http_client.dir/C_/Users/S4MPA10/.pico-sdk/sdk/1.5.1/lib/lwip/src/core/tcp_in.c.obj
                0x1000c640                tcp_input
 .text.tcp_trigger_input_pcb_close
                0x1000d490       0x10 CMakeFiles/picow_http_client.dir/C_/Users/S4MPA10/.pico-sdk/sdk/1.5.1/lib/lwip/src/core/tcp_in.c.obj
                0x1000d490                tcp_trigger_input_pcb_close
 .text.tcp_create_segment
                0x1000d4a0       0xf8 CMakeFiles/picow_http_client.dir/C_/Users/S4MPA10/.pico-sdk/sdk/1.5.1/lib/lwip/src/core/tcp_out.c.obj
 .text.tcp_output_control_segment
                0x1000d598       0xc0 CMakeFiles/picow_http_client.dir/C_/Users/S4MPA10/.pico-sdk/sdk/1.5.1/lib/lwip/src/core/tcp_out.c.obj
 .text.tcp_output_alloc_header.constprop.0
                0x1000d658       0xc8 CMakeFiles/picow_http_client.dir/C_/Users/S4MPA10/.pico-sdk/sdk/1.5.1/lib/lwip/src/core/tcp_out.c.obj
 .text.tcp_write
                0x1000d720      0x468 CMakeFiles/picow_http_client.dir/C_/Users/S4MPA10/.pico-sdk/sdk/1.5.1/lib/lwip/src/core/tcp_out.c.obj
                0x1000d720                tcp_write
 .text.tcp_split_unsent_seg
                0x1000db88      0x1b4 CMakeFiles/picow_http_client.dir/C_/Users/S4MPA10/.pico-sdk/sdk/1.5.1/lib/lwip/src/core/tcp_out.c.obj
                0x1000db88                tcp_split_unsent_seg
 .text.tcp_send_fin
                0x1000dd3c      0x118 CMakeFiles/picow_http_client.dir/C_/Users/S4MPA10/.pico-sdk/sdk/1.5.1/lib/lwip/src/core/tcp_out.c.obj
                0x1000dd3c                tcp_send_fin
 .text.tcp_enqueue_flags
                0x1000de54      0x108 CMakeFiles/picow_http_client.dir/C_/Users/S4MPA10/.pico-sdk/sdk/1.5.1/lib/lwip/src/core/tcp_out.c.obj
                0x1000de54                tcp_enqueue_flags
 .text.tcp_rexmit_rto_prepare
                0x1000df5c       0x9c CMakeFiles/picow_http_client.dir/C_/Users/S4MPA10/.pico-sdk/sdk/1.5.1/lib/lwip/src/core/tcp_out.c.obj
                0x1000df5c                tcp_rexmit_rto_prepare
 .text.tcp_rexmit
                0x1000dff8       0x9c CMakeFiles/picow_http_client.dir/C_/Users/S4MPA10/.pico-sdk/sdk/1.5.1/lib/lwip/src/core/tcp_out.c.obj
                0x1000dff8                tcp_rexmit
 .text.tcp_rexmit_fast
                0x1000e094       0x64 CMakeFiles/picow_http_client.dir/C_/Users/S4MPA10/.pico-sdk/sdk/1.5.1/lib/lwip/src/core/tcp_out.c.obj
                0x1000e094                tcp_rexmit_fast
 .text.tcp_rst  0x1000e0f8       0xe4 CMakeFiles/picow_http_client.dir/C_/Users/S4MPA10/.pico-sdk/sdk/1.5.1/lib/lwip/src/core/tcp_out.c.obj
                0x1000e0f8                tcp_rst
 .text.tcp_rst_netif
                0x1000e1dc      0x12c CMakeFiles/picow_http_client.dir/C_/Users/S4MPA10/.pico-sdk/sdk/1.5.1/lib/lwip/src/core/tcp_out.c.obj
                0x1000e1dc                tcp_rst_netif
 .text.tcp_send_empty_ack
                0x1000e308       0x4c CMakeFiles/picow_http_client.dir/C_/Users/S4MPA10/.pico-sdk/sdk/1.5.1/lib/lwip/src/core/tcp_out.c.obj
                0x1000e308                tcp_send_empty_ack
 .text.tcp_output
                0x1000e354      0x454 CMakeFiles/picow_http_client.dir/C_/Users/S4MPA10/.pico-sdk/sdk/1.5.1/lib/lwip/src/core/tcp_out.c.obj
                0x1000e354                tcp_output
 .text.tcp_rexmit_rto_commit
                0x1000e7a8       0x24 CMakeFiles/picow_http_client.dir/C_/Users/S4MPA10/.pico-sdk/sdk/1.5.1/lib/lwip/src/core/tcp_out.c.obj