Archive member included to satisfy reference by file (symbol)

C:/Users/S4MPA10/.pico-sdk/toolchain/13_2_Rel1/bin/../lib/gcc/arm-none-eabi/13.2.1/thumb/v6-m/nofp\libgcc.a(_dvmd_tls.o)
                              CMakeFiles/picow_http_client_verify.dir/C_/Users/S4MPA10/.pico-sdk/sdk/1.5.1/src/rp2_common/pico_divider/divider.S.obj (__aeabi_idiv0)
C:/Users/S4MPA10/.pico-sdk/toolchain/13_2_Rel1/bin/../lib/gcc/arm-none-eabi/13.2.1/thumb/v6-m/nofp\libc.a(libc_a-atoi.o)
                              CMakeFiles/picow_http_client_verify.dir/C_/Users/S4MPA10/.pico-sdk/sdk/1.5.1/lib/lwip/src/core/netif.c.obj (atoi)
C:/Users/S4MPA10/.pico-sdk/toolchain/13_2_Rel1/bin/../lib/gcc/arm-none-eabi/13.2.1/thumb/v6-m/nofp\libc.a(libc_a-calloc.o)
                              CMakeFiles/picow_http_client_verify.dir/C_/Users/S4MPA10/.pico-sdk/sdk/1.5.1/src/rp2_common/pico_malloc/pico_malloc.c.obj (calloc)
C:/Users/S4MPA10/.pico-sdk/toolchain/13_2_Rel1/bin/../lib/gcc/arm-none-eabi/13.2.1/thumb/v6-m/nofp\libc.a(libc_a-callocr.o)
                              C:/Users/S4MPA10/.pico-sdk/toolchain/13_2_Rel1/bin/../lib/gcc/arm-none-eabi/13.2.1/thumb/v6-m/nofp\libc.a(libc_a-calloc.o) (_calloc_r)
C:/Users/S4MPA10/.pico-sdk/toolchain/13_2_Rel1/bin/../lib/gcc/arm-none-eabi/13.2.1/thumb/v6-m/nofp\libc.a(libc_a-malloc.o)
                              CMakeFiles/picow_http_client_verify.dir/C_/Users/S4MPA10/.pico-sdk/sdk/1.5.1/src/rp2_common/pico_malloc/pico_malloc.c.obj (malloc)
C:/Users/S4MPA10/.pico-sdk/toolchain/13_2_Rel1/bin/../lib/gcc/arm-none-eabi/13.2.1/thumb/v6-m/nofp\libc.a(libc_a-mallocr.o)
                              C:/Users/S4MPA10/.pico-sdk/toolchain/13_2_Rel1/bin/../lib/gcc/arm-none-eabi/13.2.1/thumb/v6-m/nofp\libc.a(libc_a-callocr.o) (_malloc_r)
C:/Users/S4MPA10/.pico-sdk/toolchain/13_2_Rel1/bin/../lib/gcc/arm-none-eabi/13.2.1/thumb/v6-m/nofp\libc.a(libc_a-mlock.o)
                              C:/Users/S4MPA10/.pico-sdk/toolchain/13_2_Rel1/bin/../lib/gcc/arm-none-eabi/13.2.1/thumb/v6-m/nofp\libc.a(libc_a-mallocr.o) (__malloc_lock)
C:/Users/S4MPA10/.pico-sdk/toolchain/13_2_Rel1/bin/../lib/gcc/arm-none-eabi/13.2.1/thumb/v6-m/nofp\libc.a(libc_a-realloc.o)
                              CMakeFiles/picow_http_client_verify.dir/C_/Users/S4MPA10/.pico-sdk/sdk/1.5.1/src/rp2_common/pico_malloc/pico_malloc.c.obj (realloc)
C:/Users/S4MPA10/.pico-sdk/toolchain/13_2_Rel1/bin/../lib/gcc/arm-none-eabi/13.2.1/thumb/v6-m/nofp\libc.a(libc_a-reallocr.o)
                              C:/Users/S4MPA10/.pico-sdk/toolchain/13_2_Rel1/bin/../lib/gcc/arm-none-eabi/13.2.1/thumb/v6-m/nofp\libc.a(libc_a-realloc.o) (_realloc_r)
C:/Users/S4MPA10/.pico-sdk/toolchain/13_2_Rel1/bin/../lib/gcc/arm-none-eabi/13.2.1/thumb/v6-m/nofp\libc.a(libc_a-strtol.o)
                              C:/Users/S4MPA10/.pico-sdk/toolchain/13_2_Rel1/bin/../lib/gcc/arm-none-eabi/13.2.1/thumb/v6-m/nofp\libc.a(libc_a-atoi.o) (_strtol_r)
C:/Users/S4MPA10/.pico-sdk/toolchain/13_2_Rel1/bin/../lib/gcc/arm-none-eabi/13.2.1/thumb/v6-m/nofp\libc.a(libc_a-ctype_.o)
                              CMakeFiles/picow_http_client_verify.dir/C_/Users/S4MPA10/.pico-sdk/sdk/1.5.1/lib/lwip/src/core/dns.c.obj (_ctype_)
C:/Users/S4MPA10/.pico-sdk/toolchain/13_2_Rel1/bin/../lib/gcc/arm-none-eabi/13.2.1/thumb/v6-m/nofp\libc.a(libc_a-memcmp.o)
                              CMakeFiles/picow_http_client_verify.dir/C_/Users/S4MPA10/.pico-sdk/sdk/1.5.1/lib/lwip/src/netif/ethernet.c.obj (memcmp)
C:/Users/S4MPA10/.pico-sdk/toolchain/13_2_Rel1/bin/../lib/gcc/arm-none-eabi/13.2.1/thumb/v6-m/nofp\libc.a(libc_a-memmove.o)
                              CMakeFiles/picow_http_client_verify.dir/C_/Users/S4MPA10/.pico-sdk/sdk/1.5.1/lib/lwip/src/core/def.c.obj (memmove)
C:/Users/S4MPA10/.pico-sdk/toolchain/13_2_Rel1/bin/../lib/gcc/arm-none-eabi/13.2.1/thumb/v6-m/nofp\libc.a(libc_a-strchr.o)
                              CMakeFiles/picow_http_client_verify.dir/C_/Users/S4MPA10/.pico-sdk/sdk/1.5.1/lib/lwip/src/apps/http/httpd.c.obj (strchr)
C:/Users/S4MPA10/.pico-sdk/toolchain/13_2_Rel1/bin/../lib/gcc/arm-none-eabi/13.2.1/thumb/v6-m/nofp\libc.a(libc_a-strncmp.o)
                              CMakeFiles/picow_http_client_verify.dir/C_/Users/S4MPA10/.pico-sdk/sdk/1.5.1/lib/lwip/src/core/def.c.obj (strncmp)
C:/Users/S4MPA10/.pico-sdk/toolchain/13_2_Rel1/bin/../lib/gcc/arm-none-eabi/13.2.1/thumb/v6-m/nofp\libc.a(libc_a-strstr.o)
                              CMakeFiles/picow_http_client_verify.dir/C_/Users/S4MPA10/.pico-sdk/sdk/1.5.1/lib/mbedtls/library/pem.c.obj (strstr)
C:/Users/S4MPA10/.pico-sdk/toolchain/13_2_Rel1/bin/../lib/gcc/arm-none-eabi/13.2.1/thumb/v6-m/nofp\libc.a(libc_a-time.o)
                              CMakeFiles/picow_http_client_verify.dir/C_/Users/S4MPA10/.pico-sdk/sdk/1.5.1/lib/mbedtls/library/ssl_cli.c.obj (time)
C:/Users/S4MPA10/.pico-sdk/toolchain/13_2_Rel1/bin/../lib/gcc/arm-none-eabi/13.2.1/thumb/v6-m/nofp\libc.a(libc_a-impure.o)
[...]
Memory Configuration

Name             Origin             Length             Attributes
FLASH            0x10000000         0x00200000         xr
RAM              0x20000000         0x00040000         xrw
SCRATCH_X        0x20040000         0x00001000         xrw
SCRATCH_Y        0x20041000         0x00001000         xrw
*default*        0x00000000         0xffffffff

Linker script and memory map

LOAD C:/Users/S4MPA10/.pico-sdk/toolchain/13_2_Rel1/bin/../lib/gcc/arm-none-eabi/13.2.1/thumb/v6-m/nofp/crti.o
LOAD C:/Users/S4MPA10/.pico-sdk/toolchain/13_2_Rel1/bin/../lib/gcc/arm-none-eabi/13.2.1/thumb/v6-m/nofp/crtbegin.o
LOAD C:/Users/S4MPA10/.pico-sdk/toolchain/13_2_Rel1/bin/../lib/gcc/arm-none-eabi/13.2.1/thumb/v6-m/nofp/crt0.o

.flash_begin    0x10000000        0x0
                0x10000000                        __flash_binary_start = .

.boot2          0x10000000      0x100
                0x10000000                        __boot2_start__ = .
 *(.boot2)
 .boot2         0x10000000      0x100 C:\Users\S4MPA10\AppData\Local\Temp\ccz8mfjn.o
                0x10000100                        __boot2_end__ = .
                0x00000001                        ASSERT (((__boot2_end__ - __boot2_start__) == 0x100), ERROR: Pico second stage bootloader must be 256 bytes in size)

.text           0x10000100    0x31ac8
                0x10000100                        __logical_binary_start = .
 *(.vectors)
 .vectors       0x10000100       0xd4 CMakeFiles/picow_http_client_verify.dir/C_/Users/S4MPA10/.pico-sdk/sdk/1.5.1/src/rp2_common/pico_standard_link/crt0.S.obj
                0x10000100                __VECTOR_TABLE
                0x10000100                __vectors
                0x100001c0                isr_invalid
                0x100001c0                __default_isrs_start
                0x100001c2                isr_nmi
                0x100001c4                isr_hardfault
                0x100001c6                isr_svcall
                0x100001c8                isr_pendsv
                0x100001ca                isr_systick
                0x100001cc                isr_irq23
                0x100001cc                isr_irq18
                0x100001cc                isr_irq11
                0x100001cc                isr_irq28
                0x100001cc                isr_irq19
                0x100001cc                isr_irq0
                0x100001cc                isr_irq6
                0x100001cc                isr_irq5
                0x100001cc                isr_irq12
                0x100001cc                isr_irq22
                0x100001cc                isr_irq31
                0x100001cc                isr_irq17
                0x100001cc                isr_irq27
                0x100001cc                isr_irq30
                0x100001cc                isr_irq2
                0x100001cc                isr_irq10
                0x100001cc                isr_irq8
                0x100001cc                isr_irq24
                0x100001cc                isr_irq1
                0x100001cc                isr_irq7
                0x100001cc                isr_irq21
                0x100001cc                isr_irq20
                0x100001cc                isr_irq15
                0x100001cc                isr_irq25
                0x100001cc                isr_irq13
                0x100001cc                __unhandled_user_irq
                0x100001cc                isr_irq4
                0x100001cc                isr_irq16
                0x100001cc                isr_irq29
                0x100001cc                isr_irq26
                0x100001cc                __default_isrs_end
                0x100001cc                isr_irq3
                0x100001cc                isr_irq14
                0x100001cc                isr_irq9
                0x100001d2                unhandled_user_irq_num_in_r0
 *(.binary_info_header)
 .binary_info_header
                0x100001d4       0x14 CMakeFiles/picow_http_client_verify.dir/C_/Users/S4MPA10/.pico-sdk/sdk/1.5.1/src/rp2_common/pico_standard_link/crt0.S.obj
                0x100001e8                        __binary_info_header_end = .
 *(.reset)
 .reset         0x100001e8       0xa0 CMakeFiles/picow_http_client_verify.dir/C_/Users/S4MPA10/.pico-sdk/sdk/1.5.1/src/rp2_common/pico_standard_link/crt0.S.obj
                0x100001e8                _entry_point
 .reset         0x10000288       0x30 CMakeFiles/picow_http_client_verify.dir/C_/Users/S4MPA10/.pico-sdk/sdk/1.5.1/src/rp2_common/pico_standard_link/binary_info.c.obj
 *(.init)
 .init          0x100002b8        0x4 C:/Users/S4MPA10/.pico-sdk/toolchain/13_2_Rel1/bin/../lib/gcc/arm-none-eabi/13.2.1/thumb/v6-m/nofp/crti.o
                0x100002b8                _init
 *(EXCLUDE_FILE(*libm.a: *libc.a:*lib_a-mem*.o *libgcc.a:) .text*)
 .text.register_tm_clones
                0x100002bc       0x28 C:/Users/S4MPA10/.pico-sdk/toolchain/13_2_Rel1/bin/../lib/gcc/arm-none-eabi/13.2.1/thumb/v6-m/nofp/crtbegin.o
 .text.frame_dummy
                0x100002e4       0x24 C:/Users/S4MPA10/.pico-sdk/toolchain/13_2_Rel1/bin/../lib/gcc/arm-none-eabi/13.2.1/thumb/v6-m/nofp/crtbegin.o
 .text.startup.main
                0x10000308       0xec CMakeFiles/picow_http_client_verify.dir/picow_http_verify.c.obj
                0x10000308                main
 .text.lwip_timeout_reached
                0x100003f4        0x8 CMakeFiles/picow_http_client_verify.dir/C_/Users/S4MPA10/.pico-sdk/sdk/1.5.1/src/rp2_common/pico_lwip/lwip_nosys.c.obj
 .text.update_next_timeout
                0x100003fc       0x60 CMakeFiles/picow_http_client_verify.dir/C_/Users/S4MPA10/.pico-sdk/sdk/1.5.1/src/rp2_common/pico_lwip/lwip_nosys.c.obj
 .text.lwip_nosys_init
                0x1000045c       0x30 CMakeFiles/picow_http_client_verify.dir/C_/Users/S4MPA10/.pico-sdk/sdk/1.5.1/src/rp2_common/pico_lwip/lwip_nosys.c.obj
                0x1000045c                lwip_nosys_init
 .text.lwip_nosys_deinit
                0x1000048c       0x20 CMakeFiles/picow_http_client_verify.dir/C_/Users/S4MPA10/.pico-sdk/sdk/1.5.1/src/rp2_common/pico_lwip/lwip_nosys.c.obj
                0x1000048c                lwip_nosys_deinit
 .text.sys_arch_protect
                0x100004ac        0x4 CMakeFiles/picow_http_client_verify.dir/C_/Users/S4MPA10/.pico-sdk/sdk/1.5.1/src/rp2_common/pico_lwip/lwip_nosys.c.obj
                0x100004ac                sys_arch_protect
 .text.sys_arch_unprotect
                0x100004b0        0x4 CMakeFiles/picow_http_client_verify.dir/C_/Users/S4MPA10/.pico-sdk/sdk/1.5.1/src/rp2_common/pico_lwip/lwip_nosys.c.obj
                0x100004b0                sys_arch_unprotect
 .text.sys_now  0x100004b4       0x20 CMakeFiles/picow_http_client_verify.dir/C_/Users/S4MPA10/.pico-sdk/sdk/1.5.1/src/rp2_common/pico_lwip/lwip_nosys.c.obj
                0x100004b4                sys_now
 .text.async_context_base_add_at_time_worker
                0x100004d4       0x24 CMakeFiles/picow_http_client_verify.dir/C_/Users/S4MPA10/.pico-sdk/sdk/1.5.1/src/rp2_common/pico_async_context/async_context_base.c.obj
                0x100004d4                async_context_base_add_at_time_worker
 .text.async_context_base_remove_at_time_worker
                0x100004f8       0x28 CMakeFiles/picow_http_client_verify.dir/C_/Users/S4MPA10/.pico-sdk/sdk/1.5.1/src/rp2_common/pico_async_context/async_context_base.c.obj
                0x100004f8                async_context_base_remove_at_time_worker
 .text.async_context_base_add_when_pending_worker
                0x10000520       0x24 CMakeFiles/picow_http_client_verify.dir/C_/Users/S4MPA10/.pico-sdk/sdk/1.5.1/src/rp2_common/pico_async_context/async_context_base.c.obj
                0x10000520                async_context_base_add_when_pending_worker
 .text.async_context_base_remove_when_pending_worker
                0x10000544       0x28 CMakeFiles/picow_http_client_verify.dir/C_/Users/S4MPA10/.pico-sdk/sdk/1.5.1/src/rp2_common/pico_async_context/async_context_base.c.obj
                0x10000544                async_context_base_remove_when_pending_worker
 .text.async_context_base_execute_once
                0x1000056c      0x108 CMakeFiles/picow_http_client_verify.dir/C_/Users/S4MPA10/.pico-sdk/sdk/1.5.1/src/rp2_common/pico_async_context/async_context_base.c.obj
                0x1000056c                async_context_base_execute_once
 .text.running_on_fpga
                0x10000674       0x10 CMakeFiles/picow_http_client_verify.dir/C_/Users/S4MPA10/.pico-sdk/sdk/1.5.1/src/rp2_common/pico_platform/platform.c.obj
                0x10000674                running_on_fpga
 .text.splitmix64
                0x10000684       0x58 CMakeFiles/picow_http_client_verify.dir/C_/Users/S4MPA10/.pico-sdk/sdk/1.5.1/src/rp2_common/pico_rand/rand.c.obj
 .text.xoroshiro128ss
                0x100006dc       0x90 CMakeFiles/picow_http_client_verify.dir/C_/Users/S4MPA10/.pico-sdk/sdk/1.5.1/src/rp2_common/pico_rand/rand.c.obj
 .text.get_rand_64
                0x1000076c      0x4a4 CMakeFiles/picow_http_client_verify.dir/C_/Users/S4MPA10/.pico-sdk/sdk/1.5.1/src/rp2_common/pico_rand/rand.c.obj
                0x1000076c                get_rand_64
 .text.get_rand_32
                0x10000c10        0x8 CMakeFiles/picow_http_client_verify.dir/C_/Users/S4MPA10/.pico-sdk/sdk/1.5.1/src/rp2_common/pico_rand/rand.c.obj
                0x10000c10                get_rand_32
 .text.startup._retrieve_unique_id_on_boot
                0x10000c18       0x10 CMakeFiles/picow_http_client_verify.dir/C_/Users/S4MPA10/.pico-sdk/sdk/1.5.1/src/rp2_common/pico_unique_id/unique_id.c.obj
 .text.pico_get_unique_board_id
                0x10000c28       0x10 CMakeFiles/picow_http_client_verify.dir/C_/Users/S4MPA10/.pico-sdk/sdk/1.5.1/src/rp2_common/pico_unique_id/unique_id.c.obj
                0x10000c28                pico_get_unique_board_id
 .text.flash_get_unique_id
                0x10000c38       0x3c CMakeFiles/picow_http_client_verify.dir/C_/Users/S4MPA10/.pico-sdk/sdk/1.5.1/src/rp2_common/hardware_flash/flash.c.obj
                0x10000c38                flash_get_unique_id
 .text.hw_claim_lock
                0x10000c74       0x18 CMakeFiles/picow_http_client_verify.dir/C_/Users/S4MPA10/.pico-sdk/sdk/1.5.1/src/rp2_common/hardware_claim/claim.c.obj
                0x10000c74                hw_claim_lock
 .text.hw_claim_unlock
                0x10000c8c       0x14 CMakeFiles/picow_http_client_verify.dir/C_/Users/S4MPA10/.pico-sdk/sdk/1.5.1/src/rp2_common/hardware_claim/claim.c.obj
                0x10000c8c                hw_claim_unlock
 .text.hw_claim_or_assert
                0x10000ca0       0x44 CMakeFiles/picow_http_client_verify.dir/C_/Users/S4MPA10/.pico-sdk/sdk/1.5.1/src/rp2_common/hardware_claim/claim.c.obj
                0x10000ca0                hw_claim_or_assert
 .text.hw_claim_unused_from_range
                0x10000ce4       0x9c CMakeFiles/picow_http_client_verify.dir/C_/Users/S4MPA10/.pico-sdk/sdk/1.5.1/src/rp2_common/hardware_claim/claim.c.obj
                0x10000ce4                hw_claim_unused_from_range
 .text.hw_claim_clear
                0x10000d80       0x38 CMakeFiles/picow_http_client_verify.dir/C_/Users/S4MPA10/.pico-sdk/sdk/1.5.1/src/rp2_common/hardware_claim/claim.c.obj
                0x10000d80                hw_claim_clear
 .text.spin_locks_reset
                0x10000db8       0x1c CMakeFiles/picow_http_client_verify.dir/C_/Users/S4MPA10/.pico-sdk/sdk/1.5.1/src/rp2_common/hardware_sync/sync.c.obj
                0x10000db8                spin_locks_reset
 .text.next_striped_spin_lock_num
                0x10000dd4       0x18 CMakeFiles/picow_http_client_verify.dir/C_/Users/S4MPA10/.pico-sdk/sdk/1.5.1/src/rp2_common/hardware_sync/sync.c.obj
                0x10000dd4                next_striped_spin_lock_num
 .text.rom_func_lookup
                0x10000dec       0x10 CMakeFiles/picow_http_client_verify.dir/C_/Users/S4MPA10/.pico-sdk/sdk/1.5.1/src/rp2_common/pico_bootrom/bootrom.c.obj
                0x10000dec                rom_func_lookup
 .text.rom_data_lookup
                0x10000dfc       0x10 CMakeFiles/picow_http_client_verify.dir/C_/Users/S4MPA10/.pico-sdk/sdk/1.5.1/src/rp2_common/pico_bootrom/bootrom.c.obj
                0x10000dfc                rom_data_lookup
 .text.rom_funcs_lookup
                0x10000e0c       0x44 CMakeFiles/picow_http_client_verify.dir/C_/Users/S4MPA10/.pico-sdk/sdk/1.5.1/src/rp2_common/pico_bootrom/bootrom.c.obj
                0x10000e0c                rom_funcs_lookup
 .text.clocks_init
                0x10000e50      0x2c8 CMakeFiles/picow_http_client_verify.dir/C_/Users/S4MPA10/.pico-sdk/sdk/1.5.1/src/rp2_common/hardware_clocks/clocks.c.obj
                0x10000e50                clocks_init
 .text.clock_get_hz
                0x10001118        0xc CMakeFiles/picow_http_client_verify.dir/C_/Users/S4MPA10/.pico-sdk/sdk/1.5.1/src/rp2_common/hardware_clocks/clocks.c.obj
                0x10001118                clock_get_hz
 .text.gpio_set_function
                0x10001124       0x30 CMakeFiles/picow_http_client_verify.dir/C_/Users/S4MPA10/.pico-sdk/sdk/1.5.1/src/rp2_common/hardware_gpio/gpio.c.obj
                0x10001124                gpio_set_function
 .text.gpio_set_pulls
                0x10001154       0x24 CMakeFiles/picow_http_client_verify.dir/C_/Users/S4MPA10/.pico-sdk/sdk/1.5.1/src/rp2_common/hardware_gpio/gpio.c.obj
                0x10001154                gpio_set_pulls
 .text.gpio_set_input_hysteresis_enabled
                0x10001178       0x28 CMakeFiles/picow_http_client_verify.dir/C_/Users/S4MPA10/.pico-sdk/sdk/1.5.1/src/rp2_common/hardware_gpio/gpio.c.obj
                0x10001178                gpio_set_input_hysteresis_enabled
 .text.gpio_set_irq_enabled
                0x100011a0       0x54 CMakeFiles/picow_http_client_verify.dir/C_/Users/S4MPA10/.pico-sdk/sdk/1.5.1/src/rp2_common/hardware_gpio/gpio.c.obj
                0x100011a0                gpio_set_irq_enabled
 .text.gpio_add_raw_irq_handler_with_order_priority_masked
                0x100011f4       0x44 CMakeFiles/picow_http_client_verify.dir/C_/Users/S4MPA10/.pico-sdk/sdk/1.5.1/src/rp2_common/hardware_gpio/gpio.c.obj
                0x100011f4                gpio_add_raw_irq_handler_with_order_priority_masked
 .text.gpio_remove_raw_irq_handler_masked
                0x10001238       0x20 CMakeFiles/picow_http_client_verify.dir/C_/Users/S4MPA10/.pico-sdk/sdk/1.5.1/src/rp2_common/hardware_gpio/gpio.c.obj
                0x10001238                gpio_remove_raw_irq_handler_masked
 .text.gpio_init
                0x10001258       0x3c CMakeFiles/picow_http_client_verify.dir/C_/Users/S4MPA10/.pico-sdk/sdk/1.5.1/src/rp2_common/hardware_gpio/gpio.c.obj
                0x10001258                gpio_init
 .text.irq_set_enabled
                0x10001294       0x24 CMakeFiles/picow_http_client_verify.dir/C_/Users/S4MPA10/.pico-sdk/sdk/1.5.1/src/rp2_common/hardware_irq/irq.c.obj
                0x10001294                irq_set_enabled
 .text.irq_set_pending
                0x100012b8       0x10 CMakeFiles/picow_http_client_verify.dir/C_/Users/S4MPA10/.pico-sdk/sdk/1.5.1/src/rp2_common/hardware_irq/irq.c.obj
                0x100012b8                irq_set_pending
 .text.irq_get_vtable_handler
                0x100012c8       0x10 CMakeFiles/picow_http_client_verify.dir/C_/Users/S4MPA10/.pico-sdk/sdk/1.5.1/src/rp2_common/hardware_irq/irq.c.obj
                0x100012c8                irq_get_vtable_handler
 .text.irq_set_exclusive_handler
                0x100012d8       0x54 CMakeFiles/picow_http_client_verify.dir/C_/Users/S4MPA10/.pico-sdk/sdk/1.5.1/src/rp2_common/hardware_irq/irq.c.obj
                0x100012d8                irq_set_exclusive_handler
 .text.irq_add_shared_handler
                0x1000132c      0x1f4 CMakeFiles/picow_http_client_verify.dir/C_/Users/S4MPA10/.pico-sdk/sdk/1.5.1/src/rp2_common/hardware_irq/irq.c.obj
                0x1000132c                irq_add_shared_handler
 .text.irq_remove_handler
                0x10001520      0x1c4 CMakeFiles/picow_http_client_verify.dir/C_/Users/S4MPA10/.pico-sdk/sdk/1.5.1/src/rp2_common/hardware_irq/irq.c.obj
                0x10001520                irq_remove_handler
 .text.irq_set_priority
                0x100016e4       0x28 CMakeFiles/picow_http_client_verify.dir/C_/Users/S4MPA10/.pico-sdk/sdk/1.5.1/src/rp2_common/hardware_irq/irq.c.obj
                0x100016e4                irq_set_priority
 .text.irq_add_tail_to_free_list
                0x1000170c       0xb4 CMakeFiles/picow_http_client_verify.dir/C_/Users/S4MPA10/.pico-sdk/sdk/1.5.1/src/rp2_common/hardware_irq/irq.c.obj
                0x1000170c                irq_add_tail_to_free_list
 .text.irq_init_priorities
                0x100017c0       0x24 CMakeFiles/picow_http_client_verify.dir/C_/Users/S4MPA10/.pico-sdk/sdk/1.5.1/src/rp2_common/hardware_irq/irq.c.obj
                0x100017c0                irq_init_priorities
 .text.user_irq_unclaim
                0x100017e4       0x14 CMakeFiles/picow_http_client_verify.dir/C_/Users/S4MPA10/.pico-sdk/sdk/1.5.1/src/rp2_common/hardware_irq/irq.c.obj
                0x100017e4                user_irq_unclaim
 .text.user_irq_claim_unused
                0x100017f8       0x2c CMakeFiles/picow_http_client_verify.dir/C_/Users/S4MPA10/.pico-sdk/sdk/1.5.1/src/rp2_common/hardware_irq/irq.c.obj
                0x100017f8                user_irq_claim_unused
 .text.sem_init
                0x10001824       0x20 CMakeFiles/picow_http_client_verify.dir/C_/Users/S4MPA10/.pico-sdk/sdk/1.5.1/src/common/pico_sync/sem.c.obj
                0x10001824                sem_init
 .text.lock_init
                0x10001844       0x10 CMakeFiles/picow_http_client_verify.dir/C_/Users/S4MPA10/.pico-sdk/sdk/1.5.1/src/common/pico_sync/lock_core.c.obj
                0x10001844                lock_init
 .text.mutex_init
                0x10001854       0x1c CMakeFiles/picow_http_client_verify.dir/C_/Users/S4MPA10/.pico-sdk/sdk/1.5.1/src/common/pico_sync/mutex.c.obj
                0x10001854                mutex_init
 .text.recursive_mutex_init
                0x10001870       0x1c CMakeFiles/picow_http_client_verify.dir/C_/Users/S4MPA10/.pico-sdk/sdk/1.5.1/src/common/pico_sync/mutex.c.obj
                0x10001870                recursive_mutex_init
 .text.timer_pool_entry_comparator
                0x1000188c       0x34 CMakeFiles/picow_http_client_verify.dir/C_/Users/S4MPA10/.pico-sdk/sdk/1.5.1/src/common/pico_time/time.c.obj
                0x1000188c                timer_pool_entry_comparator
 .text.sleep_until_callback
                0x100018c0       0x30 CMakeFiles/picow_http_client_verify.dir/C_/Users/S4MPA10/.pico-sdk/sdk/1.5.1/src/common/pico_time/time.c.obj
 .text.add_alarm_under_lock.isra.0
                0x100018f0      0x100 CMakeFiles/picow_http_client_verify.dir/C_/Users/S4MPA10/.pico-sdk/sdk/1.5.1/src/common/pico_time/time.c.obj
 .text.alarm_pool_alarm_callback
                0x100019f0      0x1c0 CMakeFiles/picow_http_client_verify.dir/C_/Users/S4MPA10/.pico-sdk/sdk/1.5.1/src/common/pico_time/time.c.obj
 .text.alarm_pool_init_default
                0x10001bb0       0x6c CMakeFiles/picow_http_client_verify.dir/C_/Users/S4MPA10/.pico-sdk/sdk/1.5.1/src/common/pico_time/time.c.obj
                0x10001bb0                alarm_pool_init_default
 .text.alarm_pool_get_default
                0x10001c1c        0x8 CMakeFiles/picow_http_client_verify.dir/C_/Users/S4MPA10/.pico-sdk/sdk/1.5.1/src/common/pico_time/time.c.obj
                0x10001c1c                alarm_pool_get_default
 .text.alarm_pool_add_alarm_at
                0x10001c24      0x17c CMakeFiles/picow_http_client_verify.dir/C_/Users/S4MPA10/.pico-sdk/sdk/1.5.1/src/common/pico_time/time.c.obj
                0x10001c24                alarm_pool_add_alarm_at
 .text.alarm_pool_cancel_alarm
                0x10001da0       0x70 CMakeFiles/picow_http_client_verify.dir/C_/Users/S4MPA10/.pico-sdk/sdk/1.5.1/src/common/pico_time/time.c.obj
                0x10001da0                alarm_pool_cancel_alarm
 .text.sleep_until
                0x10001e10       0xc4 CMakeFiles/picow_http_client_verify.dir/C_/Users/S4MPA10/.pico-sdk/sdk/1.5.1/src/common/pico_time/time.c.obj
                0x10001e10                sleep_until
 .text.sleep_ms
                0x10001ed4       0x38 CMakeFiles/picow_http_client_verify.dir/C_/Users/S4MPA10/.pico-sdk/sdk/1.5.1/src/common/pico_time/time.c.obj
                0x10001ed4                sleep_ms
 .text.best_effort_wfe_or_timeout
                0x10001f0c       0xcc CMakeFiles/picow_http_client_verify.dir/C_/Users/S4MPA10/.pico-sdk/sdk/1.5.1/src/common/pico_time/time.c.obj
                0x10001f0c                best_effort_wfe_or_timeout
 .text.hardware_alarm_irq_handler
                0x10001fd8       0xbc CMakeFiles/picow_http_client_verify.dir/C_/Users/S4MPA10/.pico-sdk/sdk/1.5.1/src/rp2_common/hardware_timer/timer.c.obj
 .text.hardware_alarm_claim
                0x10002094       0x18 CMakeFiles/picow_http_client_verify.dir/C_/Users/S4MPA10/.pico-sdk/sdk/1.5.1/src/rp2_common/hardware_timer/timer.c.obj
                0x10002094                hardware_alarm_claim
 .text.time_us_64
                0x100020ac       0x14 CMakeFiles/picow_http_client_verify.dir/C_/Users/S4MPA10/.pico-sdk/sdk/1.5.1/src/rp2_common/hardware_timer/timer.c.obj
                0x100020ac                time_us_64
 .text.busy_wait_us
                0x100020c0       0x68 CMakeFiles/picow_http_client_verify.dir/C_/Users/S4MPA10/.pico-sdk/sdk/1.5.1/src/rp2_common/hardware_timer/timer.c.obj
                0x100020c0                busy_wait_us
 .text.busy_wait_until
                0x10002128       0x20 CMakeFiles/picow_http_client_verify.dir/C_/Users/S4MPA10/.pico-sdk/sdk/1.5.1/src/rp2_common/hardware_timer/timer.c.obj
                0x10002128                busy_wait_until
 .text.hardware_alarm_set_callback
                0x10002148       0x8c CMakeFiles/picow_http_client_verify.dir/C_/Users/S4MPA10/.pico-sdk/sdk/1.5.1/src/rp2_common/hardware_timer/timer.c.obj
                0x10002148                hardware_alarm_set_callback
 .text.hardware_alarm_set_target
                0x100021d4       0xd0 CMakeFiles/picow_http_client_verify.dir/C_/Users/S4MPA10/.pico-sdk/sdk/1.5.1/src/rp2_common/hardware_timer/timer.c.obj
                0x100021d4                hardware_alarm_set_target
 .text.hardware_alarm_cancel
                0x100022a4       0x3c CMakeFiles/picow_http_client_verify.dir/C_/Users/S4MPA10/.pico-sdk/sdk/1.5.1/src/rp2_common/hardware_timer/timer.c.obj
                0x100022a4                hardware_alarm_cancel
 .text.ph_merge_nodes
                0x100022e0       0x58 CMakeFiles/picow_http_client_verify.dir/C_/Users/S4MPA10/.pico-sdk/sdk/1.5.1/src/common/pico_util/pheap.c.obj
 .text.ph_post_alloc_init
                0x10002338       0x3c CMakeFiles/picow_http_client_verify.dir/C_/Users/S4MPA10/.pico-sdk/sdk/1.5.1/src/common/pico_util/pheap.c.obj
                0x10002338                ph_post_alloc_init
 .text.ph_merge_two_pass
                0x10002374       0x8c CMakeFiles/picow_http_client_verify.dir/C_/Users/S4MPA10/.pico-sdk/sdk/1.5.1/src/common/pico_util/pheap.c.obj
                0x10002374                ph_merge_two_pass
 .text.ph_remove_any_head
                0x10002400      0x100 CMakeFiles/picow_http_client_verify.dir/C_/Users/S4MPA10/.pico-sdk/sdk/1.5.1/src/common/pico_util/pheap.c.obj
 .text.ph_remove_head
                0x10002500      0x104 CMakeFiles/picow_http_client_verify.dir/C_/Users/S4MPA10/.pico-sdk/sdk/1.5.1/src/common/pico_util/pheap.c.obj
                0x10002500                ph_remove_head
 .text.ph_remove_and_free_node
                0x10002604       0x78 CMakeFiles/picow_http_client_verify.dir/C_/Users/S4MPA10/.pico-sdk/sdk/1.5.1/src/common/pico_util/pheap.c.obj
                0x10002604                ph_remove_and_free_node
 .text.pll_init
                0x1000267c       0xa4 CMakeFiles/picow_http_client_verify.dir/C_/Users/S4MPA10/.pico-sdk/sdk/1.5.1/src/rp2_common/hardware_pll/pll.c.obj
                0x1000267c                pll_init
 .text.watchdog_start_tick
                0x10002720       0x10 CMakeFiles/picow_http_client_verify.dir/C_/Users/S4MPA10/.pico-sdk/sdk/1.5.1/src/rp2_common/hardware_watchdog/watchdog.c.obj
                0x10002720                watchdog_start_tick
 .text.xosc_init
                0x10002730       0x28 CMakeFiles/picow_http_client_verify.dir/C_/Users/S4MPA10/.pico-sdk/sdk/1.5.1/src/rp2_common/hardware_xosc/xosc.c.obj
                0x10002730                xosc_init
 .text.lwip_init
                0x10002758       0x24 CMakeFiles/picow_http_client_verify.dir/C_/Users/S4MPA10/.pico-sdk/sdk/1.5.1/lib/lwip/src/core/init.c.obj
                0x10002758                lwip_init
 .text.lwip_htons
                0x1000277c        0x8 CMakeFiles/picow_http_client_verify.dir/C_/Users/S4MPA10/.pico-sdk/sdk/1.5.1/lib/lwip/src/core/def.c.obj
                0x1000277c                lwip_htons
 .text.lwip_htonl
                0x10002784        0x4 CMakeFiles/picow_http_client_verify.dir/C_/Users/S4MPA10/.pico-sdk/sdk/1.5.1/lib/lwip/src/core/def.c.obj
                0x10002784                lwip_htonl
 .text.lwip_strnicmp
                0x10002788       0x40 CMakeFiles/picow_http_client_verify.dir/C_/Users/S4MPA10/.pico-sdk/sdk/1.5.1/lib/lwip/src/core/def.c.obj
                0x10002788                lwip_strnicmp
 .text.dns_call_found
                0x100027c8      0x184 CMakeFiles/picow_http_client_verify.dir/C_/Users/S4MPA10/.pico-sdk/sdk/1.5.1/lib/lwip/src/core/dns.c.obj
 .text.dns_send.isra.0
                0x1000294c      0x174 CMakeFiles/picow_http_client_verify.dir/C_/Users/S4MPA10/.pico-sdk/sdk/1.5.1/lib/lwip/src/core/dns.c.obj
 .text.dns_check_entry
                0x10002ac0      0x130 CMakeFiles/picow_http_client_verify.dir/C_/Users/S4MPA10/.pico-sdk/sdk/1.5.1/lib/lwip/src/core/dns.c.obj
 .text.dns_recv
                0x10002bf0      0x380 CMakeFiles/picow_http_client_verify.dir/C_/Users/S4MPA10/.pico-sdk/sdk/1.5.1/lib/lwip/src/core/dns.c.obj
 .text.dns_init
                0x10002f70        0x4 CMakeFiles/picow_http_client_verify.dir/C_/Users/S4MPA10/.pico-sdk/sdk/1.5.1/lib/lwip/src/core/dns.c.obj
                0x10002f70                dns_init
 .text.dns_setserver
                0x10002f74       0x24 CMakeFiles/picow_http_client_verify.dir/C_/Users/S4MPA10/.pico-sdk/sdk/1.5.1/lib/lwip/src/core/dns.c.obj
                0x10002f74                dns_setserver
 .text.dns_tmr  0x10002f98      0x140 CMakeFiles/picow_http_client_verify.dir/C_/Users/S4MPA10/.pico-sdk/sdk/1.5.1/lib/lwip/src/core/dns.c.obj
                0x10002f98                dns_tmr
 .text.dns_gethostbyname_addrtype
                0x100030d8      0x5e0 CMakeFiles/picow_http_client_verify.dir/C_/Users/S4MPA10/.pico-sdk/sdk/1.5.1/lib/lwip/src/core/dns.c.obj
                0x100030d8                dns_gethostbyname_addrtype
 .text.dns_gethostbyname
                0x100036b8       0x10 CMakeFiles/picow_http_client_verify.dir/C_/Users/S4MPA10/.pico-sdk/sdk/1.5.1/lib/lwip/src/core/dns.c.obj
                0x100036b8                dns_gethostbyname
 .text.lwip_standard_chksum
                0x100036c8       0xdc CMakeFiles/picow_http_client_verify.dir/C_/Users/S4MPA10/.pico-sdk/sdk/1.5.1/lib/lwip/src/core/inet_chksum.c.obj
                0x100036c8                lwip_standard_chksum
 .text.inet_chksum_pseudo
                0x100037a4       0xbc CMakeFiles/picow_http_client_verify.dir/C_/Users/S4MPA10/.pico-sdk/sdk/1.5.1/lib/lwip/src/core/inet_chksum.c.obj
                0x100037a4                inet_chksum_pseudo
 .text.ip_chksum_pseudo
                0x10003860       0x10 CMakeFiles/picow_http_client_verify.dir/C_/Users/S4MPA10/.pico-sdk/sdk/1.5.1/lib/lwip/src/core/inet_chksum.c.obj
                0x10003860                ip_chksum_pseudo
 .text.inet_chksum
                0x10003870        0xc CMakeFiles/picow_http_client_verify.dir/C_/Users/S4MPA10/.pico-sdk/sdk/1.5.1/lib/lwip/src/core/inet_chksum.c.obj
                0x10003870                inet_chksum
 .text.inet_chksum_pbuf
                0x1000387c       0x78 CMakeFiles/picow_http_client_verify.dir/C_/Users/S4MPA10/.pico-sdk/sdk/1.5.1/lib/lwip/src/core/inet_chksum.c.obj
                0x1000387c                inet_chksum_pbuf
 .text.mem_init
                0x100038f4       0x3c CMakeFiles/picow_http_client_verify.dir/C_/Users/S4MPA10/.pico-sdk/sdk/1.5.1/lib/lwip/src/core/mem.c.obj
                0x100038f4                mem_init
 .text.mem_free
                0x10003930      0x130 CMakeFiles/picow_http_client_verify.dir/C_/Users/S4MPA10/.pico-sdk/sdk/1.5.1/lib/lwip/src/core/mem.c.obj
                0x10003930                mem_free
 .text.mem_trim
                0x10003a60      0x104 CMakeFiles/picow_http_client_verify.dir/C_/Users/S4MPA10/.pico-sdk/sdk/1.5.1/lib/lwip/src/core/mem.c.obj
                0x10003a60                mem_trim
 .text.mem_malloc
                0x10003b64      0x124 CMakeFiles/picow_http_client_verify.dir/C_/Users/S4MPA10/.pico-sdk/sdk/1.5.1/lib/lwip/src/core/mem.c.obj
                0x10003b64                mem_malloc
 .text.mem_calloc
                0x10003c88       0x28 CMakeFiles/picow_http_client_verify.dir/C_/Users/S4MPA10/.pico-sdk/sdk/1.5.1/lib/lwip/src/core/mem.c.obj
                0x10003c88                mem_calloc
 .text.memp_init
                0x10003cb0       0x6c CMakeFiles/picow_http_client_verify.dir/C_/Users/S4MPA10/.pico-sdk/sdk/1.5.1/lib/lwip/src/core/memp.c.obj
                0x10003cb0                memp_init
 .text.memp_malloc
                0x10003d1c       0x40 CMakeFiles/picow_http_client_verify.dir/C_/Users/S4MPA10/.pico-sdk/sdk/1.5.1/lib/lwip/src/core/memp.c.obj
                0x10003d1c                memp_malloc
 .text.memp_free
                0x10003d5c       0x38 CMakeFiles/picow_http_client_verify.dir/C_/Users/S4MPA10/.pico-sdk/sdk/1.5.1/lib/lwip/src/core/memp.c.obj
                0x10003d5c                memp_free
 .text.netif_null_output_ip4
                0x10003d94        0x8 CMakeFiles/picow_http_client_verify.dir/C_/Users/S4MPA10/.pico-sdk/sdk/1.5.1/lib/lwip/src/core/netif.c.obj
 .text.netif_do_set_ipaddr.isra.0
                0x10003d9c       0x60 CMakeFiles/picow_http_client_verify.dir/C_/Users/S4MPA10/.pico-sdk/sdk/1.5.1/lib/lwip/src/core/netif.c.obj
 .text.netif_init
                0x10003dfc        0x4 CMakeFiles/picow_http_client_verify.dir/C_/Users/S4MPA10/.pico-sdk/sdk/1.5.1/lib/lwip/src/core/netif.c.obj
                0x10003dfc                netif_init
 .text.netif_add
                0x10003e00      0x16c CMakeFiles/picow_http_client_verify.dir/C_/Users/S4MPA10/.pico-sdk/sdk/1.5.1/lib/lwip/src/core/netif.c.obj
                0x10003e00                netif_add
 .text.netif_set_addr
                0x10003f6c       0xb4 CMakeFiles/picow_http_client_verify.dir/C_/Users/S4MPA10/.pico-sdk/sdk/1.5.1/lib/lwip/src/core/netif.c.obj
                0x10003f6c                netif_set_addr
 .text.netif_remove
                0x10004020       0x94 CMakeFiles/picow_http_client_verify.dir/C_/Users/S4MPA10/.pico-sdk/sdk/1.5.1/lib/lwip/src/core/netif.c.obj
                0x10004020                netif_remove
 .text.netif_set_default
                0x100040b4        0xc CMakeFiles/picow_http_client_verify.dir/C_/Users/S4MPA10/.pico-sdk/sdk/1.5.1/lib/lwip/src/core/netif.c.obj
                0x100040b4                netif_set_default
 .text.netif_set_up
                0x100040c0       0x40 CMakeFiles/picow_http_client_verify.dir/C_/Users/S4MPA10/.pico-sdk/sdk/1.5.1/lib/lwip/src/core/netif.c.obj
                0x100040c0                netif_set_up
 .text.netif_set_link_up
                0x10004100       0x44 CMakeFiles/picow_http_client_verify.dir/C_/Users/S4MPA10/.pico-sdk/sdk/1.5.1/lib/lwip/src/core/netif.c.obj
                0x10004100                netif_set_link_up
 .text.netif_set_link_down
                0x10004144       0x20 CMakeFiles/picow_http_client_verify.dir/C_/Users/S4MPA10/.pico-sdk/sdk/1.5.1/lib/lwip/src/core/netif.c.obj
                0x10004144                netif_set_link_down
 .text.netif_get_by_index
                0x10004164       0x2c CMakeFiles/picow_http_client_verify.dir/C_/Users/S4MPA10/.pico-sdk/sdk/1.5.1/lib/lwip/src/core/netif.c.obj
                0x10004164                netif_get_by_index
 .text.pbuf_free.part.0
                0x10004190       0x7c CMakeFiles/picow_http_client_verify.dir/C_/Users/S4MPA10/.pico-sdk/sdk/1.5.1/lib/lwip/src/core/pbuf.c.obj
 .text.pbuf_free_ooseq
                0x1000420c       0x34 CMakeFiles/picow_http_client_verify.dir/C_/Users/S4MPA10/.pico-sdk/sdk/1.5.1/lib/lwip/src/core/pbuf.c.obj
                0x1000420c                pbuf_free_ooseq
 .text.pbuf_alloc
                0x10004240      0x134 CMakeFiles/picow_http_client_verify.dir/C_/Users/S4MPA10/.pico-sdk/sdk/1.5.1/lib/lwip/src/core/pbuf.c.obj
                0x10004240                pbuf_alloc
 .text.pbuf_realloc
                0x10004374       0x84 CMakeFiles/picow_http_client_verify.dir/C_/Users/S4MPA10/.pico-sdk/sdk/1.5.1/lib/lwip/src/core/pbuf.c.obj
                0x10004374                pbuf_realloc
 .text.pbuf_add_header
                0x100043f8       0x50 CMakeFiles/picow_http_client_verify.dir/C_/Users/S4MPA10/.pico-sdk/sdk/1.5.1/lib/lwip/src/core/pbuf.c.obj
                0x100043f8                pbuf_add_header
 .text.pbuf_remove_header
                0x10004448       0x3c CMakeFiles/picow_http_client_verify.dir/C_/Users/S4MPA10/.pico-sdk/sdk/1.5.1/lib/lwip/src/core/pbuf.c.obj
                0x10004448                pbuf_remove_header
 .text.pbuf_header_force
                0x10004484       0x68 CMakeFiles/picow_http_client_verify.dir/C_/Users/S4MPA10/.pico-sdk/sdk/1.5.1/lib/lwip/src/core/pbuf.c.obj
                0x10004484                pbuf_header_force
 .text.pbuf_free_header
                0x100044ec       0x44 CMakeFiles/picow_http_client_verify.dir/C_/Users/S4MPA10/.pico-sdk/sdk/1.5.1/lib/lwip/src/core/pbuf.c.obj
                0x100044ec                pbuf_free_header
 .text.pbuf_free
                0x10004530       0x18 CMakeFiles/picow_http_client_verify.dir/C_/Users/S4MPA10/.pico-sdk/sdk/1.5.1/lib/lwip/src/core/pbuf.c.obj
                0x10004530                pbuf_free
 .text.pbuf_clen
                0x10004548       0x14 CMakeFiles/picow_http_client_verify.dir/C_/Users/S4MPA10/.pico-sdk/sdk/1.5.1/lib/lwip/src/core/pbuf.c.obj
                0x10004548                pbuf_clen
 .text.pbuf_ref
                0x1000455c       0x28 CMakeFiles/picow_http_client_verify.dir/C_/Users/S4MPA10/.pico-sdk/sdk/1.5.1/lib/lwip/src/core/pbuf.c.obj
                0x1000455c                pbuf_ref
 .text.pbuf_cat
                0x10004584       0x44 CMakeFiles/picow_http_client_verify.dir/C_/Users/S4MPA10/.pico-sdk/sdk/1.5.1/lib/lwip/src/core/pbuf.c.obj
                0x10004584                pbuf_cat
 .text.pbuf_chain
                0x100045c8       0x64 CMakeFiles/picow_http_client_verify.dir/C_/Users/S4MPA10/.pico-sdk/sdk/1.5.1/lib/lwip/src/core/pbuf.c.obj
                0x100045c8                pbuf_chain
 .text.pbuf_copy_partial_pbuf
                0x1000462c      0x148 CMakeFiles/picow_http_client_verify.dir/C_/Users/S4MPA10/.pico-sdk/sdk/1.5.1/lib/lwip/src/core/pbuf.c.obj
                0x1000462c                pbuf_copy_partial_pbuf
 .text.pbuf_copy
                0x10004774       0x18 CMakeFiles/picow_http_client_verify.dir/C_/Users/S4MPA10/.pico-sdk/sdk/1.5.1/lib/lwip/src/core/pbuf.c.obj
                0x10004774                pbuf_copy
 .text.pbuf_copy_partial
                0x1000478c       0x68 CMakeFiles/picow_http_client_verify.dir/C_/Users/S4MPA10/.pico-sdk/sdk/1.5.1/lib/lwip/src/core/pbuf.c.obj
                0x1000478c                pbuf_copy_partial
 .text.pbuf_take
                0x100047f4       0x78 CMakeFiles/picow_http_client_verify.dir/C_/Users/S4MPA10/.pico-sdk/sdk/1.5.1/lib/lwip/src/core/pbuf.c.obj
                0x100047f4                pbuf_take
 .text.pbuf_take_at
                0x1000486c       0xcc CMakeFiles/picow_http_client_verify.dir/C_/Users/S4MPA10/.pico-sdk/sdk/1.5.1/lib/lwip/src/core/pbuf.c.obj
                0x1000486c                pbuf_take_at
 .text.pbuf_clone
                0x10004938       0x30 CMakeFiles/picow_http_client_verify.dir/C_/Users/S4MPA10/.pico-sdk/sdk/1.5.1/lib/lwip/src/core/pbuf.c.obj
                0x10004938                pbuf_clone
 .text.pbuf_get_at
                0x10004968       0x20 CMakeFiles/picow_http_client_verify.dir/C_/Users/S4MPA10/.pico-sdk/sdk/1.5.1/lib/lwip/src/core/pbuf.c.obj
                0x10004968                pbuf_get_at
 .text.pbuf_try_get_at
                0x10004988       0x28 CMakeFiles/picow_http_client_verify.dir/C_/Users/S4MPA10/.pico-sdk/sdk/1.5.1/lib/lwip/src/core/pbuf.c.obj
                0x10004988                pbuf_try_get_at
 .text.pbuf_put_at
                0x100049b0       0x1c CMakeFiles/picow_http_client_verify.dir/C_/Users/S4MPA10/.pico-sdk/sdk/1.5.1/lib/lwip/src/core/pbuf.c.obj
                0x100049b0                pbuf_put_at
 .text.pbuf_memcmp
                0x100049cc       0x6c CMakeFiles/picow_http_client_verify.dir/C_/Users/S4MPA10/.pico-sdk/sdk/1.5.1/lib/lwip/src/core/pbuf.c.obj
                0x100049cc                pbuf_memcmp
 .text.pbuf_memfind
                0x10004a38       0xb0 CMakeFiles/picow_http_client_verify.dir/C_/Users/S4MPA10/.pico-sdk/sdk/1.5.1/lib/lwip/src/core/pbuf.c.obj
                0x10004a38                pbuf_memfind
 .text.raw_input
                0x10004ae8      0x164 CMakeFiles/picow_http_client_verify.dir/C_/Users/S4MPA10/.pico-sdk/sdk/1.5.1/lib/lwip/src/core/raw.c.obj
                0x10004ae8                raw_input
 .text.raw_netif_ip_addr_changed
                0x10004c4c       0x40 CMakeFiles/picow_http_client_verify.dir/C_/Users/S4MPA10/.pico-sdk/sdk/1.5.1/lib/lwip/src/core/raw.c.obj
                0x10004c4c                raw_netif_ip_addr_changed
 .text.stats_init
                0x10004c8c        0x4 CMakeFiles/picow_http_client_verify.dir/C_/Users/S4MPA10/.pico-sdk/sdk/1.5.1/lib/lwip/src/core/stats.c.obj
                0x10004c8c                stats_init
 .text.altcp_alloc
                0x10004c90       0x18 CMakeFiles/picow_http_client_verify.dir/C_/Users/S4MPA10/.pico-sdk/sdk/1.5.1/lib/lwip/src/core/altcp.c.obj
                0x10004c90                altcp_alloc
 .text.altcp_free
                0x10004ca8       0x20 CMakeFiles/picow_http_client_verify.dir/C_/Users/S4MPA10/.pico-sdk/sdk/1.5.1/lib/lwip/src/core/altcp.c.obj
                0x10004ca8                altcp_free
 .text.altcp_new
                0x10004cc8       0x20 CMakeFiles/picow_http_client_verify.dir/C_/Users/S4MPA10/.pico-sdk/sdk/1.5.1/lib/lwip/src/core/altcp.c.obj
                0x10004cc8                altcp_new
 .text.altcp_arg
                0x10004ce8        0x8 CMakeFiles/picow_http_client_verify.dir/C_/Users/S4MPA10/.pico-sdk/sdk/1.5.1/lib/lwip/src/core/altcp.c.obj
                0x10004ce8                altcp_arg
 .text.altcp_accept
                0x10004cf0        0x8 CMakeFiles/picow_http_client_verify.dir/C_/Users/S4MPA10/.pico-sdk/sdk/1.5.1/lib/lwip/src/core/altcp.c.obj
                0x10004cf0                altcp_accept
 .text.altcp_recv
                0x10004cf8        0x8 CMakeFiles/picow_http_client_verify.dir/C_/Users/S4MPA10/.pico-sdk/sdk/1.5.1/lib/lwip/src/core/altcp.c.obj
                0x10004cf8                altcp_recv
 .text.altcp_sent
                0x10004d00        0x8 CMakeFiles/picow_http_client_verify.dir/C_/Users/S4MPA10/.pico-sdk/sdk/1.5.1/lib/lwip/src/core/altcp.c.obj
                0x10004d00                altcp_sent
 .text.altcp_poll
                0x10004d08       0x20 CMakeFiles/picow_http_client_verify.dir/C_/Users/S4MPA10/.pico-sdk/sdk/1.5.1/lib/lwip/src/core/altcp.c.obj
                0x10004d08                altcp_poll
 .text.altcp_err
                0x10004d28        0x8 CMakeFiles/picow_http_client_verify.dir/C_/Users/S4MPA10/.pico-sdk/sdk/1.5.1/lib/lwip/src/core/altcp.c.obj
                0x10004d28                altcp_err
 .text.altcp_recved
                0x10004d30       0x18 CMakeFiles/picow_http_client_verify.dir/C_/Users/S4MPA10/.pico-sdk/sdk/1.5.1/lib/lwip/src/core/altcp.c.obj
                0x10004d30                altcp_recved
 .text.altcp_connect
                0x10004d48       0x1c CMakeFiles/picow_http_client_verify.dir/C_/Users/S4MPA10/.pico-sdk/sdk/1.5.1/lib/lwip/src/core/altcp.c.obj
                0x10004d48                altcp_connect
 .text.altcp_listen_with_backlog_and_err
                0x10004d64       0x20 CMakeFiles/picow_http_client_verify.dir/C_/Users/S4MPA10/.pico-sdk/sdk/1.5.1/lib/lwip/src/core/altcp.c.obj
                0x10004d64                altcp_listen_with_backlog_and_err
 .text.altcp_abort
                0x10004d84       0x18 CMakeFiles/picow_http_client_verify.dir/C_/Users/S4MPA10/.pico-sdk/sdk/1.5.1/lib/lwip/src/core/altcp.c.obj
                0x10004d84                altcp_abort
 .text.altcp_close
                0x10004d9c       0x1c CMakeFiles/picow_http_client_verify.dir/C_/Users/S4MPA10/.pico-sdk/sdk/1.5.1/lib/lwip/src/core/altcp.c.obj
                0x10004d9c                altcp_close
 .text.altcp_write
                0x10004db8       0x1c CMakeFiles/picow_http_client_verify.dir/C_/Users/S4MPA10/.pico-sdk/sdk/1.5.1/lib/lwip/src/core/altcp.c.obj
                0x10004db8                altcp_write
 .text.altcp_output
                0x10004dd4       0x1c CMakeFiles/picow_http_client_verify.dir/C_/Users/S4MPA10/.pico-sdk/sdk/1.5.1/lib/lwip/src/core/altcp.c.obj
                0x10004dd4                altcp_output
 .text.altcp_mss
                0x10004df0       0x20 CMakeFiles/picow_http_client_verify.dir/C_/Users/S4MPA10/.pico-sdk/sdk/1.5.1/lib/lwip/src/core/altcp.c.obj
                0x10004df0                altcp_mss
 .text.altcp_sndbuf
                0x10004e10       0x20 CMakeFiles/picow_http_client_verify.dir/C_/Users/S4MPA10/.pico-sdk/sdk/1.5.1/lib/lwip/src/core/altcp.c.obj
                0x10004e10                altcp_sndbuf
 .text.altcp_default_bind
                0x10004e30       0x24 CMakeFiles/picow_http_client_verify.dir/C_/Users/S4MPA10/.pico-sdk/sdk/1.5.1/lib/lwip/src/core/altcp.c.obj
                0x10004e30                altcp_default_bind
 .text.altcp_default_shutdown
                0x10004e54       0x3c CMakeFiles/picow_http_client_verify.dir/C_/Users/S4MPA10/.pico-sdk/sdk/1.5.1/lib/lwip/src/core/altcp.c.obj
                0x10004e54                altcp_default_shutdown
 .text.altcp_default_output
                0x10004e90       0x24 CMakeFiles/picow_http_client_verify.dir/C_/Users/S4MPA10/.pico-sdk/sdk/1.5.1/lib/lwip/src/core/altcp.c.obj
                0x10004e90                altcp_default_output
 .text.altcp_default_sndbuf
                0x10004eb4       0x24 CMakeFiles/picow_http_client_verify.dir/C_/Users/S4MPA10/.pico-sdk/sdk/1.5.1/lib/lwip/src/core/altcp.c.obj
                0x10004eb4                altcp_default_sndbuf
 .text.altcp_default_sndqueuelen
                0x10004ed8       0x24 CMakeFiles/picow_http_client_verify.dir/C_/Users/S4MPA10/.pico-sdk/sdk/1.5.1/lib/lwip/src/core/altcp.c.obj
                0x10004ed8                altcp_default_sndqueuelen
 .text.altcp_default_nagle_disable
                0x10004efc       0x1c CMakeFiles/picow_http_client_verify.dir/C_/Users/S4MPA10/.pico-sdk/sdk/1.5.1/lib/lwip/src/core/altcp.c.obj
                0x10004efc                altcp_default_nagle_disable
 .text.altcp_default_nagle_enable
                0x10004f18       0x1c CMakeFiles/picow_http_client_verify.dir/C_/Users/S4MPA10/.pico-sdk/sdk/1.5.1/lib/lwip/src/core/altcp.c.obj
                0x10004f18                altcp_default_nagle_enable
 .text.altcp_default_nagle_disabled
                0x10004f34       0x24 CMakeFiles/picow_http_client_verify.dir/C_/Users/S4MPA10/.pico-sdk/sdk/1.5.1/lib/lwip/src/core/altcp.c.obj
                0x10004f34                altcp_default_nagle_disabled
 .text.altcp_default_setprio
                0x10004f58       0x1c CMakeFiles/picow_http_client_verify.dir/C_/Users/S4MPA10/.pico-sdk/sdk/1.5.1/lib/lwip/src/core/altcp.c.obj
                0x10004f58                altcp_default_setprio
 .text.altcp_default_get_tcp_addrinfo
                0x10004f74       0x24 CMakeFiles/picow_http_client_verify.dir/C_/Users/S4MPA10/.pico-sdk/sdk/1.5.1/lib/lwip/src/core/altcp.c.obj
                0x10004f74                altcp_default_get_tcp_addrinfo
 .text.altcp_default_get_ip
                0x10004f98       0x20 CMakeFiles/picow_http_client_verify.dir/C_/Users/S4MPA10/.pico-sdk/sdk/1.5.1/lib/lwip/src/core/altcp.c.obj
                0x10004f98                altcp_default_get_ip
 .text.altcp_default_get_port
                0x10004fb8       0x24 CMakeFiles/picow_http_client_verify.dir/C_/Users/S4MPA10/.pico-sdk/sdk/1.5.1/lib/lwip/src/core/altcp.c.obj
                0x10004fb8                altcp_default_get_port
 .text.altcp_default_keepalive_disable
                0x10004fdc       0x1c CMakeFiles/picow_http_client_verify.dir/C_/Users/S4MPA10/.pico-sdk/sdk/1.5.1/lib/lwip/src/core/altcp.c.obj
                0x10004fdc                altcp_default_keepalive_disable
 .text.altcp_default_keepalive_enable
                0x10004ff8       0x1c CMakeFiles/picow_http_client_verify.dir/C_/Users/S4MPA10/.pico-sdk/sdk/1.5.1/lib/lwip/src/core/altcp.c.obj
                0x10004ff8                altcp_default_keepalive_enable
 .text.altcp_tls_alloc
                0x10005014       0x2c CMakeFiles/picow_http_client_verify.dir/C_/Users/S4MPA10/.pico-sdk/sdk/1.5.1/lib/lwip/src/core/altcp_alloc.c.obj
                0x10005014                altcp_tls_alloc
 .text.altcp_tcp_err
                0x10005040       0x1c CMakeFiles/picow_http_client_verify.dir/C_/Users/S4MPA10/.pico-sdk/sdk/1.5.1/lib/lwip/src/core/altcp_tcp.c.obj
 .text.altcp_tcp_get_port
                0x1000505c       0x2c CMakeFiles/picow_http_client_verify.dir/C_/Users/S4MPA10/.pico-sdk/sdk/1.5.1/lib/lwip/src/core/altcp_tcp.c.obj
 .text.altcp_tcp_get_ip
                0x10005088       0x2c CMakeFiles/picow_http_client_verify.dir/C_/Users/S4MPA10/.pico-sdk/sdk/1.5.1/lib/lwip/src/core/altcp_tcp.c.obj
 .text.altcp_tcp_nagle_disabled
                0x100050b4       0x28 CMakeFiles/picow_http_client_verify.dir/C_/Users/S4MPA10/.pico-sdk/sdk/1.5.1/lib/lwip/src/core/altcp_tcp.c.obj
 .text.altcp_tcp_sndqueuelen
                0x100050dc       0x24 CMakeFiles/picow_http_client_verify.dir/C_/Users/S4MPA10/.pico-sdk/sdk/1.5.1/lib/lwip/src/core/altcp_tcp.c.obj
 .text.altcp_tcp_sndbuf
                0x10005100       0x24 CMakeFiles/picow_http_client_verify.dir/C_/Users/S4MPA10/.pico-sdk/sdk/1.5.1/lib/lwip/src/core/altcp_tcp.c.obj
 .text.altcp_tcp_mss
                0x10005124       0x20 CMakeFiles/picow_http_client_verify.dir/C_/Users/S4MPA10/.pico-sdk/sdk/1.5.1/lib/lwip/src/core/altcp_tcp.c.obj
 .text.altcp_tcp_get_tcp_addrinfo
                0x10005144       0x24 CMakeFiles/picow_http_client_verify.dir/C_/Users/S4MPA10/.pico-sdk/sdk/1.5.1/lib/lwip/src/core/altcp_tcp.c.obj
 .text.altcp_tcp_output
                0x10005168       0x24 CMakeFiles/picow_http_client_verify.dir/C_/Users/S4MPA10/.pico-sdk/sdk/1.5.1/lib/lwip/src/core/altcp_tcp.c.obj
 .text.altcp_tcp_write
                0x1000518c       0x24 CMakeFiles/picow_http_client_verify.dir/C_/Users/S4MPA10/.pico-sdk/sdk/1.5.1/lib/lwip/src/core/altcp_tcp.c.obj
 .text.altcp_tcp_shutdown
                0x100051b0       0x24 CMakeFiles/picow_http_client_verify.dir/C_/Users/S4MPA10/.pico-sdk/sdk/1.5.1/lib/lwip/src/core/altcp_tcp.c.obj
 .text.altcp_tcp_listen
                0x100051d4       0x34 CMakeFiles/picow_http_client_verify.dir/C_/Users/S4MPA10/.pico-sdk/sdk/1.5.1/lib/lwip/src/core/altcp_tcp.c.obj
 .text.altcp_tcp_connect
                0x10005208       0x2c CMakeFiles/picow_http_client_verify.dir/C_/Users/S4MPA10/.pico-sdk/sdk/1.5.1/lib/lwip/src/core/altcp_tcp.c.obj
 .text.altcp_tcp_bind
                0x10005234       0x24 CMakeFiles/picow_http_client_verify.dir/C_/Users/S4MPA10/.pico-sdk/sdk/1.5.1/lib/lwip/src/core/altcp_tcp.c.obj
 .text.altcp_tcp_close
                0x10005258       0xb8 CMakeFiles/picow_http_client_verify.dir/C_/Users/S4MPA10/.pico-sdk/sdk/1.5.1/lib/lwip/src/core/altcp_tcp.c.obj
 .text.altcp_tcp_sent
                0x10005310       0x3c CMakeFiles/picow_http_client_verify.dir/C_/Users/S4MPA10/.pico-sdk/sdk/1.5.1/lib/lwip/src/core/altcp_tcp.c.obj
 .text.altcp_tcp_keepalive_enable.part.0
                0x1000534c        0xc CMakeFiles/picow_http_client_verify.dir/C_/Users/S4MPA10/.pico-sdk/sdk/1.5.1/lib/lwip/src/core/altcp_tcp.c.obj
 .text.altcp_tcp_keepalive_enable
                0x10005358       0x48 CMakeFiles/picow_http_client_verify.dir/C_/Users/S4MPA10/.pico-sdk/sdk/1.5.1/lib/lwip/src/core/altcp_tcp.c.obj
 .text.altcp_tcp_keepalive_disable
                0x100053a0       0x20 CMakeFiles/picow_http_client_verify.dir/C_/Users/S4MPA10/.pico-sdk/sdk/1.5.1/lib/lwip/src/core/altcp_tcp.c.obj
 .text.altcp_tcp_dealloc
                0x100053c0       0x14 CMakeFiles/picow_http_client_verify.dir/C_/Users/S4MPA10/.pico-sdk/sdk/1.5.1/lib/lwip/src/core/altcp_tcp.c.obj
 .text.altcp_tcp_nagle_enable
                0x100053d4       0x20 CMakeFiles/picow_http_client_verify.dir/C_/Users/S4MPA10/.pico-sdk/sdk/1.5.1/lib/lwip/src/core/altcp_tcp.c.obj
 .text.altcp_tcp_nagle_disable
                0x100053f4       0x20 CMakeFiles/picow_http_client_verify.dir/C_/Users/S4MPA10/.pico-sdk/sdk/1.5.1/lib/lwip/src/core/altcp_tcp.c.obj
 .text.altcp_tcp_connected
                0x10005414       0x3c CMakeFiles/picow_http_client_verify.dir/C_/Users/S4MPA10/.pico-sdk/sdk/1.5.1/lib/lwip/src/core/altcp_tcp.c.obj
 .text.altcp_tcp_poll
                0x10005450       0x3c CMakeFiles/picow_http_client_verify.dir/C_/Users/S4MPA10/.pico-sdk/sdk/1.5.1/lib/lwip/src/core/altcp_tcp.c.obj
 .text.altcp_tcp_recv
                0x1000548c       0x44 CMakeFiles/picow_http_client_verify.dir/C_/Users/S4MPA10/.pico-sdk/sdk/1.5.1/lib/lwip/src/core/altcp_tcp.c.obj
 .text.altcp_tcp_setprio
                0x100054d0       0x1c CMakeFiles/picow_http_client_verify.dir/C_/Users/S4MPA10/.pico-sdk/sdk/1.5.1/lib/lwip/src/core/altcp_tcp.c.obj
 .text.altcp_tcp_set_poll
                0x100054ec       0x24 CMakeFiles/picow_http_client_verify.dir/C_/Users/S4MPA10/.pico-sdk/sdk/1.5.1/lib/lwip/src/core/altcp_tcp.c.obj
 .text.altcp_tcp_abort
                0x10005510       0x20 CMakeFiles/picow_http_client_verify.dir/C_/Users/S4MPA10/.pico-sdk/sdk/1.5.1/lib/lwip/src/core/altcp_tcp.c.obj
 .text.altcp_tcp_recved
                0x10005530       0x1c CMakeFiles/picow_http_client_verify.dir/C_/Users/S4MPA10/.pico-sdk/sdk/1.5.1/lib/lwip/src/core/altcp_tcp.c.obj
 .text.altcp_tcp_accept
                0x1000554c       0x70 CMakeFiles/picow_http_client_verify.dir/C_/Users/S4MPA10/.pico-sdk/sdk/1.5.1/lib/lwip/src/core/altcp_tcp.c.obj
 .text.altcp_tcp_new_ip_type
                0x100055bc       0x60 CMakeFiles/picow_http_client_verify.dir/C_/Users/S4MPA10/.pico-sdk/sdk/1.5.1/lib/lwip/src/core/altcp_tcp.c.obj
                0x100055bc                altcp_tcp_new_ip_type
 .text.tcp_close_shutdown_fin
                0x1000561c       0x54 CMakeFiles/picow_http_client_verify.dir/C_/Users/S4MPA10/.pico-sdk/sdk/1.5.1/lib/lwip/src/core/tcp.c.obj
 .text.tcp_pcb_purge.part.0
                0x10005670       0xc4 CMakeFiles/picow_http_client_verify.dir/C_/Users/S4MPA10/.pico-sdk/sdk/1.5.1/lib/lwip/src/core/tcp.c.obj
 .text.tcp_init
                0x10005734       0x20 CMakeFiles/picow_http_client_verify.dir/C_/Users/S4MPA10/.pico-sdk/sdk/1.5.1/lib/lwip/src/core/tcp.c.obj
                0x10005734                tcp_init
 .text.tcp_free
                0x10005754       0x1c CMakeFiles/picow_http_client_verify.dir/C_/Users/S4MPA10/.pico-sdk/sdk/1.5.1/lib/lwip/src/core/tcp.c.obj
                0x10005754                tcp_free
 .text.tcp_bind
                0x10005770       0xf4 CMakeFiles/picow_http_client_verify.dir/C_/Users/S4MPA10/.pico-sdk/sdk/1.5.1/lib/lwip/src/core/tcp.c.obj
                0x10005770                tcp_bind
 .text.tcp_listen_with_backlog_and_err
                0x10005864       0xb8 CMakeFiles/picow_http_client_verify.dir/C_/Users/S4MPA10/.pico-sdk/sdk/1.5.1/lib/lwip/src/core/tcp.c.obj
                0x10005864                tcp_listen_with_backlog_and_err
 .text.tcp_update_rcv_ann_wnd
                0x1000591c       0x54 CMakeFiles/picow_http_client_verify.dir/C_/Users/S4MPA10/.pico-sdk/sdk/1.5.1/lib/lwip/src/core/tcp.c.obj
                0x1000591c                tcp_update_rcv_ann_wnd
 .text.tcp_recved
                0x10005970       0x90 CMakeFiles/picow_http_client_verify.dir/C_/Users/S4MPA10/.pico-sdk/sdk/1.5.1/lib/lwip/src/core/tcp.c.obj
                0x10005970                tcp_recved
 .text.tcp_connect
                0x10005a00      0x1b8 CMakeFiles/picow_http_client_verify.dir/C_/Users/S4MPA10/.pico-sdk/sdk/1.5.1/lib/lwip/src/core/tcp.c.obj
                0x10005a00                tcp_connect
 .text.tcp_slowtmr
                0x10005bb8      0x524 CMakeFiles/picow_http_client_verify.dir/C_/Users/S4MPA10/.pico-sdk/sdk/1.5.1/lib/lwip/src/core/tcp.c.obj
                0x10005bb8                tcp_slowtmr
 .text.tcp_segs_free
                0x100060dc       0x38 CMakeFiles/picow_http_client_verify.dir/C_/Users/S4MPA10/.pico-sdk/sdk/1.5.1/lib/lwip/src/core/tcp.c.obj
                0x100060dc                tcp_segs_free
 .text.tcp_seg_free
                0x10006114       0x1c CMakeFiles/picow_http_client_verify.dir/C_/Users/S4MPA10/.pico-sdk/sdk/1.5.1/lib/lwip/src/core/tcp.c.obj
                0x10006114                tcp_seg_free
 .text.tcp_setprio
                0x10006130        0x8 CMakeFiles/picow_http_client_verify.dir/C_/Users/S4MPA10/.pico-sdk/sdk/1.5.1/lib/lwip/src/core/tcp.c.obj
                0x10006130                tcp_setprio
 .text.tcp_seg_copy
                0x10006138       0x2c CMakeFiles/picow_http_client_verify.dir/C_/Users/S4MPA10/.pico-sdk/sdk/1.5.1/lib/lwip/src/core/tcp.c.obj
                0x10006138                tcp_seg_copy
 .text.tcp_arg  0x10006164        0x8 CMakeFiles/picow_http_client_verify.dir/C_/Users/S4MPA10/.pico-sdk/sdk/1.5.1/lib/lwip/src/core/tcp.c.obj
                0x10006164                tcp_arg
 .text.tcp_recv
                0x1000616c       0x1c CMakeFiles/picow_http_client_verify.dir/C_/Users/S4MPA10/.pico-sdk/sdk/1.5.1/lib/lwip/src/core/tcp.c.obj
                0x1000616c                tcp_recv
 .text.tcp_sent
                0x10006188       0x1c CMakeFiles/picow_http_client_verify.dir/C_/Users/S4MPA10/.pico-sdk/sdk/1.5.1/lib/lwip/src/core/tcp.c.obj
                0x10006188                tcp_sent
 .text.tcp_err  0x100061a4       0x1c CMakeFiles/picow_http_client_verify.dir/C_/Users/S4MPA10/.pico-sdk/sdk/1.5.1/lib/lwip/src/core/tcp.c.obj
                0x100061a4                tcp_err
 .text.tcp_accept
                0x100061c0       0x10 CMakeFiles/picow_http_client_verify.dir/C_/Users/S4MPA10/.pico-sdk/sdk/1.5.1/lib/lwip/src/core/tcp.c.obj
                0x100061c0                tcp_accept
 .text.tcp_poll
                0x100061d0       0x20 CMakeFiles/picow_http_client_verify.dir/C_/Users/S4MPA10/.pico-sdk/sdk/1.5.1/lib/lwip/src/core/tcp.c.obj
                0x100061d0                tcp_poll
 .text.tcp_pcb_purge
                0x100061f0       0x18 CMakeFiles/picow_http_client_verify.dir/C_/Users/S4MPA10/.pico-sdk/sdk/1.5.1/lib/lwip/src/core/tcp.c.obj
                0x100061f0                tcp_pcb_purge
 .text.tcp_pcb_remove
                0x10006208       0xc8 CMakeFiles/picow_http_client_verify.dir/C_/Users/S4MPA10/.pico-sdk/sdk/1.5.1/lib/lwip/src/core/tcp.c.obj
                0x10006208                tcp_pcb_remove
 .text.tcp_abandon
                0x100062d0      0x1a0 CMakeFiles/picow_http_client_verify.dir/C_/Users/S4MPA10/.pico-sdk/sdk/1.5.1/lib/lwip/src/core/tcp.c.obj
                0x100062d0                tcp_abandon
 .text.tcp_abort
                0x10006470        0xc CMakeFiles/picow_http_client_verify.dir/C_/Users/S4MPA10/.pico-sdk/sdk/1.5.1/lib/lwip/src/core/tcp.c.obj
                0x10006470                tcp_abort
 .text.tcp_accept_null
                0x1000647c       0x20 CMakeFiles/picow_http_client_verify.dir/C_/Users/S4MPA10/.pico-sdk/sdk/1.5.1/lib/lwip/src/core/tcp.c.obj
 .text.tcp_alloc
                0x1000649c      0x1d4 CMakeFiles/picow_http_client_verify.dir/C_/Users/S4MPA10/.pico-sdk/sdk/1.5.1/lib/lwip/src/core/tcp.c.obj
                0x1000649c                tcp_alloc
 .text.tcp_new_ip_type
                0x10006670        0xc CMakeFiles/picow_http_client_verify.dir/C_/Users/S4MPA10/.pico-sdk/sdk/1.5.1/lib/lwip/src/core/tcp.c.obj
                0x10006670                tcp_new_ip_type
 .text.tcp_close_shutdown
                0x1000667c      0x184 CMakeFiles/picow_http_client_verify.dir/C_/Users/S4MPA10/.pico-sdk/sdk/1.5.1/lib/lwip/src/core/tcp.c.obj
 .text.tcp_shutdown
                0x10006800       0x60 CMakeFiles/picow_http_client_verify.dir/C_/Users/S4MPA10/.pico-sdk/sdk/1.5.1/lib/lwip/src/core/tcp.c.obj
                0x10006800                tcp_shutdown
 .text.tcp_recv_null
                0x10006860       0xc4 CMakeFiles/picow_http_client_verify.dir/C_/Users/S4MPA10/.pico-sdk/sdk/1.5.1/lib/lwip/src/core/tcp.c.obj
                0x10006860                tcp_recv_null
 .text.tcp_process_refused_data
                0x10006924       0x74 CMakeFiles/picow_http_client_verify.dir/C_/Users/S4MPA10/.pico-sdk/sdk/1.5.1/lib/lwip/src/core/tcp.c.obj
                0x10006924                tcp_process_refused_data
 .text.tcp_fasttmr
                0x10006998       0x98 CMakeFiles/picow_http_client_verify.dir/C_/Users/S4MPA10/.pico-sdk/sdk/1.5.1/lib/lwip/src/core/tcp.c.obj
                0x10006998                tcp_fasttmr
 .text.tcp_tmr  0x10006a30       0x20 CMakeFiles/picow_http_client_verify.dir/C_/Users/S4MPA10/.pico-sdk/sdk/1.5.1/lib/lwip/src/core/tcp.c.obj
                0x10006a30                tcp_tmr
 .text.tcp_close
                0x10006a50      0x16c CMakeFiles/picow_http_client_verify.dir/C_/Users/S4MPA10/.pico-sdk/sdk/1.5.1/lib/lwip/src/core/tcp.c.obj
                0x10006a50                tcp_close
 .text.tcp_next_iss
                0x10006bbc       0x28 CMakeFiles/picow_http_client_verify.dir/C_/Users/S4MPA10/.pico-sdk/sdk/1.5.1/lib/lwip/src/core/tcp.c.obj
                0x10006bbc                tcp_next_iss
 .text.tcp_eff_send_mss_netif
                0x10006be4       0x34 CMakeFiles/picow_http_client_verify.dir/C_/Users/S4MPA10/.pico-sdk/sdk/1.5.1/lib/lwip/src/core/tcp.c.obj
                0x10006be4                tcp_eff_send_mss_netif
 .text.tcp_netif_ip_addr_changed
                0x10006c18       0x94 CMakeFiles/picow_http_client_verify.dir/C_/Users/S4MPA10/.pico-sdk/sdk/1.5.1/lib/lwip/src/core/tcp.c.obj
                0x10006c18                tcp_netif_ip_addr_changed
 .text.tcp_tcp_get_tcp_addrinfo
                0x10006cac       0x34 CMakeFiles/picow_http_client_verify.dir/C_/Users/S4MPA10/.pico-sdk/sdk/1.5.1/lib/lwip/src/core/tcp.c.obj
                0x10006cac                tcp_tcp_get_tcp_addrinfo
 .text.tcp_free_ooseq
                0x10006ce0       0x40 CMakeFiles/picow_http_client_verify.dir/C_/Users/S4MPA10/.pico-sdk/sdk/1.5.1/lib/lwip/src/core/tcp.c.obj
                0x10006ce0                tcp_free_ooseq
 .text.tcp_parseopt
                0x10006d20      0x1bc CMakeFiles/picow_http_client_verify.dir/C_/Users/S4MPA10/.pico-sdk/sdk/1.5.1/lib/lwip/src/core/tcp_in.c.obj
 .text.tcp_oos_insert_segment
                0x10006edc       0xdc CMakeFiles/picow_http_client_verify.dir/C_/Users/S4MPA10/.pico-sdk/sdk/1.5.1/lib/lwip/src/core/tcp_in.c.obj
 .text.tcp_free_acked_segments.isra.0
                0x10006fb8       0xdc CMakeFiles/picow_http_client_verify.dir/C_/Users/S4MPA10/.pico-sdk/sdk/1.5.1/lib/lwip/src/core/tcp_in.c.obj
 .text.tcp_receive
                0x10007094      0xa00 CMakeFiles/picow_http_client_verify.dir/C_/Users/S4MPA10/.pico-sdk/sdk/1.5.1/lib/lwip/src/core/tcp_in.c.obj
 .text.tcp_input
                0x10007a94      0xe50 CMakeFiles/picow_http_client_verify.dir/C_/Users/S4MPA10/.pico-sdk/sdk/1.5.1/lib/lwip/src/core/tcp_in.c.obj
                0x10007a94                tcp_input
 .text.tcp_trigger_input_pcb_close
                0x100088e4       0x10 CMakeFiles/picow_http_client_verify.dir/C_/Users/S4MPA10/.pico-sdk/sdk/1.5.1/lib/lwip/src/core/tcp_in.c.obj
                0x100088e4                tcp_trigger_input_pcb_close
 .text.tcp_create_segment
                0x100088f4       0xf8 CMakeFiles/picow_http_client_verify.dir/C_/Users/S4MPA10/.pico-sdk/sdk/1.5.1/lib/lwip/src/core/tcp_out.c.obj
 .text.tcp_output_control_segment
                0x100089ec       0xc0 CMakeFiles/picow_http_client_verify.dir/C_/Users/S4MPA10/.pico-sdk/sdk/1.5.1/lib/lwip/src/core/tcp_out.c.obj
 .text.tcp_output_alloc_header.constprop.0
                0x10008aac       0xc8 CMakeFiles/picow_http_client_verify.dir/C_/Users/S4MPA10/.pico-sdk/sdk/1.5.1/lib/lwip/src/core/tcp_out.c.obj
 .text.tcp_write
                0x10008b74      0x468 CMakeFiles/picow_http_client_verify.dir/C_/Users/S4MPA10/.pico-sdk/sdk/1.5.1/lib/lwip/src/core/tcp_out.c.obj
                0x10008b74                tcp_write
 .text.tcp_split_unsent_seg
                0x10008fdc      0x1b4 CMakeFiles/picow_http_client_verify.dir/C_/Users/S4MPA10/.pico-sdk/sdk/1.5.1/lib/lwip/src/core/tcp_out.c.obj
                0x10008fdc                tcp_split_unsent_seg
 .text.tcp_send_fin
                0x10009190      0x118 CMakeFiles/picow_http_client_verify.dir/C_/Users/S4MPA10/.pico-sdk/sdk/1.5.1/lib/lwip/src/core/tcp_out.c.obj
                0x10009190                tcp_send_fin
 .text.tcp_enqueue_flags
                0x100092a8      0x108 CMakeFiles/picow_http_client_verify.dir/C_/Users/S4MPA10/.pico-sdk/sdk/1.5.1/lib/lwip/src/core/tcp_out.c.obj
                0x100092a8                tcp_enqueue_flags
 .text.tcp_rexmit_rto_prepare
                0x100093b0       0x9c CMakeFiles/picow_http_client_verify.dir/C_/Users/S4MPA10/.pico-sdk/sdk/1.5.1/lib/lwip/src/core/tcp_out.c.obj
                0x100093b0                tcp_rexmit_rto_prepare
 .text.tcp_rexmit
                0x1000944c       0x9c CMakeFiles/picow_http_client_verify.dir/C_/Users/S4MPA10/.pico-sdk/sdk/1.5.1/lib/lwip/src/core/tcp_out.c.obj
                0x1000944c                tcp_rexmit
 .text.tcp_rexmit_fast
                0x100094e8       0x64 CMakeFiles/picow_http_client_verify.dir/C_/Users/S4MPA10/.pico-sdk/sdk/1.5.1/lib/lwip/src/core/tcp_out.c.obj
                0x100094e8                tcp_rexmit_fast
 .text.tcp_rst  0x1000954c       0xe4 CMakeFiles/picow_http_client_verify.dir/C_/Users/S4MPA10/.pico-sdk/sdk/1.5.1/lib/lwip/src/core/tcp_out.c.obj
                0x1000954c                tcp_rst
 .text.tcp_rst_netif
                0x10009630      0x12c CMakeFiles/picow_http_client_verify.dir/C_/Users/S4MPA10/.pico-sdk/sdk/1.5.1/lib/lwip/src/core/tcp_out.c.obj
                0x10009630                tcp_rst_netif
 .text.tcp_send_empty_ack
                0x1000975c       0x4c CMakeFiles/picow_http_client_verify.dir/C_/Users/S4MPA10/.pico-sdk/sdk/1.5.1/lib/lwip/src/core/tcp_out.c.obj
                0x1000975c                tcp_send_empty_ack
 .text.tcp_output
                0x100097a8      0x454 CMakeFiles/picow_http_client_verify.dir/C_/Users/S4MPA10/.pico-sdk/sdk/1.5.1/lib/lwip/src/core/tcp_out.c.obj
                0x100097a8                tcp_output
 .text.tcp_rexmit_rto_commit
                0x10009bfc       0x24 CMakeFiles/picow_http_client_verify.dir/C_/Users/S4MPA10/.pico-sdk/sdk/1.5.1/lib/lwip/src/core/tcp_out.c.obj
                0x10009bfc                tcp_rexmit_rto_commit
 .text.tcp_rexmit_rto
                0x10009c20       0xa4 CMakeFiles/picow_http_client_verify.dir/C_/Users/S4MPA10/.pico-sdk/sdk/1.5.1/lib/lwip/src/core/tcp_out.c.obj
                0x10009c20                tcp_rexmit_rto
 .text.tcp_keepalive
                0x10009cc4       0xdc CMakeFiles/picow_http_client_verify.dir/C_/Users/S4MPA10/.pico-sdk/sdk/1.5.1/lib/lwip/src/core/tcp_out.c.obj
                0x10009cc4                tcp_keepalive
 .text.tcp_zero_window_probe
                0x10009da0      0x110 CMakeFiles/picow_http_client_verify.dir/C_/Users/S4MPA10/.pico-sdk/sdk/1.5.1/lib/lwip/src/core/tcp_out.c.obj
                0x10009da0                tcp_zero_window_probe
 .text.tcpip_tcp_timer
                0x10009eb0       0x78 CMakeFiles/picow_http_client_verify.dir/C_/Users/S4MPA10/.pico-sdk/sdk/1.5.1/lib/lwip/src/core/timeouts.c.obj
 .text.lwip_cyclic_timer
                0x10009f28       0x98 CMakeFiles/picow_http_client_verify.dir/C_/Users/S4MPA10/.pico-sdk/sdk/1.5.1/lib/lwip/src/core/timeouts.c.obj
 .text.tcp_timer_needed
                0x10009fc0       0x7c CMakeFiles/picow_http_client_verify.dir/C_/Users/S4MPA10/.pico-sdk/sdk/1.5.1/lib/lwip/src/core/timeouts.c.obj
                0x10009fc0                tcp_timer_needed
 .text.sys_timeouts_init
                0x1000a03c       0x8c CMakeFiles/picow_http_client_verify.dir/C_/Users/S4MPA10/.pico-sdk/sdk/1.5.1/lib/lwip/src/core/timeouts.c.obj
                0x1000a03c                sys_timeouts_init
 .text.sys_check_timeouts
                0x1000a0c8       0x68 CMakeFiles/picow_http_client_verify.dir/C_/Users/S4MPA10/.pico-sdk/sdk/1.5.1/lib/lwip/src/core/timeouts.c.obj
                0x1000a0c8                sys_check_timeouts
 .text.sys_timeouts_sleeptime
                0x1000a130       0x28 CMakeFiles/picow_http_client_verify.dir/C_/Users/S4MPA10/.pico-sdk/sdk/1.5.1/lib/lwip/src/core/timeouts.c.obj
                0x1000a130                sys_timeouts_sleeptime
 .text.udp_init
                0x1000a158       0x20 CMakeFiles/picow_http_client_verify.dir/C_/Users/S4MPA10/.pico-sdk/sdk/1.5.1/lib/lwip/src/core/udp.c.obj
                0x1000a158                udp_init
 .text.udp_input
                0x1000a178      0x320 CMakeFiles/picow_http_client_verify.dir/C_/Users/S4MPA10/.pico-sdk/sdk/1.5.1/lib/lwip/src/core/udp.c.obj
                0x1000a178                udp_input
 .text.udp_bind
                0x1000a498      0x118 CMakeFiles/picow_http_client_verify.dir/C_/Users/S4MPA10/.pico-sdk/sdk/1.5.1/lib/lwip/src/core/udp.c.obj
                0x1000a498                udp_bind
 .text.udp_sendto_if_src
                0x1000a5b0      0x130 CMakeFiles/picow_http_client_verify.dir/C_/Users/S4MPA10/.pico-sdk/sdk/1.5.1/lib/lwip/src/core/udp.c.obj
                0x1000a5b0                udp_sendto_if_src
 .text.udp_sendto_if
                0x1000a6e0       0x48 CMakeFiles/picow_http_client_verify.dir/C_/Users/S4MPA10/.pico-sdk/sdk/1.5.1/lib/lwip/src/core/udp.c.obj
                0x1000a6e0                udp_sendto_if
 .text.udp_sendto
                0x1000a728       0x78 CMakeFiles/picow_http_client_verify.dir/C_/Users/S4MPA10/.pico-sdk/sdk/1.5.1/lib/lwip/src/core/udp.c.obj
                0x1000a728                udp_sendto
 .text.udp_connect
                0x1000a7a0       0x60 CMakeFiles/picow_http_client_verify.dir/C_/Users/S4MPA10/.pico-sdk/sdk/1.5.1/lib/lwip/src/core/udp.c.obj
                0x1000a7a0                udp_connect
 .text.udp_recv
                0x1000a800        0xc CMakeFiles/picow_http_client_verify.dir/C_/Users/S4MPA10/.pico-sdk/sdk/1.5.1/lib/lwip/src/core/udp.c.obj
                0x1000a800                udp_recv
 .text.udp_remove
                0x1000a80c       0x3c CMakeFiles/picow_http_client_verify.dir/C_/Users/S4MPA10/.pico-sdk/sdk/1.5.1/lib/lwip/src/core/udp.c.obj
                0x1000a80c                udp_remove
 .text.udp_new  0x1000a848       0x1c CMakeFiles/picow_http_client_verify.dir/C_/Users/S4MPA10/.pico-sdk/sdk/1.5.1/lib/lwip/src/core/udp.c.obj
                0x1000a848                udp_new
 .text.udp_new_ip_type
                0x1000a864       0x1c CMakeFiles/picow_http_client_verify.dir/C_/Users/S4MPA10/.pico-sdk/sdk/1.5.1/lib/lwip/src/core/udp.c.obj
                0x1000a864                udp_new_ip_type
 .text.udp_netif_ip_addr_changed
                0x1000a880       0x40 CMakeFiles/picow_http_client_verify.dir/C_/Users/S4MPA10/.pico-sdk/sdk/1.5.1/lib/lwip/src/core/udp.c.obj
                0x1000a880                udp_netif_ip_addr_changed
 .text.dhcp_create_msg
                0x1000a8c0      0x164 CMakeFiles/picow_http_client_verify.dir/C_/Users/S4MPA10/.pico-sdk/sdk/1.5.1/lib/lwip/src/core/ipv4/dhcp.c.obj
 .text.dhcp_inc_pcb_refcount
                0x1000aa24       0x6c CMakeFiles/picow_http_client_verify.dir/C_/Users/S4MPA10/.pico-sdk/sdk/1.5.1/lib/lwip/src/core/ipv4/dhcp.c.obj
 .text.dhcp_bind
                0x1000aa90      0x154 CMakeFiles/picow_http_client_verify.dir/C_/Users/S4MPA10/.pico-sdk/sdk/1.5.1/lib/lwip/src/core/ipv4/dhcp.c.obj
 .text.dhcp_option_hostname.isra.0
                0x1000abe4       0x84 CMakeFiles/picow_http_client_verify.dir/C_/Users/S4MPA10/.pico-sdk/sdk/1.5.1/lib/lwip/src/core/ipv4/dhcp.c.obj
 .text.dhcp_handle_ack.isra.0
                0x1000ac68       0xcc CMakeFiles/picow_http_client_verify.dir/C_/Users/S4MPA10/.pico-sdk/sdk/1.5.1/lib/lwip/src/core/ipv4/dhcp.c.obj
 .text.dhcp_reboot.isra.0
                0x1000ad34      0x178 CMakeFiles/picow_http_client_verify.dir/C_/Users/S4MPA10/.pico-sdk/sdk/1.5.1/lib/lwip/src/core/ipv4/dhcp.c.obj
 .text.dhcp_discover
                0x1000aeac      0x140 CMakeFiles/picow_http_client_verify.dir/C_/Users/S4MPA10/.pico-sdk/sdk/1.5.1/lib/lwip/src/core/ipv4/dhcp.c.obj
 .text.dhcp_select.isra.0
                0x1000afec      0x1e0 CMakeFiles/picow_http_client_verify.dir/C_/Users/S4MPA10/.pico-sdk/sdk/1.5.1/lib/lwip/src/core/ipv4/dhcp.c.obj
 .text.dhcp_recv
                0x1000b1cc      0x47c CMakeFiles/picow_http_client_verify.dir/C_/Users/S4MPA10/.pico-sdk/sdk/1.5.1/lib/lwip/src/core/ipv4/dhcp.c.obj
 .text.dhcp_set_struct
                0x1000b648       0x44 CMakeFiles/picow_http_client_verify.dir/C_/Users/S4MPA10/.pico-sdk/sdk/1.5.1/lib/lwip/src/core/ipv4/dhcp.c.obj
                0x1000b648                dhcp_set_struct
 .text.dhcp_network_changed_link_up
                0x1000b68c       0x40 CMakeFiles/picow_http_client_verify.dir/C_/Users/S4MPA10/.pico-sdk/sdk/1.5.1/lib/lwip/src/core/ipv4/dhcp.c.obj
                0x1000b68c                dhcp_network_changed_link_up
 .text.dhcp_renew
                0x1000b6cc      0x138 CMakeFiles/picow_http_client_verify.dir/C_/Users/S4MPA10/.pico-sdk/sdk/1.5.1/lib/lwip/src/core/ipv4/dhcp.c.obj
                0x1000b6cc                dhcp_renew
 .text.dhcp_release_and_stop
                0x1000b804      0x158 CMakeFiles/picow_http_client_verify.dir/C_/Users/S4MPA10/.pico-sdk/sdk/1.5.1/lib/lwip/src/core/ipv4/dhcp.c.obj
                0x1000b804                dhcp_release_and_stop
 .text.dhcp_start
                0x1000b95c       0xb0 CMakeFiles/picow_http_client_verify.dir/C_/Users/S4MPA10/.pico-sdk/sdk/1.5.1/lib/lwip/src/core/ipv4/dhcp.c.obj
                0x1000b95c                dhcp_start
 .text.dhcp_coarse_tmr
                0x1000ba0c      0x1d8 CMakeFiles/picow_http_client_verify.dir/C_/Users/S4MPA10/.pico-sdk/sdk/1.5.1/lib/lwip/src/core/ipv4/dhcp.c.obj
                0x1000ba0c                dhcp_coarse_tmr
 .text.dhcp_fine_tmr
                0x1000bbe4       0x78 CMakeFiles/picow_http_client_verify.dir/C_/Users/S4MPA10/.pico-sdk/sdk/1.5.1/lib/lwip/src/core/ipv4/dhcp.c.obj
                0x1000bbe4                dhcp_fine_tmr
 .text.dhcp_stop
                0x1000bc5c      0x158 CMakeFiles/picow_http_client_verify.dir/C_/Users/S4MPA10/.pico-sdk/sdk/1.5.1/lib/lwip/src/core/ipv4/dhcp.c.obj
                0x1000bc5c                dhcp_stop
 .text.etharp_find_entry
                0x1000bdb4      0x3c0 CMakeFiles/picow_http_client_verify.dir/C_/Users/S4MPA10/.pico-sdk/sdk/1.5.1/lib/lwip/src/core/ipv4/etharp.c.obj
 .text.etharp_raw
                0x1000c174       0xec CMakeFiles/picow_http_client_verify.dir/C_/Users/S4MPA10/.pico-sdk/sdk/1.5.1/lib/lwip/src/core/ipv4/etharp.c.obj
 .text.etharp_output_to_arp_index
                0x1000c260       0xd0 CMakeFiles/picow_http_client_verify.dir/C_/Users/S4MPA10/.pico-sdk/sdk/1.5.1/lib/lwip/src/core/ipv4/etharp.c.obj
 .text.etharp_tmr
                0x1000c330       0x94 CMakeFiles/picow_http_client_verify.dir/C_/Users/S4MPA10/.pico-sdk/sdk/1.5.1/lib/lwip/src/core/ipv4/etharp.c.obj
                0x1000c330                etharp_tmr
 .text.etharp_cleanup_netif
                0x1000c3c4      0x188 CMakeFiles/picow_http_client_verify.dir/C_/Users/S4MPA10/.pico-sdk/sdk/1.5.1/lib/lwip/src/core/ipv4/etharp.c.obj
                0x1000c3c4                etharp_cleanup_netif
 .text.etharp_input
                0x1000c54c      0x1b8 CMakeFiles/picow_http_client_verify.dir/C_/Users/S4MPA10/.pico-sdk/sdk/1.5.1/lib/lwip/src/core/ipv4/etharp.c.obj
                0x1000c54c                etharp_input
 .text.etharp_query
                0x1000c704      0x1b8 CMakeFiles/picow_http_client_verify.dir/C_/Users/S4MPA10/.pico-sdk/sdk/1.5.1/lib/lwip/src/core/ipv4/etharp.c.obj
                0x1000c704                etharp_query
 .text.etharp_output
                0x1000c8bc      0x24c CMakeFiles/picow_http_client_verify.dir/C_/Users/S4MPA10/.pico-sdk/sdk/1.5.1/lib/lwip/src/core/ipv4/etharp.c.obj
                0x1000c8bc                etharp_output
 .text.etharp_request
                0x1000cb08       0x2c CMakeFiles/picow_http_client_verify.dir/C_/Users/S4MPA10/.pico-sdk/sdk/1.5.1/lib/lwip/src/core/ipv4/etharp.c.obj
                0x1000cb08                etharp_request
 .text.icmp_input
                0x1000cb34      0x1ec CMakeFiles/picow_http_client_verify.dir/C_/Users/S4MPA10/.pico-sdk/sdk/1.5.1/lib/lwip/src/core/ipv4/icmp.c.obj
                0x1000cb34                icmp_input
 .text.icmp_dest_unreach
                0x1000cd20       0xcc CMakeFiles/picow_http_client_verify.dir/C_/Users/S4MPA10/.pico-sdk/sdk/1.5.1/lib/lwip/src/core/ipv4/icmp.c.obj
                0x1000cd20                icmp_dest_unreach
 .text.icmp_time_exceeded
                0x1000cdec       0xcc CMakeFiles/picow_http_client_verify.dir/C_/Users/S4MPA10/.pico-sdk/sdk/1.5.1/lib/lwip/src/core/ipv4/icmp.c.obj
                0x1000cdec                icmp_time_exceeded
 .text.ip_reass_free_complete_datagram
                0x1000ceb8      0x11c CMakeFiles/picow_http_client_verify.dir/C_/Users/S4MPA10/.pico-sdk/sdk/1.5.1/lib/lwip/src/core/ipv4/ip4_frag.c.obj
 .text.ip_reass_remove_oldest_datagram
                0x1000cfd4       0xd8 CMakeFiles/picow_http_client_verify.dir/C_/Users/S4MPA10/.pico-sdk/sdk/1.5.1/lib/lwip/src/core/ipv4/ip4_frag.c.obj
 .text.ip_reass_tmr
                0x1000d0ac       0x30 CMakeFiles/picow_http_client_verify.dir/C_/Users/S4MPA10/.pico-sdk/sdk/1.5.1/lib/lwip/src/core/ipv4/ip4_frag.c.obj
                0x1000d0ac                ip_reass_tmr
 .text.ip4_reass
                0x1000d0dc      0x560 CMakeFiles/picow_http_client_verify.dir/C_/Users/S4MPA10/.pico-sdk/sdk/1.5.1/lib/lwip/src/core/ipv4/ip4_frag.c.obj
                0x1000d0dc                ip4_reass
 .text.ip4_frag
                0x1000d63c      0x254 CMakeFiles/picow_http_client_verify.dir/C_/Users/S4MPA10/.pico-sdk/sdk/1.5.1/lib/lwip/src/core/ipv4/ip4_frag.c.obj
                0x1000d63c                ip4_frag
 .text.ip4_route
                0x1000d890       0x7c CMakeFiles/picow_http_client_verify.dir/C_/Users/S4MPA10/.pico-sdk/sdk/1.5.1/lib/lwip/src/core/ipv4/ip4.c.obj
                0x1000d890                ip4_route
 .text.ip4_input
                0x1000d90c      0x300 CMakeFiles/picow_http_client_verify.dir/C_/Users/S4MPA10/.pico-sdk/sdk/1.5.1/lib/lwip/src/core/ipv4/ip4.c.obj
                0x1000d90c                ip4_input
 .text.ip4_output_if
                0x1000dc0c      0x190 CMakeFiles/picow_http_client_verify.dir/C_/Users/S4MPA10/.pico-sdk/sdk/1.5.1/lib/lwip/src/core/ipv4/ip4.c.obj
                0x1000dc0c                ip4_output_if
 .text.ip4_output_if_src
                0x1000dd9c      0x184 CMakeFiles/picow_http_client_verify.dir/C_/Users/S4MPA10/.pico-sdk/sdk/1.5.1/lib/lwip/src/core/ipv4/ip4.c.obj
                0x1000dd9c                ip4_output_if_src
 .text.ip4_addr_isbroadcast_u32
                0x1000df20       0x3c CMakeFiles/picow_http_client_verify.dir/C_/Users/S4MPA10/.pico-sdk/sdk/1.5.1/lib/lwip/src/core/ipv4/ip4_addr.c.obj
                0x1000df20                ip4_addr_isbroadcast_u32
 .text.ip4addr_aton
                0x1000df5c      0x1a8 CMakeFiles/picow_http_client_verify.dir/C_/Users/S4MPA10/.pico-sdk/sdk/1.5.1/lib/lwip/src/core/ipv4/ip4_addr.c.obj
                0x1000df5c                ip4addr_aton
 .text.ethernet_input
                0x1000e104       0xd0 CMakeFiles/picow_http_client_verify.dir/C_/Users/S4MPA10/.pico-sdk/sdk/1.5.1/lib/lwip/src/netif/ethernet.c.obj
                0x1000e104                ethernet_input
 .text.ethernet_output
                0x1000e1d4       0x6c CMakeFiles/picow_http_client_verify.dir/C_/Users/S4MPA10/.pico-sdk/sdk/1.5.1/lib/lwip/src/netif/ethernet.c.obj
                0x1000e1d4                ethernet_output
 .text.cyw43_arch_wifi_connect_bssid_until.part.0
                0x1000e240      0x150 CMakeFiles/picow_http_client_verify.dir/C_/Users/S4MPA10/.pico-sdk/sdk/1.5.1/src/rp2_common/pico_cyw43_arch/cyw43_arch.c.obj
 .text.cyw43_arch_set_async_context
                0x1000e390        0xc CMakeFiles/picow_http_client_verify.dir/C_/Users/S4MPA10/.pico-sdk/sdk/1.5.1/src/rp2_common/pico_cyw43_arch/cyw43_arch.c.obj
                0x1000e390                cyw43_arch_set_async_context
 .text.cyw43_arch_enable_sta_mode
                0x1000e39c       0x1c CMakeFiles/picow_http_client_verify.dir/C_/Users/S4MPA10/.pico-sdk/sdk/1.5.1/src/rp2_common/pico_cyw43_arch/cyw43_arch.c.obj
                0x1000e39c                cyw43_arch_enable_sta_mode
 .text.cyw43_arch_wifi_connect_timeout_ms
                0x1000e3b8       0xa0 CMakeFiles/picow_http_client_verify.dir/C_/Users/S4MPA10/.pico-sdk/sdk/1.5.1/src/rp2_common/pico_cyw43_arch/cyw43_arch.c.obj
                0x1000e3b8                cyw43_arch_wifi_connect_timeout_ms
 .text.cyw43_arch_async_context
                0x1000e458        0xc CMakeFiles/picow_http_client_verify.dir/C_/Users/S4MPA10/.pico-sdk/sdk/1.5.1/src/rp2_common/pico_cyw43_arch/cyw43_arch.c.obj
                0x1000e458                cyw43_arch_async_context
 .text.cyw43_arch_init
                0x1000e464       0x74 CMakeFiles/picow_http_client_verify.dir/C_/Users/S4MPA10/.pico-sdk/sdk/1.5.1/src/rp2_common/pico_cyw43_arch/cyw43_arch_threadsafe_background.c.obj
                0x1000e464                cyw43_arch_init
 .text.cyw43_arch_deinit
                0x1000e4d8       0x30 CMakeFiles/picow_http_client_verify.dir/C_/Users/S4MPA10/.pico-sdk/sdk/1.5.1/src/rp2_common/pico_cyw43_arch/cyw43_arch_threadsafe_background.c.obj
                0x1000e4d8                cyw43_arch_deinit
 .text.ns_delay.constprop.0
                0x1000e508       0x20 CMakeFiles/picow_http_client_verify.dir/C_/Users/S4MPA10/.pico-sdk/sdk/1.5.1/src/rp2_common/pico_cyw43_driver/cyw43_bus_pio_spi.c.obj
 .text.cyw43_spi_deinit
                0x1000e528       0x7c CMakeFiles/picow_http_client_verify.dir/C_/Users/S4MPA10/.pico-sdk/sdk/1.5.1/src/rp2_common/pico_cyw43_driver/cyw43_bus_pio_spi.c.obj
                0x1000e528                cyw43_spi_deinit
 .text.cyw43_spi_init
                0x1000e5a4      0x14c CMakeFiles/picow_http_client_verify.dir/C_/Users/S4MPA10/.pico-sdk/sdk/1.5.1/src/rp2_common/pico_cyw43_driver/cyw43_bus_pio_spi.c.obj
                0x1000e5a4                cyw43_spi_init
 .text.cyw43_spi_transfer
                0x1000e6f0      0x3e0 CMakeFiles/picow_http_client_verify.dir/C_/Users/S4MPA10/.pico-sdk/sdk/1.5.1/src/rp2_common/pico_cyw43_driver/cyw43_bus_pio_spi.c.obj
                0x1000e6f0                cyw43_spi_transfer
 .text.cyw43_spi_gpio_setup
                0x1000ead0       0x3c CMakeFiles/picow_http_client_verify.dir/C_/Users/S4MPA10/.pico-sdk/sdk/1.5.1/src/rp2_common/pico_cyw43_driver/cyw43_bus_pio_spi.c.obj
                0x1000ead0                cyw43_spi_gpio_setup
 .text.cyw43_spi_reset
                0x1000eb0c       0x28 CMakeFiles/picow_http_client_verify.dir/C_/Users/S4MPA10/.pico-sdk/sdk/1.5.1/src/rp2_common/pico_cyw43_driver/cyw43_bus_pio_spi.c.obj
                0x1000eb0c                cyw43_spi_reset
 .text.read_reg_u32_swap
                0x1000eb34       0x3c CMakeFiles/picow_http_client_verify.dir/C_/Users/S4MPA10/.pico-sdk/sdk/1.5.1/src/rp2_common/pico_cyw43_driver/cyw43_bus_pio_spi.c.obj
                0x1000eb34                read_reg_u32_swap
 .text.cyw43_read_reg_u32
                0x1000eb70       0x50 CMakeFiles/picow_http_client_verify.dir/C_/Users/S4MPA10/.pico-sdk/sdk/1.5.1/src/rp2_common/pico_cyw43_driver/cyw43_bus_pio_spi.c.obj
                0x1000eb70                cyw43_read_reg_u32
 .text.cyw43_read_reg_u16
                0x1000ebc0       0x50 CMakeFiles/picow_http_client_verify.dir/C_/Users/S4MPA10/.pico-sdk/sdk/1.5.1/src/rp2_common/pico_cyw43_driver/cyw43_bus_pio_spi.c.obj
                0x1000ebc0                cyw43_read_reg_u16
 .text.cyw43_read_reg_u8
                0x1000ec10       0x50 CMakeFiles/picow_http_client_verify.dir/C_/Users/S4MPA10/.pico-sdk/sdk/1.5.1/src/rp2_common/pico_cyw43_driver/cyw43_bus_pio_spi.c.obj
                0x1000ec10                cyw43_read_reg_u8
 .text.write_reg_u32_swap
                0x1000ec60      0x1e8 CMakeFiles/picow_http_client_verify.dir/C_/Users/S4MPA10/.pico-sdk/sdk/1.5.1/src/rp2_common/pico_cyw43_driver/cyw43_bus_pio_spi.c.obj
                0x1000ec60                write_reg_u32_swap
 .text.cyw43_write_reg_u32
                0x1000ee48      0x208 CMakeFiles/picow_http_client_verify.dir/C_/Users/S4MPA10/.pico-sdk/sdk/1.5.1/src/rp2_common/pico_cyw43_driver/cyw43_bus_pio_spi.c.obj
                0x1000ee48                cyw43_write_reg_u32
 .text.cyw43_write_reg_u16
                0x1000f050      0x208 CMakeFiles/picow_http_client_verify.dir/C_/Users/S4MPA10/.pico-sdk/sdk/1.5.1/src/rp2_common/pico_cyw43_driver/cyw43_bus_pio_spi.c.obj
                0x1000f050                cyw43_write_reg_u16
 .text.cyw43_write_reg_u8
                0x1000f258      0x208 CMakeFiles/picow_http_client_verify.dir/C_/Users/S4MPA10/.pico-sdk/sdk/1.5.1/src/rp2_common/pico_cyw43_driver/cyw43_bus_pio_spi.c.obj
                0x1000f258                cyw43_write_reg_u8
 .text.cyw43_read_bytes
                0x1000f460       0x78 CMakeFiles/picow_http_client_verify.dir/C_/Users/S4MPA10/.pico-sdk/sdk/1.5.1/src/rp2_common/pico_cyw43_driver/cyw43_bus_pio_spi.c.obj
                0x1000f460                cyw43_read_bytes
 .text.cyw43_write_bytes
                0x1000f4d8       0xc0 CMakeFiles/picow_http_client_verify.dir/C_/Users/S4MPA10/.pico-sdk/sdk/1.5.1/src/rp2_common/pico_cyw43_driver/cyw43_bus_pio_spi.c.obj
                0x1000f4d8                cyw43_write_bytes
 .text.cyw43_set_backplane_window
                0x1000f598       0x68 CMakeFiles/picow_http_client_verify.dir/C_/Users/S4MPA10/.pico-sdk/sdk/1.5.1/lib/cyw43-driver/src/cyw43_ll.c.obj
 .text.cyw43_ll_parse_async_event
                0x1000f600      0x134 CMakeFiles/picow_http_client_verify.dir/C_/Users/S4MPA10/.pico-sdk/sdk/1.5.1/lib/cyw43-driver/src/cyw43_ll.c.obj
 .text.cyw43_kso_set
                0x1000f734       0x80 CMakeFiles/picow_http_client_verify.dir/C_/Users/S4MPA10/.pico-sdk/sdk/1.5.1/lib/cyw43-driver/src/cyw43_ll.c.obj
 .text.cyw43_ll_sdpcm_poll_device
                0x1000f7b4      0x238 CMakeFiles/picow_http_client_verify.dir/C_/Users/S4MPA10/.pico-sdk/sdk/1.5.1/lib/cyw43-driver/src/cyw43_ll.c.obj
 .text.cyw43_sdpcm_send_common
                0x1000f9ec       0xf4 CMakeFiles/picow_http_client_verify.dir/C_/Users/S4MPA10/.pico-sdk/sdk/1.5.1/lib/cyw43-driver/src/cyw43_ll.c.obj
 .text.cyw43_do_ioctl
                0x1000fae0      0x110 CMakeFiles/picow_http_client_verify.dir/C_/Users/S4MPA10/.pico-sdk/sdk/1.5.1/lib/cyw43-driver/src/cyw43_ll.c.obj
 .text.cyw43_do_ioctl.constprop.0
                0x1000fbf0      0x108 CMakeFiles/picow_http_client_verify.dir/C_/Users/S4MPA10/.pico-sdk/sdk/1.5.1/lib/cyw43-driver/src/cyw43_ll.c.obj
 .text.cyw43_read_backplane.constprop.0
                0x1000fcf8       0xe4 CMakeFiles/picow_http_client_verify.dir/C_/Users/S4MPA10/.pico-sdk/sdk/1.5.1/lib/cyw43-driver/src/cyw43_ll.c.obj
 .text.reset_device_core.constprop.0
                0x1000fddc      0x410 CMakeFiles/picow_http_client_verify.dir/C_/Users/S4MPA10/.pico-sdk/sdk/1.5.1/lib/cyw43-driver/src/cyw43_ll.c.obj
 .text.cyw43_ll_init
                0x100101ec       0x1c CMakeFiles/picow_http_client_verify.dir/C_/Users/S4MPA10/.pico-sdk/sdk/1.5.1/lib/cyw43-driver/src/cyw43_ll.c.obj
                0x100101ec                cyw43_ll_init
 .text.cyw43_ll_deinit
                0x10010208        0x8 CMakeFiles/picow_http_client_verify.dir/C_/Users/S4MPA10/.pico-sdk/sdk/1.5.1/lib/cyw43-driver/src/cyw43_ll.c.obj
                0x10010208                cyw43_ll_deinit
 .text.cyw43_ll_send_ethernet
                0x10010210       0x60 CMakeFiles/picow_http_client_verify.dir/C_/Users/S4MPA10/.pico-sdk/sdk/1.5.1/lib/cyw43-driver/src/cyw43_ll.c.obj
                0x10010210                cyw43_ll_send_ethernet
 .text.cyw43_ll_process_packets
                0x10010270       0x54 CMakeFiles/picow_http_client_verify.dir/C_/Users/S4MPA10/.pico-sdk/sdk/1.5.1/lib/cyw43-driver/src/cyw43_ll.c.obj
                0x10010270                cyw43_ll_process_packets
 .text.cyw43_ll_ioctl
                0x100102c4       0x20 CMakeFiles/picow_http_client_verify.dir/C_/Users/S4MPA10/.pico-sdk/sdk/1.5.1/lib/cyw43-driver/src/cyw43_ll.c.obj
                0x100102c4                cyw43_ll_ioctl
 .text.cyw43_ll_bus_sleep
                0x100102e4       0x34 CMakeFiles/picow_http_client_verify.dir/C_/Users/S4MPA10/.pico-sdk/sdk/1.5.1/lib/cyw43-driver/src/cyw43_ll.c.obj
                0x100102e4                cyw43_ll_bus_sleep
 .text.cyw43_ll_bus_init
                0x10010318      0xb6c CMakeFiles/picow_http_client_verify.dir/C_/Users/S4MPA10/.pico-sdk/sdk/1.5.1/lib/cyw43-driver/src/cyw43_ll.c.obj
                0x10010318                cyw43_ll_bus_init
 .text.cyw43_ll_wifi_on
                0x10010e84      0x238 CMakeFiles/picow_http_client_verify.dir/C_/Users/S4MPA10/.pico-sdk/sdk/1.5.1/lib/cyw43-driver/src/cyw43_ll.c.obj
                0x10010e84                cyw43_ll_wifi_on
 .text.cyw43_ll_wifi_get_mac
                0x100110bc       0x40 CMakeFiles/picow_http_client_verify.dir/C_/Users/S4MPA10/.pico-sdk/sdk/1.5.1/lib/cyw43-driver/src/cyw43_ll.c.obj
                0x100110bc                cyw43_ll_wifi_get_mac
 .text.cyw43_ll_wifi_pm
                0x100110fc      0x19c CMakeFiles/picow_http_client_verify.dir/C_/Users/S4MPA10/.pico-sdk/sdk/1.5.1/lib/cyw43-driver/src/cyw43_ll.c.obj
                0x100110fc                cyw43_ll_wifi_pm
 .text.cyw43_ll_wifi_join
                0x10011298      0x2ec CMakeFiles/picow_http_client_verify.dir/C_/Users/S4MPA10/.pico-sdk/sdk/1.5.1/lib/cyw43-driver/src/cyw43_ll.c.obj
                0x10011298                cyw43_ll_wifi_join
 .text.cyw43_ll_wifi_set_wpa_auth
                0x10011584       0x2c CMakeFiles/picow_http_client_verify.dir/C_/Users/S4MPA10/.pico-sdk/sdk/1.5.1/lib/cyw43-driver/src/cyw43_ll.c.obj
                0x10011584                cyw43_ll_wifi_set_wpa_auth
 .text.cyw43_ll_wifi_rejoin
                0x100115b0       0x1c CMakeFiles/picow_http_client_verify.dir/C_/Users/S4MPA10/.pico-sdk/sdk/1.5.1/lib/cyw43-driver/src/cyw43_ll.c.obj
                0x100115b0                cyw43_ll_wifi_rejoin
 .text.cyw43_ll_wifi_ap_init
                0x100115cc      0x2c0 CMakeFiles/picow_http_client_verify.dir/C_/Users/S4MPA10/.pico-sdk/sdk/1.5.1/lib/cyw43-driver/src/cyw43_ll.c.obj
                0x100115cc                cyw43_ll_wifi_ap_init
 .text.cyw43_ll_wifi_ap_set_up
                0x1001188c       0x54 CMakeFiles/picow_http_client_verify.dir/C_/Users/S4MPA10/.pico-sdk/sdk/1.5.1/lib/cyw43-driver/src/cyw43_ll.c.obj
                0x1001188c                cyw43_ll_wifi_ap_set_up
 .text.cyw43_ll_has_work
                0x100118e0       0x14 CMakeFiles/picow_http_client_verify.dir/C_/Users/S4MPA10/.pico-sdk/sdk/1.5.1/lib/cyw43-driver/src/cyw43_ll.c.obj
                0x100118e0                cyw43_ll_has_work
 .text.cyw43_netif_init
                0x100118f4       0x3c CMakeFiles/picow_http_client_verify.dir/C_/Users/S4MPA10/.pico-sdk/sdk/1.5.1/lib/cyw43-driver/src/cyw43_lwip.c.obj
 .text.cyw43_netif_output
                0x10011930       0x34 CMakeFiles/picow_http_client_verify.dir/C_/Users/S4MPA10/.pico-sdk/sdk/1.5.1/lib/cyw43-driver/src/cyw43_lwip.c.obj
 .text.cyw43_cb_tcpip_init
                0x10011964       0xf0 CMakeFiles/picow_http_client_verify.dir/C_/Users/S4MPA10/.pico-sdk/sdk/1.5.1/lib/cyw43-driver/src/cyw43_lwip.c.obj
                0x10011964                cyw43_cb_tcpip_init
 .text.cyw43_cb_tcpip_deinit
                0x10011a54       0x4c CMakeFiles/picow_http_client_verify.dir/C_/Users/S4MPA10/.pico-sdk/sdk/1.5.1/lib/cyw43-driver/src/cyw43_lwip.c.obj
                0x10011a54                cyw43_cb_tcpip_deinit
 .text.cyw43_cb_process_ethernet
                0x10011aa0       0x6c CMakeFiles/picow_http_client_verify.dir/C_/Users/S4MPA10/.pico-sdk/sdk/1.5.1/lib/cyw43-driver/src/cyw43_lwip.c.obj
                0x10011aa0                cyw43_cb_process_ethernet
 .text.cyw43_cb_tcpip_set_link_up
                0x10011b0c       0x18 CMakeFiles/picow_http_client_verify.dir/C_/Users/S4MPA10/.pico-sdk/sdk/1.5.1/lib/cyw43-driver/src/cyw43_lwip.c.obj
                0x10011b0c                cyw43_cb_tcpip_set_link_up
 .text.cyw43_cb_tcpip_set_link_down
                0x10011b24       0x18 CMakeFiles/picow_http_client_verify.dir/C_/Users/S4MPA10/.pico-sdk/sdk/1.5.1/lib/cyw43-driver/src/cyw43_lwip.c.obj
                0x10011b24                cyw43_cb_tcpip_set_link_down
 .text.cyw43_tcpip_link_status
                0x10011b3c       0x34 CMakeFiles/picow_http_client_verify.dir/C_/Users/S4MPA10/.pico-sdk/sdk/1.5.1/lib/cyw43-driver/src/cyw43_lwip.c.obj
                0x10011b3c                cyw43_tcpip_link_status
 .text.cyw43_poll_func
                0x10011b70       0xc0 CMakeFiles/picow_http_client_verify.dir/C_/Users/S4MPA10/.pico-sdk/sdk/1.5.1/lib/cyw43-driver/src/cyw43_ctrl.c.obj
 .text.cyw43_init
                0x10011c30       0x6c CMakeFiles/picow_http_client_verify.dir/C_/Users/S4MPA10/.pico-sdk/sdk/1.5.1/lib/cyw43-driver/src/cyw43_ctrl.c.obj
                0x10011c30                cyw43_init
 .text.cyw43_deinit
                0x10011c9c       0x90 CMakeFiles/picow_http_client_verify.dir/C_/Users/S4MPA10/.pico-sdk/sdk/1.5.1/lib/cyw43-driver/src/cyw43_ctrl.c.obj
                0x10011c9c                cyw43_deinit
 .text.cyw43_cb_read_host_interrupt_pin
                0x10011d2c        0xc CMakeFiles/picow_http_client_verify.dir/C_/Users/S4MPA10/.pico-sdk/sdk/1.5.1/lib/cyw43-driver/src/cyw43_ctrl.c.obj
                0x10011d2c                cyw43_cb_read_host_interrupt_pin
 .text.cyw43_cb_ensure_awake
                0x10011d38        0xc CMakeFiles/picow_http_client_verify.dir/C_/Users/S4MPA10/.pico-sdk/sdk/1.5.1/lib/cyw43-driver/src/cyw43_ctrl.c.obj
                0x10011d38                cyw43_cb_ensure_awake
 .text.cyw43_cb_process_async_event
                0x10011d44      0x214 CMakeFiles/picow_http_client_verify.dir/C_/Users/S4MPA10/.pico-sdk/sdk/1.5.1/lib/cyw43-driver/src/cyw43_ctrl.c.obj
                0x10011d44                cyw43_cb_process_async_event
 .text.cyw43_send_ethernet
                0x10011f58       0xc0 CMakeFiles/picow_http_client_verify.dir/C_/Users/S4MPA10/.pico-sdk/sdk/1.5.1/lib/cyw43-driver/src/cyw43_ctrl.c.obj
                0x10011f58                cyw43_send_ethernet
 .text.cyw43_wifi_get_mac
                0x10012018       0x10 CMakeFiles/picow_http_client_verify.dir/C_/Users/S4MPA10/.pico-sdk/sdk/1.5.1/lib/cyw43-driver/src/cyw43_ctrl.c.obj
                0x10012018                cyw43_wifi_get_mac
 .text.cyw43_wifi_set_up
                0x10012028      0x308 CMakeFiles/picow_http_client_verify.dir/C_/Users/S4MPA10/.pico-sdk/sdk/1.5.1/lib/cyw43-driver/src/cyw43_ctrl.c.obj
                0x10012028                cyw43_wifi_set_up
 .text.cyw43_wifi_link_status
                0x10012330       0x40 CMakeFiles/picow_http_client_verify.dir/C_/Users/S4MPA10/.pico-sdk/sdk/1.5.1/lib/cyw43-driver/src/cyw43_ctrl.c.obj
                0x10012330                cyw43_wifi_link_status
 .text.cyw43_wifi_join
                0x10012370       0xf4 CMakeFiles/picow_http_client_verify.dir/C_/Users/S4MPA10/.pico-sdk/sdk/1.5.1/lib/cyw43-driver/src/cyw43_ctrl.c.obj
                0x10012370                cyw43_wifi_join
 .text.pio_sm_unclaim
                0x10012464       0x20 CMakeFiles/picow_http_client_verify.dir/C_/Users/S4MPA10/.pico-sdk/sdk/1.5.1/src/rp2_common/hardware_pio/pio.c.obj
                0x10012464                pio_sm_unclaim
 .text.pio_claim_unused_sm
                0x10012484       0x3c CMakeFiles/picow_http_client_verify.dir/C_/Users/S4MPA10/.pico-sdk/sdk/1.5.1/src/rp2_common/hardware_pio/pio.c.obj
                0x10012484                pio_claim_unused_sm
 .text.pio_can_add_program
                0x100124c0       0x68 CMakeFiles/picow_http_client_verify.dir/C_/Users/S4MPA10/.pico-sdk/sdk/1.5.1/src/rp2_common/hardware_pio/pio.c.obj
                0x100124c0                pio_can_add_program
 .text.pio_add_program
                0x10012528       0xf0 CMakeFiles/picow_http_client_verify.dir/C_/Users/S4MPA10/.pico-sdk/sdk/1.5.1/src/rp2_common/hardware_pio/pio.c.obj
                0x10012528                pio_add_program
 .text.pio_remove_program
                0x10012618       0x34 CMakeFiles/picow_http_client_verify.dir/C_/Users/S4MPA10/.pico-sdk/sdk/1.5.1/src/rp2_common/hardware_pio/pio.c.obj
                0x10012618                pio_remove_program
 .text.pio_sm_set_pindirs_with_mask